Archive member included to satisfy reference by file (symbol)

/usr/lib/gcc/arm-none-eabi/14.2.1/thumb/v6-m/nofp/libgcc.a(_dvmd_tls.o)
                              CMakeFiles/interprete.dir/home/jfvera/pico/pico-sdk/src/rp2_common/pico_divider/divider_hardware.S.o (__aeabi_idiv0)
/usr/lib/gcc/arm-none-eabi/14.2.1/../../../arm-none-eabi/lib/thumb/v6-m/nofp/libg.a(libc_a-strncpy.o)
                              CMakeFiles/interprete.dir/src/main.c.o (strncpy)
/usr/lib/gcc/arm-none-eabi/14.2.1/../../../arm-none-eabi/lib/thumb/v6-m/nofp/libg.a(libc_a-strlen-stub.o)
                              CMakeFiles/interprete.dir/home/jfvera/pico/pico-sdk/src/rp2_common/pico_stdio/stdio.c.o (strlen)
/usr/lib/gcc/arm-none-eabi/14.2.1/../../../arm-none-eabi/lib/thumb/v6-m/nofp/libg.a(libc_a-strtod.o)
                              CMakeFiles/interprete.dir/src/main.c.o (strtod)
/usr/lib/gcc/arm-none-eabi/14.2.1/../../../arm-none-eabi/lib/thumb/v6-m/nofp/libg.a(libc_a-strdup.o)
                              CMakeFiles/interprete.dir/src/main.c.o (strdup)
/usr/lib/gcc/arm-none-eabi/14.2.1/../../../arm-none-eabi/lib/thumb/v6-m/nofp/libg.a(libc_a-locale.o)
                              /usr/lib/gcc/arm-none-eabi/14.2.1/../../../arm-none-eabi/lib/thumb/v6-m/nofp/libg.a(libc_a-strtod.o) (__global_locale)
/usr/lib/gcc/arm-none-eabi/14.2.1/../../../arm-none-eabi/lib/thumb/v6-m/nofp/libg.a(libc_a-gdtoa-gethex.o)
                              /usr/lib/gcc/arm-none-eabi/14.2.1/../../../arm-none-eabi/lib/thumb/v6-m/nofp/libg.a(libc_a-strtod.o) (__gethex)
/usr/lib/gcc/arm-none-eabi/14.2.1/../../../arm-none-eabi/lib/thumb/v6-m/nofp/libg.a(libc_a-mbtowc_r.o)
                              /usr/lib/gcc/arm-none-eabi/14.2.1/../../../arm-none-eabi/lib/thumb/v6-m/nofp/libg.a(libc_a-locale.o) (__ascii_mbtowc)
/usr/lib/gcc/arm-none-eabi/14.2.1/../../../arm-none-eabi/lib/thumb/v6-m/nofp/libg.a(libc_a-fini.o)
                              /usr/lib/gcc/arm-none-eabi/14.2.1/../../../arm-none-eabi/lib/thumb/v6-m/nofp/crt0.o (__libc_fini_array)
/usr/lib/gcc/arm-none-eabi/14.2.1/../../../arm-none-eabi/lib/thumb/v6-m/nofp/libg.a(libc_a-strncmp.o)
                              /usr/lib/gcc/arm-none-eabi/14.2.1/../../../arm-none-eabi/lib/thumb/v6-m/nofp/libg.a(libc_a-strtod.o) (strncmp)
/usr/lib/gcc/arm-none-eabi/14.2.1/../../../arm-none-eabi/lib/thumb/v6-m/nofp/libg.a(libc_a-calloc.o)
                              CMakeFiles/interprete.dir/home/jfvera/pico/pico-sdk/src/rp2_common/pico_malloc/malloc.c.o (calloc)
/usr/lib/gcc/arm-none-eabi/14.2.1/../../../arm-none-eabi/lib/thumb/v6-m/nofp/libg.a(libc_a-strcasecmp.o)
                              CMakeFiles/interprete.dir/src/main.c.o (strcasecmp)
/usr/lib/gcc/arm-none-eabi/14.2.1/../../../arm-none-eabi/lib/thumb/v6-m/nofp/libg.a(libc_a-callocr.o)
                              /usr/lib/gcc/arm-none-eabi/14.2.1/../../../arm-none-eabi/lib/thumb/v6-m/nofp/libg.a(libc_a-calloc.o) (_calloc_r)
/usr/lib/gcc/arm-none-eabi/14.2.1/../../../arm-none-eabi/lib/thumb/v6-m/nofp/libg.a(libc_a-realloc.o)
                              CMakeFiles/interprete.dir/home/jfvera/pico/pico-sdk/src/rp2_common/pico_malloc/malloc.c.o (realloc)
/usr/lib/gcc/arm-none-eabi/14.2.1/../../../arm-none-eabi/lib/thumb/v6-m/nofp/libg.a(libc_a-strdup_r.o)
                              /usr/lib/gcc/arm-none-eabi/14.2.1/../../../arm-none-eabi/lib/thumb/v6-m/nofp/libg.a(libc_a-strdup.o) (_strdup_r)
/usr/lib/gcc/arm-none-eabi/14.2.1/../../../arm-none-eabi/lib/thumb/v6-m/nofp/libg.a(libc_a-mallocr.o)
                              /usr/lib/gcc/arm-none-eabi/14.2.1/../../../arm-none-eabi/lib/thumb/v6-m/nofp/libg.a(libc_a-callocr.o) (_malloc_r)
/usr/lib/gcc/arm-none-eabi/14.2.1/../../../arm-none-eabi/lib/thumb/v6-m/nofp/libg.a(libc_a-freer.o)
                              /usr/lib/gcc/arm-none-eabi/14.2.1/../../../arm-none-eabi/lib/thumb/v6-m/nofp/libg.a(libc_a-mallocr.o) (_free_r)
/usr/lib/gcc/arm-none-eabi/14.2.1/../../../arm-none-eabi/lib/thumb/v6-m/nofp/libg.a(libc_a-memcmp.o)
                              CMakeFiles/interprete.dir/home/jfvera/pico/pico-sdk/src/rp2_common/pico_atomic/atomic.c.o (memcmp)
/usr/lib/gcc/arm-none-eabi/14.2.1/../../../arm-none-eabi/lib/thumb/v6-m/nofp/libg.a(libc_a-atoi.o)
                              CMakeFiles/interprete.dir/src/main.c.o (atoi)
/usr/lib/gcc/arm-none-eabi/14.2.1/../../../arm-none-eabi/lib/thumb/v6-m/nofp/libg.a(libc_a-strtol.o)
                              /usr/lib/gcc/arm-none-eabi/14.2.1/../../../arm-none-eabi/lib/thumb/v6-m/nofp/libg.a(libc_a-atoi.o) (_strtol_r)
/usr/lib/gcc/arm-none-eabi/14.2.1/../../../arm-none-eabi/lib/thumb/v6-m/nofp/libg.a(libc_a-wctomb_r.o)
                              /usr/lib/gcc/arm-none-eabi/14.2.1/../../../arm-none-eabi/lib/thumb/v6-m/nofp/libg.a(libc_a-locale.o) (__ascii_wctomb)
/usr/lib/gcc/arm-none-eabi/14.2.1/../../../arm-none-eabi/lib/thumb/v6-m/nofp/libg.a(libc_a-errno.o)
[...]
Memory Configuration

Name             Origin             Length             Attributes
FLASH            0x10000000         0x00200000         xr
RAM              0x20000000         0x00040000         xrw
SCRATCH_X        0x20040000         0x00001000         xrw
SCRATCH_Y        0x20041000         0x00001000         xrw
*default*        0x00000000         0xffffffff

Linker script and memory map

LOAD /usr/lib/gcc/arm-none-eabi/14.2.1/thumb/v6-m/nofp/crti.o
LOAD /usr/lib/gcc/arm-none-eabi/14.2.1/thumb/v6-m/nofp/crtbegin.o
LOAD /usr/lib/gcc/arm-none-eabi/14.2.1/../../../arm-none-eabi/lib/thumb/v6-m/nofp/crt0.o

.flash_begin    0x10000000        0x0
                0x10000000                        __flash_binary_start = .

.boot2          0x10000000      0x100
                0x10000000                        __boot2_start__ = .
 *(.boot2)
 .boot2         0x10000000      0x100 pico-sdk/src/rp2040/boot_stage2/CMakeFiles/bs2_default_library.dir/bs2_default_padded_checksummed.S.o
                0x10000100                        __boot2_end__ = .
                0x00000001                        ASSERT (((__boot2_end__ - __boot2_start__) == 0x100), ERROR: Pico second stage bootloader must be 256 bytes in size)

.text           0x10000100     0xaef0
                0x10000100                        __logical_binary_start = .
 *(.vectors)
 .vectors       0x10000100       0xd4 CMakeFiles/interprete.dir/home/jfvera/pico/pico-sdk/src/rp2_common/pico_crt0/crt0.S.o
                0x10000100                __vectors
                0x10000100                __VECTOR_TABLE
                0x100001c0                isr_irq30
                0x100001c0                __unhandled_user_irq
                0x100001c0                isr_irq13
                0x100001c0                isr_irq27
                0x100001c0                isr_irq31
                0x100001c0                isr_irq5
                0x100001c0                isr_irq11
                0x100001c0                isr_irq23
                0x100001c0                isr_irq18
                0x100001c0                isr_irq28
                0x100001c0                isr_irq19
                0x100001c0                isr_irq0
                0x100001c0                isr_irq6
                0x100001c0                isr_irq22
                0x100001c0                isr_irq17
                0x100001c0                isr_irq14
                0x100001c0                __vectors_end
                0x100001c0                __default_isrs_start
                0x100001c0                isr_irq2
                0x100001c0                isr_irq10
                0x100001c0                isr_irq8
                0x100001c0                isr_irq24
                0x100001c0                isr_irq1
                0x100001c0                isr_irq7
                0x100001c0                isr_irq21
                0x100001c0                isr_irq20
                0x100001c0                isr_irq15
                0x100001c0                isr_irq25
                0x100001c0                isr_irq4
                0x100001c0                isr_irq16
                0x100001c0                isr_irq29
                0x100001c0                isr_irq26
                0x100001c0                isr_irq3
                0x100001c0                isr_irq12
                0x100001c0                isr_irq9
                0x100001c6                unhandled_user_irq_num_in_r0
                0x100001c8                isr_invalid
                0x100001ca                isr_nmi
                0x100001cc                isr_hardfault
                0x100001ce                isr_svcall
                0x100001d0                isr_pendsv
                0x100001d2                isr_systick
                0x100001d4                __default_isrs_end
 *(.binary_info_header)
 .binary_info_header
                0x100001d4       0x14 CMakeFiles/interprete.dir/home/jfvera/pico/pico-sdk/src/rp2_common/pico_crt0/crt0.S.o
                0x100001e8                        __binary_info_header_end = .
 *(.embedded_block)
                0x100001e8                        __embedded_block_end = .
 *(.reset)
 .reset         0x100001e8       0x9c CMakeFiles/interprete.dir/home/jfvera/pico/pico-sdk/src/rp2_common/pico_crt0/crt0.S.o
                0x100001e8                _entry_point
 *(.init)
 .init          0x10000284        0x4 /usr/lib/gcc/arm-none-eabi/14.2.1/thumb/v6-m/nofp/crti.o
                0x10000284                _init
 *(EXCLUDE_FILE(*libm.a: *libc.a:*lib_a-mem*.o *libgcc.a:) .text*)
 .text          0x10000288       0x98 /usr/lib/gcc/arm-none-eabi/14.2.1/thumb/v6-m/nofp/crtbegin.o
 .text.evaluar_expresion
                0x10000320       0xd4 CMakeFiles/interprete.dir/src/main.c.o
                0x10000320                evaluar_expresion
 .text.evaluar_factor
                0x100003f4      0x178 CMakeFiles/interprete.dir/src/main.c.o
                0x100003f4                evaluar_factor
 .text.evaluar_termino
                0x1000056c       0xcc CMakeFiles/interprete.dir/src/main.c.o
                0x1000056c                evaluar_termino
 .text.establecer_variable
                0x10000638       0xd4 CMakeFiles/interprete.dir/src/main.c.o
                0x10000638                establecer_variable
 .text.ejecutar_print
                0x1000070c      0x120 CMakeFiles/interprete.dir/src/main.c.o
                0x1000070c                ejecutar_print
 .text.ejecutar_let
                0x1000082c      0x10c CMakeFiles/interprete.dir/src/main.c.o
                0x1000082c                ejecutar_let
 .text.interpretar_linea
                0x10000938      0x3cc CMakeFiles/interprete.dir/src/main.c.o
                0x10000938                interpretar_linea
 .text.ejecutar_interprete
                0x10000d04       0xd0 CMakeFiles/interprete.dir/src/main.c.o
                0x10000d04                ejecutar_interprete
 .text.startup.main
                0x10000dd4       0x14 CMakeFiles/interprete.dir/src/main.c.o
                0x10000dd4                main
 .text.gpio_set_function
                0x10000de8       0x34 CMakeFiles/interprete.dir/home/jfvera/pico/pico-sdk/src/rp2_common/hardware_gpio/gpio.c.o
                0x10000de8                gpio_set_function
 .text.rp2040_chip_version
                0x10000e1c        0xc CMakeFiles/interprete.dir/home/jfvera/pico/pico-sdk/src/rp2040/pico_platform/platform.c.o
                0x10000e1c                rp2040_chip_version
 .text.panic    0x10000e28       0x30 CMakeFiles/interprete.dir/home/jfvera/pico/pico-sdk/src/rp2_common/pico_platform_panic/panic.c.o
                0x10000e28                panic
 .text.hw_claim_or_assert
                0x10000e58       0x44 CMakeFiles/interprete.dir/home/jfvera/pico/pico-sdk/src/common/hardware_claim/claim.c.o
                0x10000e58                hw_claim_or_assert
 .text.hw_claim_unused_from_range
                0x10000e9c       0x88 CMakeFiles/interprete.dir/home/jfvera/pico/pico-sdk/src/common/hardware_claim/claim.c.o
                0x10000e9c                hw_claim_unused_from_range
 .text.next_striped_spin_lock_num
                0x10000f24       0x18 CMakeFiles/interprete.dir/home/jfvera/pico/pico-sdk/src/rp2_common/hardware_sync/sync.c.o
                0x10000f24                next_striped_spin_lock_num
 .text.spin_lock_claim_unused
                0x10000f3c       0x24 CMakeFiles/interprete.dir/home/jfvera/pico/pico-sdk/src/rp2_common/hardware_sync/sync.c.o
                0x10000f3c                spin_lock_claim_unused
 .text.spin_locks_reset
                0x10000f60       0x1c CMakeFiles/interprete.dir/home/jfvera/pico/pico-sdk/src/rp2_common/hardware_sync_spin_lock/sync_spin_lock.c.o
                0x10000f60                spin_locks_reset
 .text.runtime_init_per_core_irq_priorities
                0x10000f7c       0x24 CMakeFiles/interprete.dir/home/jfvera/pico/pico-sdk/src/rp2_common/hardware_irq/irq.c.o
                0x10000f7c                runtime_init_per_core_irq_priorities
 .text.irq_set_enabled
                0x10000fa0       0x24 CMakeFiles/interprete.dir/home/jfvera/pico/pico-sdk/src/rp2_common/hardware_irq/irq.c.o
                0x10000fa0                irq_set_enabled
 .text.irq_is_enabled
                0x10000fc4       0x18 CMakeFiles/interprete.dir/home/jfvera/pico/pico-sdk/src/rp2_common/hardware_irq/irq.c.o
                0x10000fc4                irq_is_enabled
 .text.irq_set_pending
                0x10000fdc       0x10 CMakeFiles/interprete.dir/home/jfvera/pico/pico-sdk/src/rp2_common/hardware_irq/irq.c.o
                0x10000fdc                irq_set_pending
 .text.irq_has_shared_handler
                0x10000fec       0x24 CMakeFiles/interprete.dir/home/jfvera/pico/pico-sdk/src/rp2_common/hardware_irq/irq.c.o
                0x10000fec                irq_has_shared_handler
 .text.irq_set_exclusive_handler
                0x10001010       0x54 CMakeFiles/interprete.dir/home/jfvera/pico/pico-sdk/src/rp2_common/hardware_irq/irq.c.o
                0x10001010                irq_set_exclusive_handler
 .text.irq_add_shared_handler
                0x10001064      0x1f4 CMakeFiles/interprete.dir/home/jfvera/pico/pico-sdk/src/rp2_common/hardware_irq/irq.c.o
                0x10001064                irq_add_shared_handler
 .text.irq_remove_handler
                0x10001258      0x1d4 CMakeFiles/interprete.dir/home/jfvera/pico/pico-sdk/src/rp2_common/hardware_irq/irq.c.o
                0x10001258                irq_remove_handler
 .text.irq_add_tail_to_free_list
                0x1000142c       0xb4 CMakeFiles/interprete.dir/home/jfvera/pico/pico-sdk/src/rp2_common/hardware_irq/irq.c.o
                0x1000142c                irq_add_tail_to_free_list
 .text.user_irq_claim_unused
                0x100014e0       0x2c CMakeFiles/interprete.dir/home/jfvera/pico/pico-sdk/src/rp2_common/hardware_irq/irq.c.o
                0x100014e0                user_irq_claim_unused
 .text.lock_init
                0x1000150c       0x10 CMakeFiles/interprete.dir/home/jfvera/pico/pico-sdk/src/common/pico_sync/lock_core.c.o
                0x1000150c                lock_init
 .text.runtime_init_mutex
                0x1000151c       0x50 CMakeFiles/interprete.dir/home/jfvera/pico/pico-sdk/src/common/pico_sync/mutex.c.o
                0x1000151c                runtime_init_mutex
 .text.mutex_init
                0x1000156c       0x1c CMakeFiles/interprete.dir/home/jfvera/pico/pico-sdk/src/common/pico_sync/mutex.c.o
                0x1000156c                mutex_init
 .text.critical_section_init
                0x10001588       0x1c CMakeFiles/interprete.dir/home/jfvera/pico/pico-sdk/src/common/pico_sync/critical_section.c.o
                0x10001588                critical_section_init
 .text.critical_section_init_with_lock_num
                0x100015a4       0x14 CMakeFiles/interprete.dir/home/jfvera/pico/pico-sdk/src/common/pico_sync/critical_section.c.o
                0x100015a4                critical_section_init_with_lock_num
 .text.sleep_until_callback
                0x100015b8       0x30 CMakeFiles/interprete.dir/home/jfvera/pico/pico-sdk/src/common/pico_time/time.c.o
 .text.alarm_pool_irq_handler
                0x100015e8      0x300 CMakeFiles/interprete.dir/home/jfvera/pico/pico-sdk/src/common/pico_time/time.c.o
 .text.runtime_init_default_alarm_pool
                0x100018e8       0xdc CMakeFiles/interprete.dir/home/jfvera/pico/pico-sdk/src/common/pico_time/time.c.o
                0x100018e8                runtime_init_default_alarm_pool
 .text.alarm_pool_get_default
                0x100019c4        0x8 CMakeFiles/interprete.dir/home/jfvera/pico/pico-sdk/src/common/pico_time/time.c.o
                0x100019c4                alarm_pool_get_default
 .text.alarm_pool_add_alarm_at
                0x100019cc       0xd0 CMakeFiles/interprete.dir/home/jfvera/pico/pico-sdk/src/common/pico_time/time.c.o
                0x100019cc                alarm_pool_add_alarm_at
 .text.alarm_pool_add_alarm_at_force_in_context
                0x10001a9c       0xb0 CMakeFiles/interprete.dir/home/jfvera/pico/pico-sdk/src/common/pico_time/time.c.o
                0x10001a9c                alarm_pool_add_alarm_at_force_in_context
 .text.alarm_pool_cancel_alarm
                0x10001b4c       0x74 CMakeFiles/interprete.dir/home/jfvera/pico/pico-sdk/src/common/pico_time/time.c.o
                0x10001b4c                alarm_pool_cancel_alarm
 .text.alarm_pool_core_num
                0x10001bc0        0x4 CMakeFiles/interprete.dir/home/jfvera/pico/pico-sdk/src/common/pico_time/time.c.o
                0x10001bc0                alarm_pool_core_num
 .text.sleep_ms
                0x10001bc4       0xfc CMakeFiles/interprete.dir/home/jfvera/pico/pico-sdk/src/common/pico_time/time.c.o
                0x10001bc4                sleep_ms
 .text.best_effort_wfe_or_timeout
                0x10001cc0      0x10c CMakeFiles/interprete.dir/home/jfvera/pico/pico-sdk/src/common/pico_time/time.c.o
                0x10001cc0                best_effort_wfe_or_timeout
 .text.timer_hardware_alarm_claim
                0x10001dcc       0x14 CMakeFiles/interprete.dir/home/jfvera/pico/pico-sdk/src/rp2_common/hardware_timer/timer.c.o
                0x10001dcc                timer_hardware_alarm_claim
 .text.timer_time_us_64
                0x10001de0       0x10 CMakeFiles/interprete.dir/home/jfvera/pico/pico-sdk/src/rp2_common/hardware_timer/timer.c.o
                0x10001de0                timer_time_us_64
 .text.time_us_64
                0x10001df0       0x14 CMakeFiles/interprete.dir/home/jfvera/pico/pico-sdk/src/rp2_common/hardware_timer/timer.c.o
                0x10001df0                time_us_64
 .text.busy_wait_us
                0x10001e04       0x68 CMakeFiles/interprete.dir/home/jfvera/pico/pico-sdk/src/rp2_common/hardware_timer/timer.c.o
                0x10001e04                busy_wait_us
 .text.busy_wait_until
                0x10001e6c       0x20 CMakeFiles/interprete.dir/home/jfvera/pico/pico-sdk/src/rp2_common/hardware_timer/timer.c.o
                0x10001e6c                busy_wait_until
 .text.uart_init
                0x10001e8c      0x120 CMakeFiles/interprete.dir/home/jfvera/pico/pico-sdk/src/rp2_common/hardware_uart/uart.c.o
                0x10001e8c                uart_init
 .text.clock_configure_int_divider
                0x10001fac       0xf4 CMakeFiles/interprete.dir/home/jfvera/pico/pico-sdk/src/rp2_common/hardware_clocks/clocks.c.o
                0x10001fac                clock_configure_int_divider
 .text.clock_configure_undivided
                0x100020a0       0xe8 CMakeFiles/interprete.dir/home/jfvera/pico/pico-sdk/src/rp2_common/hardware_clocks/clocks.c.o
                0x100020a0                clock_configure_undivided
 .text.clock_get_hz
                0x10002188        0xc CMakeFiles/interprete.dir/home/jfvera/pico/pico-sdk/src/rp2_common/hardware_clocks/clocks.c.o
                0x10002188                clock_get_hz
 .text.pll_init
                0x10002194       0xa4 CMakeFiles/interprete.dir/home/jfvera/pico/pico-sdk/src/rp2_common/hardware_pll/pll.c.o
                0x10002194                pll_init
 .text.watchdog_reboot
                0x10002238       0x9c CMakeFiles/interprete.dir/home/jfvera/pico/pico-sdk/src/rp2_common/hardware_watchdog/watchdog.c.o
                0x10002238                watchdog_reboot
 .text.tick_start
                0x100022d4       0x10 CMakeFiles/interprete.dir/home/jfvera/pico/pico-sdk/src/rp2_common/hardware_ticks/ticks.c.o
                0x100022d4                tick_start
 .text.rom_func_lookup
                0x100022e4       0x10 CMakeFiles/interprete.dir/home/jfvera/pico/pico-sdk/src/rp2_common/pico_bootrom/bootrom.c.o
                0x100022e4                rom_func_lookup
 .text.rom_data_lookup
                0x100022f4       0x10 CMakeFiles/interprete.dir/home/jfvera/pico/pico-sdk/src/rp2_common/pico_bootrom/bootrom.c.o
                0x100022f4                rom_data_lookup
 .text.rom_funcs_lookup
                0x10002304       0x44 CMakeFiles/interprete.dir/home/jfvera/pico/pico-sdk/src/rp2_common/pico_bootrom/bootrom.c.o
                0x10002304                rom_funcs_lookup
 .text.rom_reset_usb_boot_extra
                0x10002348       0x24 CMakeFiles/interprete.dir/home/jfvera/pico/pico-sdk/src/rp2_common/pico_bootrom/bootrom.c.o
                0x10002348                rom_reset_usb_boot_extra
 .text.xosc_init
                0x1000236c       0x28 CMakeFiles/interprete.dir/home/jfvera/pico/pico-sdk/src/rp2_common/hardware_xosc/xosc.c.o
                0x1000236c                xosc_init
 .text.first_per_core_initializer
                0x10002394        0x4 CMakeFiles/interprete.dir/home/jfvera/pico/pico-sdk/src/rp2_common/pico_runtime/runtime.c.o
 .text.hard_assertion_failure
                0x10002398        0xc CMakeFiles/interprete.dir/home/jfvera/pico/pico-sdk/src/rp2_common/pico_runtime/runtime.c.o
                0x10002398                hard_assertion_failure
 .text.runtime_run_initializers
                0x100023a4       0x28 CMakeFiles/interprete.dir/home/jfvera/pico/pico-sdk/src/rp2_common/pico_runtime/runtime.c.o
                0x100023a4                runtime_run_initializers
 .text.runtime_init_early_resets
                0x100023cc       0x2c CMakeFiles/interprete.dir/home/jfvera/pico/pico-sdk/src/rp2_common/pico_runtime_init/runtime_init.c.o
                0x100023cc                runtime_init_early_resets
 .text.runtime_init_usb_power_down
                0x100023f8       0x1c CMakeFiles/interprete.dir/home/jfvera/pico/pico-sdk/src/rp2_common/pico_runtime_init/runtime_init.c.o
                0x100023f8                runtime_init_usb_power_down
 .text.runtime_init_post_clock_resets
                0x10002414       0x20 CMakeFiles/interprete.dir/home/jfvera/pico/pico-sdk/src/rp2_common/pico_runtime_init/runtime_init.c.o
                0x10002414                runtime_init_post_clock_resets
 .text.runtime_init_rp2040_gpio_ie_disable
                0x10002434       0x14 CMakeFiles/interprete.dir/home/jfvera/pico/pico-sdk/src/rp2_common/pico_runtime_init/runtime_init.c.o
                0x10002434                runtime_init_rp2040_gpio_ie_disable
 .text.runtime_init_spin_locks_reset
                0x10002448        0x8 CMakeFiles/interprete.dir/home/jfvera/pico/pico-sdk/src/rp2_common/pico_runtime_init/runtime_init.c.o
                0x10002448                runtime_init_spin_locks_reset
 .text.runtime_init_install_ram_vector_table
                0x10002450       0xb4 CMakeFiles/interprete.dir/home/jfvera/pico/pico-sdk/src/rp2_common/pico_runtime_init/runtime_init.c.o
                0x10002450                runtime_init_install_ram_vector_table
 .text.runtime_init_clocks
                0x10002504       0xd8 CMakeFiles/interprete.dir/home/jfvera/pico/pico-sdk/src/rp2_common/pico_runtime_init/runtime_init_clocks.c.o
                0x10002504                runtime_init_clocks
 .text          0x100025dc       0x10 CMakeFiles/interprete.dir/home/jfvera/pico/pico-sdk/src/rp2_common/pico_bit_ops/bit_ops_aeabi.S.o
 .text.__wrap___aeabi_idiv
                0x100025ec       0x50 CMakeFiles/interprete.dir/home/jfvera/pico/pico-sdk/src/rp2_common/pico_divider/divider_hardware.S.o
                0x100025ec                __wrap___aeabi_idivmod
                0x100025ec                divmod_s32s32
                0x100025ec                div_s32s32
                0x100025ec                __wrap___aeabi_idiv
                0x100025f4                divmod_s32s32_unsafe
                0x10002620                divmod_s32s32_savestate
 .text.__wrap___aeabi_uidiv
                0x1000263c       0x4c CMakeFiles/interprete.dir/home/jfvera/pico/pico-sdk/src/rp2_common/pico_divider/divider_hardware.S.o
                0x1000263c                __wrap___aeabi_uidiv
                0x1000263c                __wrap___aeabi_uidivmod
                0x1000263c                div_u32u32
                0x1000263c                divmod_u32u32
                0x10002644                divmod_u32u32_unsafe
                0x1000266c                divmod_u32u32_savestate
 .text.__wrap___aeabi_ldiv
                0x10002688      0x424 CMakeFiles/interprete.dir/home/jfvera/pico/pico-sdk/src/rp2_common/pico_divider/divider_hardware.S.o
                0x10002688                div_s64s64
                0x10002688                divmod_s64s64
                0x10002688                __wrap___aeabi_ldivmod
                0x100026b8                div_u64u64
                0x100026b8                divmod_u64u64
                0x100026b8                __wrap___aeabi_uldivmod
                0x100026c8                divmod_u64u64_savestate
                0x100026e8                divmod_s64s64_unsafe
                0x10002770                divmod_u64u64_unsafe
 .text.__wrap___aeabi_darithmetic
                0x10002aac       0x80 CMakeFiles/interprete.dir/home/jfvera/pico/pico-sdk/src/rp2_common/pico_double/double_aeabi_rp2040.S.o
                0x10002aac                __wrap___aeabi_drsub
                0x10002ab2                __wrap___aeabi_dsub
                0x10002ac4                __wrap___aeabi_dadd
                0x10002ad6                __wrap___aeabi_ddiv
                0x10002b12                __wrap___aeabi_dmul
 .text.__wrap___aeabi_cdcmple
                0x10002b2c       0x6c CMakeFiles/interprete.dir/home/jfvera/pico/pico-sdk/src/rp2_common/pico_double/double_aeabi_rp2040.S.o
                0x10002b2c                __wrap___aeabi_cdrcmple
                0x10002b3c                __wrap___aeabi_cdcmple
                0x10002b3c                __wrap___aeabi_cdcmpeq
 .text.__wrap___aeabi_dcmpeq
                0x10002b98       0x10 CMakeFiles/interprete.dir/home/jfvera/pico/pico-sdk/src/rp2_common/pico_double/double_aeabi_rp2040.S.o
                0x10002b98                __wrap___aeabi_dcmpeq
 .text.__wrap___aeabi_dcmplt
                0x10002ba8        0xc CMakeFiles/interprete.dir/home/jfvera/pico/pico-sdk/src/rp2_common/pico_double/double_aeabi_rp2040.S.o
                0x10002ba8                __wrap___aeabi_dcmplt
 .text.__wrap___aeabi_dcmple
                0x10002bb4       0x10 CMakeFiles/interprete.dir/home/jfvera/pico/pico-sdk/src/rp2_common/pico_double/double_aeabi_rp2040.S.o
                0x10002bb4                __wrap___aeabi_dcmple
 .text.__wrap___aeabi_dcmpge
                0x10002bc4       0x10 CMakeFiles/interprete.dir/home/jfvera/pico/pico-sdk/src/rp2_common/pico_double/double_aeabi_rp2040.S.o
                0x10002bc4                __wrap___aeabi_dcmpge
 .text.__wrap___aeabi_dcmpgt
                0x10002bd4        0xa CMakeFiles/interprete.dir/home/jfvera/pico/pico-sdk/src/rp2_common/pico_double/double_aeabi_rp2040.S.o
                0x10002bd4                __wrap___aeabi_dcmpgt
 .text.__wrap___aeabi_dcmpun
                0x10002bde       0x18 CMakeFiles/interprete.dir/home/jfvera/pico/pico-sdk/src/rp2_common/pico_double/double_aeabi_rp2040.S.o
                0x10002bde                __wrap___aeabi_dcmpun
 *fill*         0x10002bf6        0x2 
 .text.__wrap___aeabi_i2d
                0x10002bf8       0x38 CMakeFiles/interprete.dir/home/jfvera/pico/pico-sdk/src/rp2_common/pico_double/double_aeabi_rp2040.S.o
                0x10002bf8                __wrap___aeabi_ui2d
                0x10002bf8                uint2double
                0x10002c00                __wrap___aeabi_i2d
                0x10002c00                int2double
 .text.__wrap___aeabi_d2iz
                0x10002c30       0x48 CMakeFiles/interprete.dir/home/jfvera/pico/pico-sdk/src/rp2_common/pico_double/double_aeabi_rp2040.S.o
                0x10002c30                __wrap___aeabi_d2iz
                0x10002c30                double2int_z
 .text.__wrap___aeabi_d2uiz
                0x10002c78       0x18 CMakeFiles/interprete.dir/home/jfvera/pico/pico-sdk/src/rp2_common/pico_double/double_aeabi_rp2040.S.o
                0x10002c78                double2uint_z
                0x10002c78                double2uint
                0x10002c78                __wrap___aeabi_d2uiz
 .text.__wrap___aeabi_l2d
                0x10002c90       0x18 CMakeFiles/interprete.dir/home/jfvera/pico/pico-sdk/src/rp2_common/pico_double/double_aeabi_rp2040.S.o
                0x10002c90                __wrap___aeabi_l2d
                0x10002c90                int642double
 .text.__wrap___aeabi_d2lz
                0x10002ca8       0x26 CMakeFiles/interprete.dir/home/jfvera/pico/pico-sdk/src/rp2_common/pico_double/double_aeabi_rp2040.S.o
                0x10002ca8                __wrap___aeabi_d2lz
                0x10002ca8                double2int64_z
 *fill*         0x10002cce        0x2 
 .text.double2int64
                0x10002cd0       0x18 CMakeFiles/interprete.dir/home/jfvera/pico/pico-sdk/src/rp2_common/pico_double/double_aeabi_rp2040.S.o
                0x10002cd0                double2int64
 .text.double2ufix64
                0x10002ce8       0x18 CMakeFiles/interprete.dir/home/jfvera/pico/pico-sdk/src/rp2_common/pico_double/double_aeabi_rp2040.S.o
                0x10002ce8                double2ufix64
                0x10002ce8                double2ufix64_z
 .text.__wrap___aeabi_d2f
                0x10002d00       0x18 CMakeFiles/interprete.dir/home/jfvera/pico/pico-sdk/src/rp2_common/pico_double/double_aeabi_rp2040.S.o
                0x10002d00                __wrap___aeabi_d2f
 .text.__aeabi_double_init
                0x10002d18       0xa4 CMakeFiles/interprete.dir/home/jfvera/pico/pico-sdk/src/rp2_common/pico_double/double_init_rom_rp2040.c.o
                0x10002d18                __aeabi_double_init
 .text.double_table_shim_on_use_helper
                0x10002dbc       0x2c CMakeFiles/interprete.dir/home/jfvera/pico/pico-sdk/src/rp2_common/pico_double/double_v1_rom_shim_rp2040.S.o
                0x10002dbc                double_table_shim_on_use_helper
 .text.__wrap___aeabi_dsub
                0x10002de8       0x10 CMakeFiles/interprete.dir/home/jfvera/pico/pico-sdk/src/rp2_common/pico_double/double_v1_rom_shim_rp2040.S.o
                0x10002de8                drsub_shim
                0x10002dee                dsub_shim
 .text.dadd_shim
                0x10002df8      0x15c CMakeFiles/interprete.dir/home/jfvera/pico/pico-sdk/src/rp2_common/pico_double/double_v1_rom_shim_rp2040.S.o
                0x10002df8                dadd_shim
 .text.dmul_shim
                0x10002f54      0x15c CMakeFiles/interprete.dir/home/jfvera/pico/pico-sdk/src/rp2_common/pico_double/double_v1_rom_shim_rp2040.S.o
                0x10002f54                dmul_shim
 .text.ddiv_shim
                0x100030b0      0x1b0 CMakeFiles/interprete.dir/home/jfvera/pico/pico-sdk/src/rp2_common/pico_double/double_v1_rom_shim_rp2040.S.o
                0x100030b0                ddiv_shim
 .text.double2uint_shim
                0x10003260        0xe CMakeFiles/interprete.dir/home/jfvera/pico/pico-sdk/src/rp2_common/pico_double/double_v1_rom_shim_rp2040.S.o
                0x10003260                double2uint_shim
                0x10003262                double2ufix_shim
 .text.double2int64_shim
                0x1000326e       0x1a CMakeFiles/interprete.dir/home/jfvera/pico/pico-sdk/src/rp2_common/pico_double/double_v1_rom_shim_rp2040.S.o
                0x1000326e                double2int64_shim
                0x10003270                double2fix64_shim
 .text.double2uint64_shim
                0x10003288       0x70 CMakeFiles/interprete.dir/home/jfvera/pico/pico-sdk/src/rp2_common/pico_double/double_v1_rom_shim_rp2040.S.o
                0x10003288                double2uint64_shim
                0x1000328a                double2ufix64_shim
                0x100032aa                d2fix_a
 .text.double2float_shim
                0x100032f8       0x5c CMakeFiles/interprete.dir/home/jfvera/pico/pico-sdk/src/rp2_common/pico_double/double_v1_rom_shim_rp2040.S.o
                0x100032f8                double2float_shim
 .text.x2double_shims
                0x10003354       0x90 CMakeFiles/interprete.dir/home/jfvera/pico/pico-sdk/src/rp2_common/pico_double/double_v1_rom_shim_rp2040.S.o
                0x10003354                uint2double_shim
                0x10003356                ufix2double_shim
                0x1000335c                int2double_shim
                0x1000335e                fix2double_shim
                0x10003364                uint642double_shim
                0x10003366                ufix642double_shim
                0x1000336c                int642double_shim
                0x1000336e                fix642double_shim
 .text.dunpacks
                0x100033e4       0x3c CMakeFiles/interprete.dir/home/jfvera/pico/pico-sdk/src/rp2_common/pico_double/double_v1_rom_shim_rp2040.S.o
                0x100033e4                dunpacks
 .text.__aeabi_lmul
                0x10003420       0x32 CMakeFiles/interprete.dir/home/jfvera/pico/pico-sdk/src/rp2_common/pico_int64_ops/pico_int64_ops_aeabi.S.o
                0x10003420                __wrap___aeabi_lmul
 *fill*         0x10003452        0x2 
 .text.__wrap___aeabi_cfcmple
                0x10003454       0x50 CMakeFiles/interprete.dir/home/jfvera/pico/pico-sdk/src/rp2_common/pico_float/float_aeabi_rp2040.S.o
                0x10003454                __wrap___aeabi_cfrcmple
                0x10003460                __wrap___aeabi_cfcmpeq
                0x10003460                __wrap___aeabi_cfcmple
 .text.__wrap___aeabi_fcmple
                0x100034a4       0x10 CMakeFiles/interprete.dir/home/jfvera/pico/pico-sdk/src/rp2_common/pico_float/float_aeabi_rp2040.S.o
                0x100034a4                __wrap___aeabi_fcmple
 .text.__wrap___aeabi_fcmpun
                0x100034b4       0x18 CMakeFiles/interprete.dir/home/jfvera/pico/pico-sdk/src/rp2_common/pico_float/float_aeabi_rp2040.S.o
                0x100034b4                __wrap___aeabi_fcmpun
 .text.__aeabi_float_init
                0x100034cc       0x64 CMakeFiles/interprete.dir/home/jfvera/pico/pico-sdk/src/rp2_common/pico_float/float_init_rom_rp2040.c.o
                0x100034cc                __aeabi_float_init
 .text.float_table_shim_on_use_helper
                0x10003530       0x2c CMakeFiles/interprete.dir/home/jfvera/pico/pico-sdk/src/rp2_common/pico_float/float_v1_rom_shim_rp2040.S.o
                0x10003530                float_table_shim_on_use_helper
 .text.__wrap_free
                0x1000355c        0x8 CMakeFiles/interprete.dir/home/jfvera/pico/pico-sdk/src/rp2_common/pico_malloc/malloc.c.o
                0x1000355c                __wrap_free
 .text          0x10003564       0x10 CMakeFiles/interprete.dir/home/jfvera/pico/pico-sdk/src/rp2_common/pico_mem_ops/mem_ops_aeabi.S.o
                0x10003564                __aeabi_mem_init
 .text.memset   0x10003574        0xc CMakeFiles/interprete.dir/home/jfvera/pico/pico-sdk/src/rp2_common/pico_mem_ops/mem_ops_aeabi.S.o
                0x10003574                __wrap_memset
 .text.memcpy   0x10003580        0xc CMakeFiles/interprete.dir/home/jfvera/pico/pico-sdk/src/rp2_common/pico_mem_ops/mem_ops_aeabi.S.o
                0x10003580                __wrap___aeabi_memcpy
                0x10003580                __wrap_memcpy
 .text._out_buffer
                0x1000358c        0x8 CMakeFiles/interprete.dir/home/jfvera/pico/pico-sdk/src/rp2_common/pico_printf/printf.c.o
 .text._out_null
                0x10003594        0x4 CMakeFiles/interprete.dir/home/jfvera/pico/pico-sdk/src/rp2_common/pico_printf/printf.c.o
 .text._out_rev
                0x10003598       0xac CMakeFiles/interprete.dir/home/jfvera/pico/pico-sdk/src/rp2_common/pico_printf/printf.c.o
 .text._ntoa_format
                0x10003644      0x1cc CMakeFiles/interprete.dir/home/jfvera/pico/pico-sdk/src/rp2_common/pico_printf/printf.c.o
 .text._out_char
                0x10003810       0x10 CMakeFiles/interprete.dir/home/jfvera/pico/pico-sdk/src/rp2_common/pico_printf/printf.c.o
 .text._ftoa    0x10003820      0x4a8 CMakeFiles/interprete.dir/home/jfvera/pico/pico-sdk/src/rp2_common/pico_printf/printf.c.o
 .text._etoa    0x10003cc8      0x57c CMakeFiles/interprete.dir/home/jfvera/pico/pico-sdk/src/rp2_common/pico_printf/printf.c.o
 .text._vsnprintf
                0x10004244      0xbe0 CMakeFiles/interprete.dir/home/jfvera/pico/pico-sdk/src/rp2_common/pico_printf/printf.c.o
 .text.__wrap_sprintf
                0x10004e24       0x2c CMakeFiles/interprete.dir/home/jfvera/pico/pico-sdk/src/rp2_common/pico_printf/printf.c.o
                0x10004e24                __wrap_sprintf
 .text.weak_raw_printf
                0x10004e50       0x40 CMakeFiles/interprete.dir/home/jfvera/pico/pico-sdk/src/rp2_common/pico_printf/printf.c.o
                0x10004e50                weak_raw_printf
 .text.weak_raw_vprintf
                0x10004e90       0x30 CMakeFiles/interprete.dir/home/jfvera/pico/pico-sdk/src/rp2_common/pico_printf/printf.c.o
                0x10004e90                weak_raw_vprintf
 .text._exit    0x10004ec0        0x4 CMakeFiles/interprete.dir/home/jfvera/pico/pico-sdk/src/rp2_common/pico_clib_interface/newlib_interface.c.o
                0x10004ec0                _exit
 .text._sbrk    0x10004ec4       0x34 CMakeFiles/interprete.dir/home/jfvera/pico/pico-sdk/src/rp2_common/pico_clib_interface/newlib_interface.c.o
                0x10004ec4                _sbrk
 .text.exit     0x10004ef8        0x8 CMakeFiles/interprete.dir/home/jfvera/pico/pico-sdk/src/rp2_common/pico_clib_interface/newlib_interface.c.o
                0x10004ef8                exit
 .text.__assert_func
                0x10004f00       0x38 CMakeFiles/interprete.dir/home/jfvera/pico/pico-sdk/src/rp2_common/pico_clib_interface/newlib_interface.c.o
                0x10004f00                __assert_func
 .text.runtime_init
                0x10004f38       0x2c CMakeFiles/interprete.dir/home/jfvera/pico/pico-sdk/src/rp2_common/pico_clib_interface/newlib_interface.c.o
                0x10004f38                runtime_init
 .text.stdio_out_chars_no_crlf
                0x10004f64       0x10 CMakeFiles/interprete.dir/home/jfvera/pico/pico-sdk/src/rp2_common/pico_stdio/stdio.c.o
 .text.stdio_out_chars_crlf
                0x10004f74       0xb0 CMakeFiles/interprete.dir/home/jfvera/pico/pico-sdk/src/rp2_common/pico_stdio/stdio.c.o
 .text.stdio_put_string
                0x10005024       0xfc CMakeFiles/interprete.dir/home/jfvera/pico/pico-sdk/src/rp2_common/pico_stdio/stdio.c.o
                0x10005024                stdio_put_string
 .text.stdio_set_driver_enabled
                0x10005120       0x30 CMakeFiles/interprete.dir/home/jfvera/pico/pico-sdk/src/rp2_common/pico_stdio/stdio.c.o
                0x10005120                stdio_set_driver_enabled
 .text.stdio_init_all
                0x10005150       0x10 CMakeFiles/interprete.dir/home/jfvera/pico/pico-sdk/src/rp2_common/pico_stdio/stdio.c.o
                0x10005150                stdio_init_all
 .text.__wrap_putchar
                0x10005160       0x94 CMakeFiles/interprete.dir/home/jfvera/pico/pico-sdk/src/rp2_common/pico_stdio/stdio.c.o
                0x10005160                stdio_putchar
                0x10005160                __wrap_putchar
 .text.__wrap_puts
                0x100051f4       0x3c CMakeFiles/interprete.dir/home/jfvera/pico/pico-sdk/src/rp2_common/pico_stdio/stdio.c.o
                0x100051f4                __wrap_puts
                0x100051f4                stdio_puts
 .text.stdio_uart_out_chars
                0x10005230       0x4c CMakeFiles/interprete.dir/home/jfvera/pico/pico-sdk/src/rp2_common/pico_stdio_uart/stdio_uart.c.o
 .text.stdio_uart_in_chars
                0x1000527c       0x90 CMakeFiles/interprete.dir/home/jfvera/pico/pico-sdk/src/rp2_common/pico_stdio_uart/stdio_uart.c.o
                0x1000527c                stdio_uart_in_chars
 .text.on_uart_rx
                0x1000530c       0x28 CMakeFiles/interprete.dir/home/jfvera/pico/pico-sdk/src/rp2_common/pico_stdio_uart/stdio_uart.c.o
 .text.stdio_uart_out_flush
                0x10005334       0x14 CMakeFiles/interprete.dir/home/jfvera/pico/pico-sdk/src/rp2_common/pico_stdio_uart/stdio_uart.c.o
 .text.stdio_uart_set_chars_available_callback
                0x10005348       0x84 CMakeFiles/interprete.dir/home/jfvera/pico/pico-sdk/src/rp2_common/pico_stdio_uart/stdio_uart.c.o
 .text.stdio_uart_init
                0x100053cc       0x50 CMakeFiles/interprete.dir/home/jfvera/pico/pico-sdk/src/rp2_common/pico_stdio_uart/stdio_uart.c.o
                0x100053cc                stdio_uart_init
 .text.resetd_init
                0x1000541c        0x4 CMakeFiles/interprete.dir/home/jfvera/pico/pico-sdk/src/rp2_common/pico_stdio_usb/reset_interface.c.o
 .text.resetd_reset
                0x10005420        0xc CMakeFiles/interprete.dir/home/jfvera/pico/pico-sdk/src/rp2_common/pico_stdio_usb/reset_interface.c.o
 .text.resetd_open
                0x1000542c       0x28 CMakeFiles/interprete.dir/home/jfvera/pico/pico-sdk/src/rp2_common/pico_stdio_usb/reset_interface.c.o
 .text.resetd_xfer_cb
                0x10005454        0x4 CMakeFiles/interprete.dir/home/jfvera/pico/pico-sdk/src/rp2_common/pico_stdio_usb/reset_interface.c.o
 .text.resetd_control_xfer_cb
                0x10005458       0x54 CMakeFiles/interprete.dir/home/jfvera/pico/pico-sdk/src/rp2_common/pico_stdio_usb/reset_interface.c.o
 .text.tud_descriptor_bos_cb
                0x100054ac        0x8 CMakeFiles/interprete.dir/home/jfvera/pico/pico-sdk/src/rp2_common/pico_stdio_usb/reset_interface.c.o
                0x100054ac                tud_descriptor_bos_cb
 .text.tud_vendor_control_xfer_cb
                0x100054b4       0x34 CMakeFiles/interprete.dir/home/jfvera/pico/pico-sdk/src/rp2_common/pico_stdio_usb/reset_interface.c.o
                0x100054b4                tud_vendor_control_xfer_cb
 .text.usbd_app_driver_get_cb
                0x100054e8        0xc CMakeFiles/interprete.dir/home/jfvera/pico/pico-sdk/src/rp2_common/pico_stdio_usb/reset_interface.c.o
                0x100054e8                usbd_app_driver_get_cb
 .text.tud_cdc_line_coding_cb
                0x100054f4       0x2c CMakeFiles/interprete.dir/home/jfvera/pico/pico-sdk/src/rp2_common/pico_stdio_usb/reset_interface.c.o
                0x100054f4                tud_cdc_line_coding_cb
 .text.stdio_usb_set_chars_available_callback
                0x10005520       0x14 CMakeFiles/interprete.dir/home/jfvera/pico/pico-sdk/src/rp2_common/pico_stdio_usb/stdio_usb.c.o
                0x10005520                stdio_usb_set_chars_available_callback
 .text.usb_irq  0x10005534       0x10 CMakeFiles/interprete.dir/home/jfvera/pico/pico-sdk/src/rp2_common/pico_stdio_usb/stdio_usb.c.o
 .text.timer_task
                0x10005544       0x64 CMakeFiles/interprete.dir/home/jfvera/pico/pico-sdk/src/rp2_common/pico_stdio_usb/stdio_usb.c.o
 .text.stdio_usb_in_chars
                0x100055a8       0x8c CMakeFiles/interprete.dir/home/jfvera/pico/pico-sdk/src/rp2_common/pico_stdio_usb/stdio_usb.c.o
                0x100055a8                stdio_usb_in_chars
 .text.stdio_usb_out_flush
                0x10005634       0x4c CMakeFiles/interprete.dir/home/jfvera/pico/pico-sdk/src/rp2_common/pico_stdio_usb/stdio_usb.c.o
 .text.stdio_usb_out_chars
                0x10005680      0x100 CMakeFiles/interprete.dir/home/jfvera/pico/pico-sdk/src/rp2_common/pico_stdio_usb/stdio_usb.c.o
 .text.low_priority_worker_irq
                0x10005780       0xc8 CMakeFiles/interprete.dir/home/jfvera/pico/pico-sdk/src/rp2_common/pico_stdio_usb/stdio_usb.c.o
 .text.stdio_usb_init
                0x10005848       0xe8 CMakeFiles/interprete.dir/home/jfvera/pico/pico-sdk/src/rp2_common/pico_stdio_usb/stdio_usb.c.o
                0x10005848                stdio_usb_init
 .text.tud_descriptor_device_cb
                0x10005930        0x8 CMakeFiles/interprete.dir/home/jfvera/pico/pico-sdk/src/rp2_common/pico_stdio_usb/stdio_usb_descriptors.c.o
                0x10005930                tud_descriptor_device_cb
 .text.tud_descriptor_configuration_cb
                0x10005938        0x8 CMakeFiles/interprete.dir/home/jfvera/pico/pico-sdk/src/rp2_common/pico_stdio_usb/stdio_usb_descriptors.c.o
                0x10005938                tud_descriptor_configuration_cb
 .text.tud_descriptor_string_cb
                0x10005940       0x78 CMakeFiles/interprete.dir/home/jfvera/pico/pico-sdk/src/rp2_common/pico_stdio_usb/stdio_usb_descriptors.c.o
                0x10005940                tud_descriptor_string_cb
 .text.startup._retrieve_unique_id_on_boot
                0x100059b8       0x10 CMakeFiles/interprete.dir/home/jfvera/pico/pico-sdk/src/rp2_common/pico_unique_id/unique_id.c.o
 .text.pico_get_unique_board_id_string
                0x100059c8      0x1a8 CMakeFiles/interprete.dir/home/jfvera/pico/pico-sdk/src/rp2_common/pico_unique_id/unique_id.c.o
                0x100059c8                pico_get_unique_board_id_string
 .text.flash_get_unique_id
                0x10005b70       0x3c CMakeFiles/interprete.dir/home/jfvera/pico/pico-sdk/src/rp2_common/hardware_flash/flash.c.o
                0x10005b70                flash_get_unique_id
 .text.dcd_init
                0x10005bac       0x90 CMakeFiles/interprete.dir/home/jfvera/pico/pico-sdk/lib/tinyusb/src/portable/raspberrypi/rp2040/dcd_rp2040.c.o
                0x10005bac                dcd_init
 .text.dcd_int_enable
                0x10005c3c        0xc CMakeFiles/interprete.dir/home/jfvera/pico/pico-sdk/lib/tinyusb/src/portable/raspberrypi/rp2040/dcd_rp2040.c.o
                0x10005c3c                dcd_int_enable
 .text.dcd_set_address
                0x10005c48       0x14 CMakeFiles/interprete.dir/home/jfvera/pico/pico-sdk/lib/tinyusb/src/portable/raspberrypi/rp2040/dcd_rp2040.c.o
                0x10005c48                dcd_set_address
 .text.dcd_sof_enable
                0x10005c5c       0x1c CMakeFiles/interprete.dir/home/jfvera/pico/pico-sdk/lib/tinyusb/src/portable/raspberrypi/rp2040/dcd_rp2040.c.o
                0x10005c5c                dcd_sof_enable
 .text.dcd_edpt0_status_complete
                0x10005c78       0x1c CMakeFiles/interprete.dir/home/jfvera/pico/pico-sdk/lib/tinyusb/src/portable/raspberrypi/rp2040/dcd_rp2040.c.o
                0x10005c78                dcd_edpt0_status_complete
 .text.dcd_edpt_open
                0x10005c94      0x114 CMakeFiles/interprete.dir/home/jfvera/pico/pico-sdk/lib/tinyusb/src/portable/raspberrypi/rp2040/dcd_rp2040.c.o
                0x10005c94                dcd_edpt_open
 .text.dcd_edpt_close_all
                0x10005da8        0x8 CMakeFiles/interprete.dir/home/jfvera/pico/pico-sdk/lib/tinyusb/src/portable/raspberrypi/rp2040/dcd_rp2040.c.o
                0x10005da8                dcd_edpt_close_all
 .text.dcd_edpt_xfer
                0x10005db0       0x24 CMakeFiles/interprete.dir/home/jfvera/pico/pico-sdk/lib/tinyusb/src/portable/raspberrypi/rp2040/dcd_rp2040.c.o
                0x10005db0                dcd_edpt_xfer
 .text.dcd_edpt_stall
                0x10005dd4       0x3c CMakeFiles/interprete.dir/home/jfvera/pico/pico-sdk/lib/tinyusb/src/portable/raspberrypi/rp2040/dcd_rp2040.c.o
                0x10005dd4                dcd_edpt_stall
 .text.dcd_edpt_clear_stall
                0x10005e10       0x30 CMakeFiles/interprete.dir/home/jfvera/pico/pico-sdk/lib/tinyusb/src/portable/raspberrypi/rp2040/dcd_rp2040.c.o
                0x10005e10                dcd_edpt_clear_stall
 .text.rp2040_usb_init
                0x10005e40       0x40 CMakeFiles/interprete.dir/home/jfvera/pico/pico-sdk/lib/tinyusb/src/portable/raspberrypi/rp2040/rp2040_usb.c.o
                0x10005e40                rp2040_usb_init
 .text.hw_endpoint_xfer_start
                0x10005e80       0x40 CMakeFiles/interprete.dir/home/jfvera/pico/pico-sdk/lib/tinyusb/src/portable/raspberrypi/rp2040/rp2040_usb.c.o
                0x10005e80                hw_endpoint_xfer_start
 .text.tud_event_hook_cb
                0x10005ec0        0x4 CMakeFiles/interprete.dir/home/jfvera/pico/pico-sdk/lib/tinyusb/src/device/usbd.c.o
                0x10005ec0                tud_event_hook_cb
 .text.tud_sof_cb
                0x10005ec4        0x4 CMakeFiles/interprete.dir/home/jfvera/pico/pico-sdk/lib/tinyusb/src/device/usbd.c.o
                0x10005ec4                tud_sof_cb
 .text.tud_descriptor_device_qualifier_cb
                0x10005ec8        0x4 CMakeFiles/interprete.dir/home/jfvera/pico/pico-sdk/lib/tinyusb/src/device/usbd.c.o
                0x10005ec8                tud_descriptor_device_qualifier_cb
 .text.tud_descriptor_other_speed_configuration_cb
                0x10005ecc        0x4 CMakeFiles/interprete.dir/home/jfvera/pico/pico-sdk/lib/tinyusb/src/device/usbd.c.o
                0x10005ecc                tud_descriptor_other_speed_configuration_cb
 .text.tud_mount_cb
                0x10005ed0        0x4 CMakeFiles/interprete.dir/home/jfvera/pico/pico-sdk/lib/tinyusb/src/device/usbd.c.o
                0x10005ed0                tud_mount_cb
 .text.tud_umount_cb
                0x10005ed4        0x4 CMakeFiles/interprete.dir/home/jfvera/pico/pico-sdk/lib/tinyusb/src/device/usbd.c.o
                0x10005ed4                tud_umount_cb
 .text.tud_suspend_cb
                0x10005ed8        0x4 CMakeFiles/interprete.dir/home/jfvera/pico/pico-sdk/lib/tinyusb/src/device/usbd.c.o
                0x10005ed8                tud_suspend_cb
 .text.tud_resume_cb
                0x10005edc        0x4 CMakeFiles/interprete.dir/home/jfvera/pico/pico-sdk/lib/tinyusb/src/device/usbd.c.o
                0x10005edc                tud_resume_cb
 .text.tud_mounted
                0x10005ee0       0x10 CMakeFiles/interprete.dir/home/jfvera/pico/pico-sdk/lib/tinyusb/src/device/usbd.c.o
                0x10005ee0                tud_mounted
 .text.tud_suspended
                0x10005ef0       0x10 CMakeFiles/interprete.dir/home/jfvera/pico/pico-sdk/lib/tinyusb/src/device/usbd.c.o
                0x10005ef0                tud_suspended
 .text.tud_rhport_init
                0x10005f00       0xf4 CMakeFiles/interprete.dir/home/jfvera/pico/pico-sdk/lib/tinyusb/src/device/usbd.c.o
                0x10005f00                tud_rhport_init
 .text.tud_task_ext
                0x10005ff4      0x800 CMakeFiles/interprete.dir/home/jfvera/pico/pico-sdk/lib/tinyusb/src/device/usbd.c.o
                0x10005ff4                tud_task_ext
 .text.usbd_open_edpt_pair
                0x100067f4       0x9c CMakeFiles/interprete.dir/home/jfvera/pico/pico-sdk/lib/tinyusb/src/device/usbd.c.o
                0x100067f4                usbd_open_edpt_pair
 .text.usbd_edpt_open
                0x10006890       0x34 CMakeFiles/interprete.dir/home/jfvera/pico/pico-sdk/lib/tinyusb/src/device/usbd.c.o
                0x10006890                usbd_edpt_open
 .text.usbd_edpt_claim
                0x100068c4       0x28 CMakeFiles/interprete.dir/home/jfvera/pico/pico-sdk/lib/tinyusb/src/device/usbd.c.o
                0x100068c4                usbd_edpt_claim
 .text.usbd_edpt_release
                0x100068ec       0x28 CMakeFiles/interprete.dir/home/jfvera/pico/pico-sdk/lib/tinyusb/src/device/usbd.c.o
                0x100068ec                usbd_edpt_release
 .text.usbd_edpt_xfer
                0x10006914       0x4c CMakeFiles/interprete.dir/home/jfvera/pico/pico-sdk/lib/tinyusb/src/device/usbd.c.o
                0x10006914                usbd_edpt_xfer
 .text.tud_control_status
                0x10006960       0x2c CMakeFiles/interprete.dir/home/jfvera/pico/pico-sdk/lib/tinyusb/src/device/usbd_control.c.o
                0x10006960                tud_control_status
 .text.tud_control_xfer
                0x1000698c       0xa8 CMakeFiles/interprete.dir/home/jfvera/pico/pico-sdk/lib/tinyusb/src/device/usbd_control.c.o
                0x1000698c                tud_control_xfer
 .text.usbd_control_reset
                0x10006a34       0x14 CMakeFiles/interprete.dir/home/jfvera/pico/pico-sdk/lib/tinyusb/src/device/usbd_control.c.o
                0x10006a34                usbd_control_reset
 .text.usbd_control_set_complete_callback
                0x10006a48        0xc CMakeFiles/interprete.dir/home/jfvera/pico/pico-sdk/lib/tinyusb/src/device/usbd_control.c.o
                0x10006a48                usbd_control_set_complete_callback
 .text.usbd_control_set_request
                0x10006a54       0x1c CMakeFiles/interprete.dir/home/jfvera/pico/pico-sdk/lib/tinyusb/src/device/usbd_control.c.o
                0x10006a54                usbd_control_set_request
 .text.usbd_control_xfer_cb
                0x10006a70       0xec CMakeFiles/interprete.dir/home/jfvera/pico/pico-sdk/lib/tinyusb/src/device/usbd_control.c.o
                0x10006a70                usbd_control_xfer_cb
 .text._prep_out_transaction.isra.0
                0x10006b5c       0x6c CMakeFiles/interprete.dir/home/jfvera/pico/pico-sdk/lib/tinyusb/src/class/cdc/cdc_device.c.o
 .text.tud_cdc_n_connected
                0x10006bc8       0x2c CMakeFiles/interprete.dir/home/jfvera/pico/pico-sdk/lib/tinyusb/src/class/cdc/cdc_device.c.o
                0x10006bc8                tud_cdc_n_connected
 .text.tud_cdc_n_available
                0x10006bf4       0x14 CMakeFiles/interprete.dir/home/jfvera/pico/pico-sdk/lib/tinyusb/src/class/cdc/cdc_device.c.o
                0x10006bf4                tud_cdc_n_available
 .text.tud_cdc_n_read
                0x10006c08       0x88 CMakeFiles/interprete.dir/home/jfvera/pico/pico-sdk/lib/tinyusb/src/class/cdc/cdc_device.c.o
                0x10006c08                tud_cdc_n_read
 .text.tud_cdc_n_write_flush
                0x10006c90       0x74 CMakeFiles/interprete.dir/home/jfvera/pico/pico-sdk/lib/tinyusb/src/class/cdc/cdc_device.c.o
                0x10006c90                tud_cdc_n_write_flush
 .text.tud_cdc_n_write
                0x10006d04       0x40 CMakeFiles/interprete.dir/home/jfvera/pico/pico-sdk/lib/tinyusb/src/class/cdc/cdc_device.c.o
                0x10006d04                tud_cdc_n_write
 .text.tud_cdc_n_write_available
                0x10006d44       0x14 CMakeFiles/interprete.dir/home/jfvera/pico/pico-sdk/lib/tinyusb/src/class/cdc/cdc_device.c.o
                0x10006d44                tud_cdc_n_write_available
 .text.cdcd_init
                0x10006d58       0x70 CMakeFiles/interprete.dir/home/jfvera/pico/pico-sdk/lib/tinyusb/src/class/cdc/cdc_device.c.o
                0x10006d58                cdcd_init
 .text.cdcd_deinit
                0x10006dc8       0x30 CMakeFiles/interprete.dir/home/jfvera/pico/pico-sdk/lib/tinyusb/src/class/cdc/cdc_device.c.o
                0x10006dc8                cdcd_deinit
 .text.cdcd_reset
                0x10006df8       0x4c CMakeFiles/interprete.dir/home/jfvera/pico/pico-sdk/lib/tinyusb/src/class/cdc/cdc_device.c.o
                0x10006df8                cdcd_reset
 .text.cdcd_open
                0x10006e44       0xa4 CMakeFiles/interprete.dir/home/jfvera/pico/pico-sdk/lib/tinyusb/src/class/cdc/cdc_device.c.o
                0x10006e44                cdcd_open
 .text.cdcd_control_xfer_cb
                0x10006ee8       0xe8 CMakeFiles/interprete.dir/home/jfvera/pico/pico-sdk/lib/tinyusb/src/class/cdc/cdc_device.c.o
                0x10006ee8                cdcd_control_xfer_cb
 .text.cdcd_xfer_cb
                0x10006fd0      0x100 CMakeFiles/interprete.dir/home/jfvera/pico/pico-sdk/lib/tinyusb/src/class/cdc/cdc_device.c.o
                0x10006fd0                cdcd_xfer_cb
 .text.vendord_init
                0x100070d0       0x5c CMakeFiles/interprete.dir/home/jfvera/pico/pico-sdk/lib/tinyusb/src/class/vendor/vendor_device.c.o
                0x100070d0                vendord_init
 .text.vendord_deinit
                0x1000712c       0x1c CMakeFiles/interprete.dir/home/jfvera/pico/pico-sdk/lib/tinyusb/src/class/vendor/vendor_device.c.o
                0x1000712c                vendord_deinit
 .text.vendord_reset
                0x10007148       0x28 CMakeFiles/interprete.dir/home/jfvera/pico/pico-sdk/lib/tinyusb/src/class/vendor/vendor_device.c.o
                0x10007148                vendord_reset
 .text.vendord_open
                0x10007170      0x120 CMakeFiles/interprete.dir/home/jfvera/pico/pico-sdk/lib/tinyusb/src/class/vendor/vendor_device.c.o
                0x10007170                vendord_open
 .text.vendord_xfer_cb
                0x10007290       0x9c CMakeFiles/interprete.dir/home/jfvera/pico/pico-sdk/lib/tinyusb/src/class/vendor/vendor_device.c.o
                0x10007290                vendord_xfer_cb
 .text.tusb_rhport_init
                0x1000732c       0x4c CMakeFiles/interprete.dir/home/jfvera/pico/pico-sdk/lib/tinyusb/src/tusb.c.o
                0x1000732c                tusb_rhport_init
 .text.tu_edpt_claim
                0x10007378       0x50 CMakeFiles/interprete.dir/home/jfvera/pico/pico-sdk/lib/tinyusb/src/tusb.c.o
                0x10007378                tu_edpt_claim
 .text.tu_edpt_release
                0x100073c8       0x38 CMakeFiles/interprete.dir/home/jfvera/pico/pico-sdk/lib/tinyusb/src/tusb.c.o
                0x100073c8                tu_edpt_release
 .text.tu_edpt_validate
                0x10007400       0x7c CMakeFiles/interprete.dir/home/jfvera/pico/pico-sdk/lib/tinyusb/src/tusb.c.o
                0x10007400                tu_edpt_validate
 .text.tu_edpt_bind_driver
                0x1000747c       0x34 CMakeFiles/interprete.dir/home/jfvera/pico/pico-sdk/lib/tinyusb/src/tusb.c.o
                0x1000747c                tu_edpt_bind_driver
 .text.tu_edpt_stream_init
                0x100074b0       0x6c CMakeFiles/interprete.dir/home/jfvera/pico/pico-sdk/lib/tinyusb/src/tusb.c.o
                0x100074b0                tu_edpt_stream_init
 .text.tu_edpt_stream_deinit
                0x1000751c        0x4 CMakeFiles/interprete.dir/home/jfvera/pico/pico-sdk/lib/tinyusb/src/tusb.c.o
                0x1000751c                tu_edpt_stream_deinit
 .text.tu_edpt_stream_write_zlp_if_needed
                0x10007520       0x68 CMakeFiles/interprete.dir/home/jfvera/pico/pico-sdk/lib/tinyusb/src/tusb.c.o
                0x10007520                tu_edpt_stream_write_zlp_if_needed
 .text.tu_edpt_stream_write_xfer
                0x10007588       0x68 CMakeFiles/interprete.dir/home/jfvera/pico/pico-sdk/lib/tinyusb/src/tusb.c.o
                0x10007588                tu_edpt_stream_write_xfer
 .text.tu_edpt_stream_read_xfer
                0x100075f0       0xd8 CMakeFiles/interprete.dir/home/jfvera/pico/pico-sdk/lib/tinyusb/src/tusb.c.o
                0x100075f0                tu_edpt_stream_read_xfer
 .text.tu_fifo_config
                0x100076c8       0x6c CMakeFiles/interprete.dir/home/jfvera/pico/pico-sdk/lib/tinyusb/src/common/tusb_fifo.c.o
                0x100076c8                tu_fifo_config
 .text.tu_fifo_count
                0x10007734       0x2c CMakeFiles/interprete.dir/home/jfvera/pico/pico-sdk/lib/tinyusb/src/common/tusb_fifo.c.o
                0x10007734                tu_fifo_count
 .text.tu_fifo_empty
                0x10007760       0x10 CMakeFiles/interprete.dir/home/jfvera/pico/pico-sdk/lib/tinyusb/src/common/tusb_fifo.c.o
                0x10007760                tu_fifo_empty
 .text.tu_fifo_remaining
                0x10007770       0x2c CMakeFiles/interprete.dir/home/jfvera/pico/pico-sdk/lib/tinyusb/src/common/tusb_fifo.c.o
                0x10007770                tu_fifo_remaining
 .text.tu_fifo_read
                0x1000779c       0x9c CMakeFiles/interprete.dir/home/jfvera/pico/pico-sdk/lib/tinyusb/src/common/tusb_fifo.c.o
                0x1000779c                tu_fifo_read
 .text.tu_fifo_read_n
                0x10007838       0xe8 CMakeFiles/interprete.dir/home/jfvera/pico/pico-sdk/lib/tinyusb/src/common/tusb_fifo.c.o
                0x10007838                tu_fifo_read_n
 .text.tu_fifo_write
                0x10007920       0xa4 CMakeFiles/interprete.dir/home/jfvera/pico/pico-sdk/lib/tinyusb/src/common/tusb_fifo.c.o
                0x10007920                tu_fifo_write
 .text.tu_fifo_write_n
                0x100079c4      0x178 CMakeFiles/interprete.dir/home/jfvera/pico/pico-sdk/lib/tinyusb/src/common/tusb_fifo.c.o
                0x100079c4                tu_fifo_write_n
 .text.tu_fifo_clear
                0x10007b3c       0x40 CMakeFiles/interprete.dir/home/jfvera/pico/pico-sdk/lib/tinyusb/src/common/tusb_fifo.c.o
                0x10007b3c                tu_fifo_clear
 .text.tu_fifo_set_overwritable
                0x10007b7c       0x48 CMakeFiles/interprete.dir/home/jfvera/pico/pico-sdk/lib/tinyusb/src/common/tusb_fifo.c.o
                0x10007b7c                tu_fifo_set_overwritable
 .text          0x10007bc4       0x60 /usr/lib/gcc/arm-none-eabi/14.2.1/../../../arm-none-eabi/lib/thumb/v6-m/nofp/libg.a(libc_a-strncpy.o)
                0x10007bc4                strncpy
 .text          0x10007c24       0x5c /usr/lib/gcc/arm-none-eabi/14.2.1/../../../arm-none-eabi/lib/thumb/v6-m/nofp/libg.a(libc_a-strlen-stub.o)
                0x10007c24                strlen
 .text          0x10007c80     0x10b8 /usr/lib/gcc/arm-none-eabi/14.2.1/../../../arm-none-eabi/lib/thumb/v6-m/nofp/libg.a(libc_a-strtod.o)
                0x10007cb0                _strtod_l
                0x10008b68                _strtod_r
                0x10008b78                strtod_l
                0x10008b90                strtod
                0x10008bac                strtof_l
                0x10008c64                strtof
 .text          0x10008d38       0x14 /usr/lib/gcc/arm-none-eabi/14.2.1/../../../arm-none-eabi/lib/thumb/v6-m/nofp/libg.a(libc_a-strdup.o)
                0x10008d38                strdup
 .text          0x10008d4c      0x658 /usr/lib/gcc/arm-none-eabi/14.2.1/../../../arm-none-eabi/lib/thumb/v6-m/nofp/libg.a(libc_a-gdtoa-gethex.o)
                0x10008dfc                __gethex
 .text          0x100093a4       0x44 /usr/lib/gcc/arm-none-eabi/14.2.1/../../../arm-none-eabi/lib/thumb/v6-m/nofp/libg.a(libc_a-mbtowc_r.o)
                0x100093a4                _mbtowc_r
                0x100093bc                __ascii_mbtowc
 .text          0x100093e8       0x28 /usr/lib/gcc/arm-none-eabi/14.2.1/../../../arm-none-eabi/lib/thumb/v6-m/nofp/libg.a(libc_a-fini.o)
                0x100093e8                __libc_fini_array
 .text          0x10009410       0x74 /usr/lib/gcc/arm-none-eabi/14.2.1/../../../arm-none-eabi/lib/thumb/v6-m/nofp/libg.a(libc_a-strncmp.o)
                0x10009410                strncmp
 .text          0x10009484       0x44 /usr/lib/gcc/arm-none-eabi/14.2.1/../../../arm-none-eabi/lib/thumb/v6-m/nofp/libg.a(libc_a-strcasecmp.o)
                0x10009484                strcasecmp
 .text          0x100094c8       0xa8 /usr/lib/gcc/arm-none-eabi/14.2.1/../../../arm-none-eabi/lib/thumb/v6-m/nofp/libg.a(libc_a-callocr.o)
                0x100094c8                _calloc_r
 .text          0x10009570       0x28 /usr/lib/gcc/arm-none-eabi/14.2.1/../../../arm-none-eabi/lib/thumb/v6-m/nofp/libg.a(libc_a-strdup_r.o)
                0x10009570                _strdup_r
 .text          0x10009598      0x5b0 /usr/lib/gcc/arm-none-eabi/14.2.1/../../../arm-none-eabi/lib/thumb/v6-m/nofp/libg.a(libc_a-mallocr.o)
                0x10009598                _malloc_r
 .text          0x10009b48      0x288 /usr/lib/gcc/arm-none-eabi/14.2.1/../../../arm-none-eabi/lib/thumb/v6-m/nofp/libg.a(libc_a-freer.o)
                0x10009b48                _malloc_trim_r
                0x10009bfc                _free_r
 .text          0x10009dd0       0x18 /usr/lib/gcc/arm-none-eabi/14.2.1/../../../arm-none-eabi/lib/thumb/v6-m/nofp/libg.a(libc_a-atoi.o)
                0x10009dd0                atoi
                0x10009ddc                _atoi_r
 .text          0x10009de8      0x190 /usr/lib/gcc/arm-none-eabi/14.2.1/../../../arm-none-eabi/lib/thumb/v6-m/nofp/libg.a(libc_a-strtol.o)
                0x10009f40                _strtol_r
                0x10009f48                strtol_l
                0x10009f60                strtol
 .text          0x10009f78       0x2c /usr/lib/gcc/arm-none-eabi/14.2.1/../../../arm-none-eabi/lib/thumb/v6-m/nofp/libg.a(libc_a-wctomb_r.o)
                0x10009f78                _wctomb_r
                0x10009f88                __ascii_wctomb
 .text          0x10009fa4        0xc /usr/lib/gcc/arm-none-eabi/14.2.1/../../../arm-none-eabi/lib/thumb/v6-m/nofp/libg.a(libc_a-errno.o)
                0x10009fa4                __errno
 .text          0x10009fb0       0x28 /usr/lib/gcc/arm-none-eabi/14.2.1/../../../arm-none-eabi/lib/thumb/v6-m/nofp/libg.a(libc_a-malloc.o)
                0x10009fb0                malloc
                0x10009fc4                free
 .text          0x10009fd8        0x8 /usr/lib/gcc/arm-none-eabi/14.2.1/../../../arm-none-eabi/lib/thumb/v6-m/nofp/libg.a(libc_a-mlock.o)
                0x10009fd8                __malloc_lock
                0x10009fdc                __malloc_unlock
 .text          0x10009fe0       0x24 /usr/lib/gcc/arm-none-eabi/14.2.1/../../../arm-none-eabi/lib/thumb/v6-m/nofp/libg.a(libc_a-sbrkr.o)
                0x10009fe0                _sbrk_r
 .text          0x1000a004       0x10 /usr/lib/gcc/arm-none-eabi/14.2.1/../../../arm-none-eabi/lib/thumb/v6-m/nofp/libg.a(libc_a-strcpy.o)
                0x1000a004                strcpy
 .text          0x1000a014       0x10 /usr/lib/gcc/arm-none-eabi/14.2.1/../../../arm-none-eabi/lib/thumb/v6-m/nofp/libg.a(libc_a-atexit.o)
                0x1000a014                atexit
 .text          0x1000a024       0x88 /usr/lib/gcc/arm-none-eabi/14.2.1/../../../arm-none-eabi/lib/thumb/v6-m/nofp/libg.a(libc_a-strcmp.o)
                0x1000a024                strcmp
 .text          0x1000a0ac      0x230 /usr/lib/gcc/arm-none-eabi/14.2.1/../../../arm-none-eabi/lib/thumb/v6-m/nofp/libg.a(libc_a-gdtoa-hexnan.o)
                0x1000a0ac                __match
                0x1000a0d8                __hexnan
 .text          0x1000a2dc        0xc /usr/lib/gcc/arm-none-eabi/14.2.1/../../../arm-none-eabi/lib/thumb/v6-m/nofp/libg.a(libm_a-s_nan.o)
                0x1000a2dc                nan
 .text          0x1000a2e8        0x8 /usr/lib/gcc/arm-none-eabi/14.2.1/../../../arm-none-eabi/lib/thumb/v6-m/nofp/libg.a(libm_a-sf_nan.o)
                0x1000a2e8                nanf
 .text          0x1000a2f0      0xb18 /usr/lib/gcc/arm-none-eabi/14.2.1/../../../arm-none-eabi/lib/thumb/v6-m/nofp/libg.a(libc_a-mprec.o)
                0x1000a2f0                _Balloc
                0x1000a340                _Bfree
                0x1000a354                __multadd
                0x1000a3fc                __s2b
                0x1000a4ac                __hi0bits
                0x1000a4f8                __lo0bits
                0x1000a554                __i2b
                0x1000a5b4                __multiply
                0x1000a760                __pow5mult
                0x1000a830                __lshift
                0x1000a92c                __mcmp
                0x1000a968                __mdiff
                0x1000ab1c                __ulp
                0x1000ab5c                __b2d
                0x1000ac14                __d2b
                0x1000ace0                __ratio
                0x1000ad48                _mprec_log10
                0x1000ad7c                __copybits
                0x1000adbc                __any_on
 .text          0x1000ae08       0x1c /usr/lib/gcc/arm-none-eabi/14.2.1/../../../arm-none-eabi/lib/thumb/v6-m/nofp/libg.a(libc_a-sysconf.o)
                0x1000ae08                sysconf
 .text          0x1000ae24       0x78 /usr/lib/gcc/arm-none-eabi/14.2.1/../../../arm-none-eabi/lib/thumb/v6-m/nofp/libg.a(libc_a-__atexit.o)
                0x1000ae24                __register_exitproc
 .text.startup  0x1000ae9c       0x18 /usr/lib/gcc/arm-none-eabi/14.2.1/../../../arm-none-eabi/lib/thumb/v6-m/nofp/libg.a(libc_a-__call_atexit.o)
 *(.fini)
 .fini          0x1000aeb4        0x4 /usr/lib/gcc/arm-none-eabi/14.2.1/thumb/v6-m/nofp/crti.o
                0x1000aeb4                _fini
 .fini.__stub   0x1000aeb8       0xf0 linker stubs
 *crtbegin.o(.ctors)
 *crtbegin?.o(.ctors)
 *(EXCLUDE_FILE(*crtend.o *crtend?.o) .ctors)
 *(SORT_BY_NAME(.ctors.*))
 *(.ctors)
 *crtbegin.o(.dtors)
 *crtbegin?.o(.dtors)
 *(EXCLUDE_FILE(*crtend.o *crtend?.o) .dtors)
 *(SORT_BY_NAME(.dtors.*))
 *(.dtors)
                0x1000afa8                        . = ALIGN (0x4)
                0x1000afa8                        PROVIDE (__preinit_array_start = .)
 *(SORT_BY_NAME(.preinit_array.*))
 .preinit_array.00100
                0x1000afa8        0x4 CMakeFiles/interprete.dir/home/jfvera/pico/pico-sdk/src/rp2_common/pico_runtime_init/runtime_init.c.o
                0x1000afa8                __pre_init_runtime_init_early_resets
 .preinit_array.00101
                0x1000afac        0x4 CMakeFiles/interprete.dir/home/jfvera/pico/pico-sdk/src/rp2_common/pico_runtime_init/runtime_init.c.o
                0x1000afac                __pre_init_runtime_init_usb_power_down
 .preinit_array.00275
                0x1000afb0        0x4 CMakeFiles/interprete.dir/home/jfvera/pico/pico-sdk/src/rp2_common/pico_bit_ops/bit_ops_aeabi.S.o
 .preinit_array.00300
                0x1000afb4        0x4 CMakeFiles/interprete.dir/home/jfvera/pico/pico-sdk/src/rp2_common/pico_mem_ops/mem_ops_aeabi.S.o
 .preinit_array.00350
                0x1000afb8        0x4 CMakeFiles/interprete.dir/home/jfvera/pico/pico-sdk/src/rp2_common/pico_double/double_aeabi_rp2040.S.o
 .preinit_array.00350
                0x1000afbc        0x4 CMakeFiles/interprete.dir/home/jfvera/pico/pico-sdk/src/rp2_common/pico_float/float_aeabi_rp2040.S.o
 .preinit_array.00500
                0x1000afc0        0x4 CMakeFiles/interprete.dir/home/jfvera/pico/pico-sdk/src/rp2_common/pico_runtime_init/runtime_init.c.o
                0x1000afc0                __pre_init_runtime_init_clocks
 .preinit_array.00600
                0x1000afc4        0x4 CMakeFiles/interprete.dir/home/jfvera/pico/pico-sdk/src/rp2_common/pico_runtime_init/runtime_init.c.o
                0x1000afc4                __pre_init_runtime_init_post_clock_resets
 .preinit_array.00700
                0x1000afc8        0x4 CMakeFiles/interprete.dir/home/jfvera/pico/pico-sdk/src/rp2_common/pico_runtime_init/runtime_init.c.o
                0x1000afc8                __pre_init_runtime_init_rp2040_gpio_ie_disable
 .preinit_array.01000
                0x1000afcc        0x4 CMakeFiles/interprete.dir/home/jfvera/pico/pico-sdk/src/rp2_common/pico_runtime_init/runtime_init.c.o
                0x1000afcc                __pre_init_runtime_init_spin_locks_reset
 .preinit_array.01100
                0x1000afd0        0x4 CMakeFiles/interprete.dir/home/jfvera/pico/pico-sdk/src/common/pico_sync/mutex.c.o
                0x1000afd0                __pre_init_runtime_init_mutex
 .preinit_array.10080
                0x1000afd4        0x4 CMakeFiles/interprete.dir/home/jfvera/pico/pico-sdk/src/rp2_common/pico_runtime_init/runtime_init.c.o
                0x1000afd4                __pre_init_runtime_init_install_ram_vector_table
 .preinit_array.11000
                0x1000afd8        0x4 CMakeFiles/interprete.dir/home/jfvera/pico/pico-sdk/src/common/pico_time/time.c.o
                0x1000afd8                __pre_init_runtime_init_default_alarm_pool
 .preinit_array.YYYYY
                0x1000afdc        0x4 CMakeFiles/interprete.dir/home/jfvera/pico/pico-sdk/src/rp2_common/pico_runtime/runtime.c.o
                0x1000afdc                __pre_init_first_per_core_initializer
 .preinit_array.ZZZZZ.01200
                0x1000afe0        0x4 CMakeFiles/interprete.dir/home/jfvera/pico/pico-sdk/src/rp2_common/hardware_irq/irq.c.o
                0x1000afe0                __pre_init_runtime_init_per_core_irq_priorities
 *(.preinit_array)
                0x1000afe4                        PROVIDE (__preinit_array_end = .)
                0x1000afe4                        . = ALIGN (0x4)
                0x1000afe4                        PROVIDE (__init_array_start = .)
 *(SORT_BY_NAME(.init_array.*))
 .init_array.00000
                0x1000afe4        0x4 /usr/lib/gcc/arm-none-eabi/14.2.1/../../../arm-none-eabi/lib/thumb/v6-m/nofp/libg.a(libc_a-__call_atexit.o)
 .init_array.01000
                0x1000afe8        0x4 CMakeFiles/interprete.dir/home/jfvera/pico/pico-sdk/src/rp2_common/pico_unique_id/unique_id.c.o
 *(.init_array)
 .init_array    0x1000afec        0x4 /usr/lib/gcc/arm-none-eabi/14.2.1/thumb/v6-m/nofp/crtbegin.o
                0x1000aff0                        PROVIDE (__init_array_end = .)
                0x1000aff0                        . = ALIGN (0x4)
                0x1000aff0                        PROVIDE (__fini_array_start = .)
 *(SORT_BY_NAME(.fini_array.*))
 *(.fini_array)
                0x1000aff0                        PROVIDE (__fini_array_end = .)
 *(.eh_frame*)
 .eh_frame      0x1000aff0        0x0 /usr/lib/gcc/arm-none-eabi/14.2.1/thumb/v6-m/nofp/crtbegin.o
                0x1000aff0                        . = ALIGN (0x4)

.glue_7         0x1000aff0        0x0
 .glue_7        0x1000aff0        0x0 linker stubs

.glue_7t        0x1000aff0        0x0
 .glue_7t       0x1000aff0        0x0 linker stubs

.vfp11_veneer   0x1000aff0        0x0
 .vfp11_veneer  0x1000aff0        0x0 linker stubs

.v4_bx          0x1000aff0        0x0
 .v4_bx         0x1000aff0        0x0 linker stubs

.iplt           0x1000aff0        0x0
 .iplt          0x1000aff0        0x0 /usr/lib/gcc/arm-none-eabi/14.2.1/thumb/v6-m/nofp/crtbegin.o

.rodata         0x1000aff0      0xbf8
 *(EXCLUDE_FILE(*libm.a: *libc.a:*lib_a-mem*.o *libgcc.a:) .rodata*)
 .rodata.gets_biosstring.str1.4
                0x1000aff0      0x2e1 CMakeFiles/interprete.dir/src/main.c.o
                                  0x7 (size before relaxing)
 .rodata.evaluar_factor.str1.4
                0x1000b2d1       0x17 CMakeFiles/interprete.dir/src/main.c.o
 .rodata.establecer_variable.str1.4
                0x1000b2d1        0x1 CMakeFiles/interprete.dir/src/main.c.o
 .rodata.ejecutar_print.str1.4
                0x1000b2d1        0xb CMakeFiles/interprete.dir/src/main.c.o
 .rodata.interpretar_linea.str1.4
                0x1000b2d1       0x30 CMakeFiles/interprete.dir/src/main.c.o
 .rodata.ejecutar_interprete.str1.4
                0x1000b2d1       0x1b CMakeFiles/interprete.dir/src/main.c.o
 .rodata.panic.str1.4
                0x1000b2d1       0x12 CMakeFiles/interprete.dir/home/jfvera/pico/pico-sdk/src/rp2_common/pico_platform_panic/panic.c.o
 .rodata.spin_lock_claim_unused.str1.4
                0x1000b2d1       0x1b CMakeFiles/interprete.dir/home/jfvera/pico/pico-sdk/src/rp2_common/hardware_sync/sync.c.o
 .rodata.user_irq_claim_unused.str1.4
                0x1000b2d1       0x1b CMakeFiles/interprete.dir/home/jfvera/pico/pico-sdk/src/rp2_common/hardware_irq/irq.c.o
 .rodata.timer_hardware_alarm_claim.str1.4
                0x1000b2d1       0x22 CMakeFiles/interprete.dir/home/jfvera/pico/pico-sdk/src/rp2_common/hardware_timer/timer.c.o
 .rodata.hard_assertion_failure.str1.4
                0x1000b2d1        0xc CMakeFiles/interprete.dir/home/jfvera/pico/pico-sdk/src/rp2_common/pico_runtime/runtime.c.o
 .rodata.str1.4
                0x1000b2d1       0x40 CMakeFiles/interprete.dir/home/jfvera/pico/pico-sdk/src/rp2_common/pico_standard_binary_info/standard_binary_info.c.o
 *fill*         0x1000b2d1        0x3 
 .rodata.__bi_84
                0x1000b2d4        0xc CMakeFiles/interprete.dir/home/jfvera/pico/pico-sdk/src/rp2_common/pico_standard_binary_info/standard_binary_info.c.o
 .rodata.__bi_78
                0x1000b2e0        0xc CMakeFiles/interprete.dir/home/jfvera/pico/pico-sdk/src/rp2_common/pico_standard_binary_info/standard_binary_info.c.o
 .rodata.__bi_54
                0x1000b2ec        0xc CMakeFiles/interprete.dir/home/jfvera/pico/pico-sdk/src/rp2_common/pico_standard_binary_info/standard_binary_info.c.o
 .rodata.__bi_48
                0x1000b2f8        0xc CMakeFiles/interprete.dir/home/jfvera/pico/pico-sdk/src/rp2_common/pico_standard_binary_info/standard_binary_info.c.o
 .rodata.__bi_42
                0x1000b304        0xc CMakeFiles/interprete.dir/home/jfvera/pico/pico-sdk/src/rp2_common/pico_standard_binary_info/standard_binary_info.c.o
 .rodata.__bi_34
                0x1000b310        0xc CMakeFiles/interprete.dir/home/jfvera/pico/pico-sdk/src/rp2_common/pico_standard_binary_info/standard_binary_info.c.o
 .rodata.__bi_26
                0x1000b31c        0xc CMakeFiles/interprete.dir/home/jfvera/pico/pico-sdk/src/rp2_common/pico_standard_binary_info/standard_binary_info.c.o
 .rodata._ftoa.str1.4
                0x1000b328       0x15 CMakeFiles/interprete.dir/home/jfvera/pico/pico-sdk/src/rp2_common/pico_printf/printf.c.o
 .rodata._vsnprintf
                0x1000b328      0x19c CMakeFiles/interprete.dir/home/jfvera/pico/pico-sdk/src/rp2_common/pico_printf/printf.c.o
 *fill*         0x1000b4c4        0x4 
 .rodata.pow10.0
                0x1000b4c8       0x50 CMakeFiles/interprete.dir/home/jfvera/pico/pico-sdk/src/rp2_common/pico_printf/printf.c.o
 .rodata.__assert_func.str1.4
                0x1000b518       0x43 CMakeFiles/interprete.dir/home/jfvera/pico/pico-sdk/src/rp2_common/pico_clib_interface/newlib_interface.c.o
 .rodata.crlf_str.0
                0x1000b518        0x2 CMakeFiles/interprete.dir/home/jfvera/pico/pico-sdk/src/rp2_common/pico_stdio/stdio.c.o
 .rodata.str1.4
                0x1000b51a       0x2c CMakeFiles/interprete.dir/home/jfvera/pico/pico-sdk/src/rp2_common/pico_stdio_uart/stdio_uart.c.o
 *fill*         0x1000b51a        0x2 
 .rodata.__bi_45.4
                0x1000b51c        0xc CMakeFiles/interprete.dir/home/jfvera/pico/pico-sdk/src/rp2_common/pico_stdio_uart/stdio_uart.c.o
 .rodata.__bi_49.5
                0x1000b528        0x8 CMakeFiles/interprete.dir/home/jfvera/pico/pico-sdk/src/rp2_common/pico_stdio_uart/stdio_uart.c.o
 .rodata.__bi_50.6
                0x1000b530        0x8 CMakeFiles/interprete.dir/home/jfvera/pico/pico-sdk/src/rp2_common/pico_stdio_uart/stdio_uart.c.o
 .rodata._resetd_driver
                0x1000b538       0x20 CMakeFiles/interprete.dir/home/jfvera/pico/pico-sdk/src/rp2_common/pico_stdio_usb/reset_interface.c.o
 .rodata.desc_ms_os_20
                0x1000b558       0xa6 CMakeFiles/interprete.dir/home/jfvera/pico/pico-sdk/src/rp2_common/pico_stdio_usb/reset_interface.c.o
 *fill*         0x1000b5fe        0x2 
 .rodata.desc_bos
                0x1000b600       0x21 CMakeFiles/interprete.dir/home/jfvera/pico/pico-sdk/src/rp2_common/pico_stdio_usb/reset_interface.c.o
                0x1000b600                desc_bos
 .rodata.str1.4
                0x1000b621       0x13 CMakeFiles/interprete.dir/home/jfvera/pico/pico-sdk/src/rp2_common/pico_stdio_usb/stdio_usb.c.o
 *fill*         0x1000b621        0x3 
 .rodata.__bi_202.0
                0x1000b624        0xc CMakeFiles/interprete.dir/home/jfvera/pico/pico-sdk/src/rp2_common/pico_stdio_usb/stdio_usb.c.o
 .rodata.str1.4
                0x1000b630       0x2a CMakeFiles/interprete.dir/home/jfvera/pico/pico-sdk/src/rp2_common/pico_stdio_usb/stdio_usb_descriptors.c.o
 .rodata.usbd_desc_str
                0x1000b630       0x18 CMakeFiles/interprete.dir/home/jfvera/pico/pico-sdk/src/rp2_common/pico_stdio_usb/stdio_usb_descriptors.c.o
 .rodata.usbd_desc_cfg
                0x1000b648       0x54 CMakeFiles/interprete.dir/home/jfvera/pico/pico-sdk/src/rp2_common/pico_stdio_usb/stdio_usb_descriptors.c.o
 .rodata.usbd_desc_device
                0x1000b69c       0x12 CMakeFiles/interprete.dir/home/jfvera/pico/pico-sdk/src/rp2_common/pico_stdio_usb/stdio_usb_descriptors.c.o
 .rodata.str1.4
                0x1000b6ae       0x14 CMakeFiles/interprete.dir/home/jfvera/pico/pico-sdk/lib/tinyusb/src/portable/raspberrypi/rp2040/dcd_rp2040.c.o
 .rodata.str1.4
                0x1000b6ae       0x48 CMakeFiles/interprete.dir/home/jfvera/pico/pico-sdk/lib/tinyusb/src/portable/raspberrypi/rp2040/rp2040_usb.c.o
 *fill*         0x1000b6ae        0x2 
 .rodata.tud_task_ext
                0x1000b6b0       0x8c CMakeFiles/interprete.dir/home/jfvera/pico/pico-sdk/lib/tinyusb/src/device/usbd.c.o
 .rodata        0x1000b73c       0x1c CMakeFiles/interprete.dir/home/jfvera/pico/pico-sdk/lib/tinyusb/src/device/usbd.c.o
 .rodata._usbd_driver
                0x1000b758       0x40 CMakeFiles/interprete.dir/home/jfvera/pico/pico-sdk/lib/tinyusb/src/device/usbd.c.o
 .rodata.str1.4
                0x1000b798       0x15 /usr/lib/gcc/arm-none-eabi/14.2.1/../../../arm-none-eabi/lib/thumb/v6-m/nofp/libg.a(libc_a-strtod.o)
 .rodata        0x1000b798      0x120 /usr/lib/gcc/arm-none-eabi/14.2.1/../../../arm-none-eabi/lib/thumb/v6-m/nofp/libg.a(libc_a-strtod.o)
 .rodata.str1.4
                0x1000b8b8       0x12 /usr/lib/gcc/arm-none-eabi/14.2.1/../../../arm-none-eabi/lib/thumb/v6-m/nofp/libg.a(libc_a-locale.o)
 .rodata.str1.4
                0x1000b8b8       0x4c /usr/lib/gcc/arm-none-eabi/14.2.1/../../../arm-none-eabi/lib/thumb/v6-m/nofp/libg.a(libc_a-gdtoa-gethex.o)
 .rodata        0x1000b8b8      0x100 /usr/lib/gcc/arm-none-eabi/14.2.1/../../../arm-none-eabi/lib/thumb/v6-m/nofp/libg.a(libc_a-gdtoa-gethex.o)
                0x1000b8b8                __hexdig
 .rodata        0x1000b9b8      0x101 /usr/lib/gcc/arm-none-eabi/14.2.1/../../../arm-none-eabi/lib/thumb/v6-m/nofp/libg.a(libc_a-ctype_.o)
                0x1000b9b8                _ctype_
 .rodata.str1.4
                0x1000bab9       0x41 /usr/lib/gcc/arm-none-eabi/14.2.1/../../../arm-none-eabi/lib/thumb/v6-m/nofp/libg.a(libc_a-mprec.o)
 *fill*         0x1000bab9        0x7 
 .rodata        0x1000bac0      0x128 /usr/lib/gcc/arm-none-eabi/14.2.1/../../../arm-none-eabi/lib/thumb/v6-m/nofp/libg.a(libc_a-mprec.o)
                0x1000bad0                __mprec_tinytens
                0x1000baf8                __mprec_bigtens
                0x1000bb20                __mprec_tens
                0x1000bbe8                        . = ALIGN (0x4)
 *(SORT_BY_ALIGNMENT(SORT_BY_NAME(.flashdata*)))
                0x1000bbe8                        . = ALIGN (0x4)

.ARM.extab
 *(.ARM.extab* .gnu.linkonce.armextab.*)
                0x1000bbe8                        __exidx_start = .

.ARM.exidx
 *(.ARM.exidx* .gnu.linkonce.armexidx.*)
                0x1000bbe8                        __exidx_end = .
                0x1000bbe8                        . = ALIGN (0x4)
                0x1000bbe8                        __binary_info_start = .

.binary_info    0x1000bbe8       0x2c
 *(.binary_info.keep.*)
 .binary_info.keep.__bi_ptr84
                0x1000bbe8        0x4 CMakeFiles/interprete.dir/home/jfvera/pico/pico-sdk/src/rp2_common/pico_standard_binary_info/standard_binary_info.c.o
 .binary_info.keep.__bi_ptr78
                0x1000bbec        0x4 CMakeFiles/interprete.dir/home/jfvera/pico/pico-sdk/src/rp2_common/pico_standard_binary_info/standard_binary_info.c.o
 .binary_info.keep.__bi_ptr54
                0x1000bbf0        0x4 CMakeFiles/interprete.dir/home/jfvera/pico/pico-sdk/src/rp2_common/pico_standard_binary_info/standard_binary_info.c.o
 .binary_info.keep.__bi_ptr48
                0x1000bbf4        0x4 CMakeFiles/interprete.dir/home/jfvera/pico/pico-sdk/src/rp2_common/pico_standard_binary_info/standard_binary_info.c.o
 .binary_info.keep.__bi_ptr42
                0x1000bbf8        0x4 CMakeFiles/interprete.dir/home/jfvera/pico/pico-sdk/src/rp2_common/pico_standard_binary_info/standard_binary_info.c.o
 .binary_info.keep.__bi_ptr34
                0x1000bbfc        0x4 CMakeFiles/interprete.dir/home/jfvera/pico/pico-sdk/src/rp2_common/pico_standard_binary_info/standard_binary_info.c.o
 .binary_info.keep.__bi_ptr26
                0x1000bc00        0x4 CMakeFiles/interprete.dir/home/jfvera/pico/pico-sdk/src/rp2_common/pico_standard_binary_info/standard_binary_info.c.o
 *(.binary_info.*)
 .binary_info.__bi_ptr50
                0x1000bc04        0x4 CMakeFiles/interprete.dir/home/jfvera/pico/pico-sdk/src/rp2_common/pico_stdio_uart/stdio_uart.c.o
 .binary_info.__bi_ptr49
                0x1000bc08        0x4 CMakeFiles/interprete.dir/home/jfvera/pico/pico-sdk/src/rp2_common/pico_stdio_uart/stdio_uart.c.o
 .binary_info.__bi_ptr45
                0x1000bc0c        0x4 CMakeFiles/interprete.dir/home/jfvera/pico/pico-sdk/src/rp2_common/pico_stdio_uart/stdio_uart.c.o
 .binary_info.__bi_ptr202
                0x1000bc10        0x4 CMakeFiles/interprete.dir/home/jfvera/pico/pico-sdk/src/rp2_common/pico_stdio_usb/stdio_usb.c.o
                0x1000bc14                        __binary_info_end = .
                0x1000bc14                        . = ALIGN (0x4)

.ram_vector_table
                0x20000000       0xc0
 *(.ram_vector_table)
 .ram_vector_table
                0x20000000       0xc0 CMakeFiles/interprete.dir/home/jfvera/pico/pico-sdk/src/rp2_common/pico_runtime_init/runtime_init.c.o
                0x20000000                ram_vector_table

.uninitialized_data
                0x200000c0        0x0
                0x200000c0                        . = ALIGN (0x4)
 *(.uninitialized_data*)

.data           0x200000c0     0x1720 load address 0x1000bc14
                0x200000c0                        __data_start__ = .
 *(vtable)
 *(.time_critical*)
 .time_critical."bios_putchar"
                0x200000c0       0x50 CMakeFiles/interprete.dir/src/bios.S.o
                0x200000c0                bios_putchar
                0x200000ce                bios_getchar
                0x200000dc                bios_cls
 .time_critical.mutex_try_enter
                0x20000110       0x40 CMakeFiles/interprete.dir/home/jfvera/pico/pico-sdk/src/common/pico_sync/mutex.c.o
                0x20000110                mutex_try_enter
 .time_critical.mutex_try_enter_block_until
                0x20000150       0x98 CMakeFiles/interprete.dir/home/jfvera/pico/pico-sdk/src/common/pico_sync/mutex.c.o
                0x20000150                mutex_try_enter_block_until
 .time_critical.mutex_enter_timeout_ms
                0x200001e8       0x8c CMakeFiles/interprete.dir/home/jfvera/pico/pico-sdk/src/common/pico_sync/mutex.c.o
                0x200001e8                mutex_enter_timeout_ms
 .time_critical.mutex_exit
                0x20000274       0x28 CMakeFiles/interprete.dir/home/jfvera/pico/pico-sdk/src/common/pico_sync/mutex.c.o
                0x20000274                mutex_exit
 .time_critical.flash_init_boot2_copyout
                0x2000029c       0x30 CMakeFiles/interprete.dir/home/jfvera/pico/pico-sdk/src/rp2_common/hardware_flash/flash.c.o
 .time_critical.flash_enable_xip_via_boot2
                0x200002cc        0xc CMakeFiles/interprete.dir/home/jfvera/pico/pico-sdk/src/rp2_common/hardware_flash/flash.c.o
 .time_critical.flash_save_hardware_state
                0x200002d8       0x20 CMakeFiles/interprete.dir/home/jfvera/pico/pico-sdk/src/rp2_common/hardware_flash/flash.c.o
 .time_critical.flash_restore_hardware_state
                0x200002f8       0x20 CMakeFiles/interprete.dir/home/jfvera/pico/pico-sdk/src/rp2_common/hardware_flash/flash.c.o
 .time_critical.flash_cs_force
                0x20000318       0x38 CMakeFiles/interprete.dir/home/jfvera/pico/pico-sdk/src/rp2_common/hardware_flash/flash.c.o
 .time_critical.flash_do_cmd
                0x20000350      0x13c CMakeFiles/interprete.dir/home/jfvera/pico/pico-sdk/src/rp2_common/hardware_flash/flash.c.o
                0x20000350                flash_do_cmd
 .time_critical.reset_non_control_endpoints
                0x2000048c       0x68 CMakeFiles/interprete.dir/home/jfvera/pico/pico-sdk/lib/tinyusb/src/portable/raspberrypi/rp2040/dcd_rp2040.c.o
 .time_critical.hw_handle_buff_status
                0x200004f4       0xa0 CMakeFiles/interprete.dir/home/jfvera/pico/pico-sdk/lib/tinyusb/src/portable/raspberrypi/rp2040/dcd_rp2040.c.o
 .time_critical.dcd_rp2040_irq
                0x20000594      0x548 CMakeFiles/interprete.dir/home/jfvera/pico/pico-sdk/lib/tinyusb/src/portable/raspberrypi/rp2040/dcd_rp2040.c.o
 .time_critical.prepare_ep_buffer
                0x20000adc       0xc8 CMakeFiles/interprete.dir/home/jfvera/pico/pico-sdk/lib/tinyusb/src/portable/raspberrypi/rp2040/rp2040_usb.c.o
 .time_critical.sync_ep_buffer
                0x20000ba4       0x9c CMakeFiles/interprete.dir/home/jfvera/pico/pico-sdk/lib/tinyusb/src/portable/raspberrypi/rp2040/rp2040_usb.c.o
 .time_critical._hw_endpoint_xfer_sync
                0x20000c40       0x28 CMakeFiles/interprete.dir/home/jfvera/pico/pico-sdk/lib/tinyusb/src/portable/raspberrypi/rp2040/rp2040_usb.c.o
 .time_critical.e15_is_bulkin_ep
                0x20000c68       0x28 CMakeFiles/interprete.dir/home/jfvera/pico/pico-sdk/lib/tinyusb/src/portable/raspberrypi/rp2040/rp2040_usb.c.o
 .time_critical.e15_is_critical_frame_period
                0x20000c90       0x34 CMakeFiles/interprete.dir/home/jfvera/pico/pico-sdk/lib/tinyusb/src/portable/raspberrypi/rp2040/rp2040_usb.c.o
 .time_critical.hw_endpoint_reset_transfer
                0x20000cc4        0xc CMakeFiles/interprete.dir/home/jfvera/pico/pico-sdk/lib/tinyusb/src/portable/raspberrypi/rp2040/rp2040_usb.c.o
                0x20000cc4                hw_endpoint_reset_transfer
 .time_critical._hw_endpoint_buffer_control_update32
                0x20000cd0       0x50 CMakeFiles/interprete.dir/home/jfvera/pico/pico-sdk/lib/tinyusb/src/portable/raspberrypi/rp2040/rp2040_usb.c.o
                0x20000cd0                _hw_endpoint_buffer_control_update32
 .time_critical.hw_endpoint_start_next_buffer
                0x20000d20       0x68 CMakeFiles/interprete.dir/home/jfvera/pico/pico-sdk/lib/tinyusb/src/portable/raspberrypi/rp2040/rp2040_usb.c.o
                0x20000d20                hw_endpoint_start_next_buffer
 .time_critical.hw_endpoint_xfer_continue
                0x20000d88       0x40 CMakeFiles/interprete.dir/home/jfvera/pico/pico-sdk/lib/tinyusb/src/portable/raspberrypi/rp2040/rp2040_usb.c.o
                0x20000d88                hw_endpoint_xfer_continue
 .time_critical.tinyusb
                0x20000dc8      0x1e4 CMakeFiles/interprete.dir/home/jfvera/pico/pico-sdk/lib/tinyusb/src/device/usbd.c.o
                0x20000dc8                dcd_event_handler
 *(.text*)
 .text          0x20000fac        0x4 /usr/lib/gcc/arm-none-eabi/14.2.1/thumb/v6-m/nofp/libgcc.a(_dvmd_tls.o)
                0x20000fac                __aeabi_ldiv0
                0x20000fac                __aeabi_idiv0
 .text.__stub   0x20000fb0       0x80 linker stubs
                0x20001030                        . = ALIGN (0x4)
 *(.rodata*)
                0x20001030                        . = ALIGN (0x4)
 *(.data*)
 .data.striped_spin_lock_num
                0x20001030        0x1 CMakeFiles/interprete.dir/home/jfvera/pico/pico-sdk/src/rp2_common/hardware_sync/sync.c.o
 *fill*         0x20001031        0x3 
 .data          0x20001034       0x48 CMakeFiles/interprete.dir/home/jfvera/pico/pico-sdk/src/rp2_common/hardware_irq/irq_handler_chain.S.o
                0x20001034                irq_handler_chain_slots
                0x20001064                irq_handler_chain_first_slot
                0x2000106e                irq_handler_chain_remove_tail
 .data.default_alarm_pool
                0x2000107c       0x18 CMakeFiles/interprete.dir/home/jfvera/pico/pico-sdk/src/common/pico_time/time.c.o
 *fill*         0x20001094        0xc 
 .data.aeabi_bits_funcs
                0x200010a0       0x10 CMakeFiles/interprete.dir/home/jfvera/pico/pico-sdk/src/rp2_common/pico_bit_ops/bit_ops_aeabi.S.o
                0x200010a0                aeabi_bits_funcs
                0x200010b0                aeabi_bits_funcs_end
 .data.aeabi_mem_funcs
                0x200010b0       0x10 CMakeFiles/interprete.dir/home/jfvera/pico/pico-sdk/src/rp2_common/pico_mem_ops/mem_ops_aeabi.S.o
                0x200010b0                aeabi_mem_funcs
                0x200010c0                aeabi_mem_funcs_end
 .data.stdio_uart
                0x200010c0       0x18 CMakeFiles/interprete.dir/home/jfvera/pico/pico-sdk/src/rp2_common/pico_stdio_uart/stdio_uart.c.o
                0x200010c0                stdio_uart
 .data.stdio_usb
                0x200010d8       0x18 CMakeFiles/interprete.dir/home/jfvera/pico/pico-sdk/src/rp2_common/pico_stdio_usb/stdio_usb.c.o
                0x200010d8                stdio_usb
 .data._usbd_qdef
                0x200010f0       0x1c CMakeFiles/interprete.dir/home/jfvera/pico/pico-sdk/lib/tinyusb/src/device/usbd.c.o
                0x200010f0                _usbd_qdef
 .data._usbd_rhport
                0x2000110c        0x1 CMakeFiles/interprete.dir/home/jfvera/pico/pico-sdk/lib/tinyusb/src/device/usbd.c.o
 *fill*         0x2000110d        0x3 
 .data          0x20001110      0x16c /usr/lib/gcc/arm-none-eabi/14.2.1/../../../arm-none-eabi/lib/thumb/v6-m/nofp/libg.a(libc_a-locale.o)
                0x20001110                __global_locale
 *fill*         0x2000127c        0x4 
 .data          0x20001280      0x410 /usr/lib/gcc/arm-none-eabi/14.2.1/../../../arm-none-eabi/lib/thumb/v6-m/nofp/libg.a(libc_a-mallocr.o)
                0x20001280                __malloc_sbrk_base
                0x20001284                __malloc_trim_threshold
                0x20001288                __malloc_av_
 .data          0x20001690      0x148 /usr/lib/gcc/arm-none-eabi/14.2.1/../../../arm-none-eabi/lib/thumb/v6-m/nofp/libg.a(libc_a-impure.o)
                0x20001690                _impure_ptr
                0x20001698                _impure_data
                0x200017d8                        . = ALIGN (0x4)
 *(.after_data.*)
                0x200017d8                        . = ALIGN (0x4)
                0x200017d8                        PROVIDE (__mutex_array_start = .)
 *(SORT_BY_NAME(.mutex_array.*))
 *(.mutex_array)
 .mutex_array   0x200017d8        0x8 CMakeFiles/interprete.dir/home/jfvera/pico/pico-sdk/src/rp2_common/pico_stdio/stdio.c.o
                0x200017e0                        PROVIDE (__mutex_array_end = .)
                0x200017e0                        . = ALIGN (0x4)
 *(.jcr)
                0x200017e0                        . = ALIGN (0x4)

.tm_clone_table
                0x200017e0        0x0 load address 0x1000d334
 .tm_clone_table
                0x200017e0        0x0 /usr/lib/gcc/arm-none-eabi/14.2.1/thumb/v6-m/nofp/crtbegin.o
 .tm_clone_table
                0x200017e0        0x0 /usr/lib/gcc/arm-none-eabi/14.2.1/thumb/v6-m/nofp/crtend.o

.igot.plt       0x200017e0        0x0 load address 0x1000d334
 .igot.plt      0x200017e0        0x0 /usr/lib/gcc/arm-none-eabi/14.2.1/thumb/v6-m/nofp/crtbegin.o

.tdata          0x200017e0        0x0 load address 0x1000d334
                0x200017e0                        . = ALIGN (0x4)
 *(.tdata .tdata.* .gnu.linkonce.td.*)
                0x200017e0                        __tdata_end = .
                0x200017e0                        PROVIDE (__data_end__ = .)
                0x1000bc14                        __etext = LOADADDR (.data)

.tbss           0x200017e0        0x0 load address 0x1000d334
                0x200017e0                        . = ALIGN (0x4)
                0x200017e0                        __bss_start__ = .
                0x200017e0                        __tls_base = .
 *(.tbss .tbss.* .gnu.linkonce.tb.*)
 *(.tcommon)
                0x200017e0                        __tls_end = .

.bss            0x200017e0     0x3520 load address 0x1000d334
                0x200017e0                        . = ALIGN (0x4)
                0x200017e0                        __tbss_end = .
 *(SORT_BY_ALIGNMENT(SORT_BY_NAME(.bss*)))
 .bss.default_alarm_pool_entries
                0x200017e0      0x180 CMakeFiles/interprete.dir/home/jfvera/pico/pico-sdk/src/common/pico_time/time.c.o
 .bss.last_avail_time.1
                0x20001960        0x8 CMakeFiles/interprete.dir/home/jfvera/pico/pico-sdk/src/rp2_common/pico_stdio_usb/stdio_usb.c.o
 .bss.sd_table  0x20001968      0x100 CMakeFiles/interprete.dir/home/jfvera/pico/pico-sdk/src/rp2_common/pico_double/double_init_rom_rp2040.c.o
                0x20001968                sd_table
 .bss.sf_table  0x20001a68      0x100 CMakeFiles/interprete.dir/home/jfvera/pico/pico-sdk/src/rp2_common/pico_float/float_init_rom_rp2040.c.o
                0x20001a68                sf_table
 .bss.tabla_variables
                0x20001b68      0xa00 CMakeFiles/interprete.dir/src/main.c.o
                0x20001b68                tabla_variables
 .bss           0x20002568       0x1c /usr/lib/gcc/arm-none-eabi/14.2.1/thumb/v6-m/nofp/crtbegin.o
 .bss           0x20002584       0x34 /usr/lib/gcc/arm-none-eabi/14.2.1/../../../arm-none-eabi/lib/thumb/v6-m/nofp/libg.a(libc_a-mallocr.o)
                0x20002584                __malloc_top_pad
                0x20002588                __malloc_current_mallinfo
                0x200025b0                __malloc_max_sbrked_mem
                0x200025b4                __malloc_max_total_mem
 .bss           0x200025b8      0x13c /usr/lib/gcc/arm-none-eabi/14.2.1/../../../arm-none-eabi/lib/thumb/v6-m/nofp/libg.a(libc_a-findfp.o)
                0x200025b8                __stdio_exit_handler
                0x200025bc                __sf
 .bss           0x200026f4        0x4 /usr/lib/gcc/arm-none-eabi/14.2.1/../../../arm-none-eabi/lib/thumb/v6-m/nofp/libg.a(libc_a-reent.o)
                0x200026f4                errno
 .bss           0x200026f8      0x190 /usr/lib/gcc/arm-none-eabi/14.2.1/../../../arm-none-eabi/lib/thumb/v6-m/nofp/libg.a(libc_a-__atexit.o)
                0x200026f8                __atexit0
 .bss           0x20002888        0x4 /usr/lib/gcc/arm-none-eabi/14.2.1/../../../arm-none-eabi/lib/thumb/v6-m/nofp/libg.a(libc_a-__call_atexit.o)
                0x20002888                __atexit
 .bss._app_driver
                0x2000288c        0x4 CMakeFiles/interprete.dir/home/jfvera/pico/pico-sdk/lib/tinyusb/src/device/usbd.c.o
 .bss._cdcd_epbuf
                0x20002890       0x80 CMakeFiles/interprete.dir/home/jfvera/pico/pico-sdk/lib/tinyusb/src/class/cdc/cdc_device.c.o
 .bss._cdcd_fifo_cfg
                0x20002910        0x1 CMakeFiles/interprete.dir/home/jfvera/pico/pico-sdk/lib/tinyusb/src/class/cdc/cdc_device.c.o
 *fill*         0x20002911        0x3 
 .bss._cdcd_itf