Archive member included to satisfy reference by file (symbol)

/usr/lib/gcc/arm-none-eabi/14.2.1/thumb/v6-m/nofp/libgcc.a(_dvmd_tls.o)
                              CMakeFiles/interprete.dir/home/jfvera/pico/pico-sdk/src/rp2_common/pico_divider/divider_hardware.S.o (__aeabi_idiv0)
/usr/lib/gcc/arm-none-eabi/14.2.1/../../../arm-none-eabi/lib/thumb/v6-m/nofp/libg.a(libc_a-strlen-stub.o)
                              CMakeFiles/interprete.dir/home/jfvera/pico/pico-sdk/src/rp2_common/pico_stdio/stdio.c.o (strlen)
/usr/lib/gcc/arm-none-eabi/14.2.1/../../../arm-none-eabi/lib/thumb/v6-m/nofp/libg.a(libc_a-strtok.o)
                              CMakeFiles/interprete.dir/src/main.c.o (strtok)
/usr/lib/gcc/arm-none-eabi/14.2.1/../../../arm-none-eabi/lib/thumb/v6-m/nofp/libg.a(libc_a-impure.o)
                              /usr/lib/gcc/arm-none-eabi/14.2.1/../../../arm-none-eabi/lib/thumb/v6-m/nofp/libg.a(libc_a-strtok.o) (_impure_ptr)
/usr/lib/gcc/arm-none-eabi/14.2.1/../../../arm-none-eabi/lib/thumb/v6-m/nofp/libg.a(libc_a-fini.o)
                              /usr/lib/gcc/arm-none-eabi/14.2.1/../../../arm-none-eabi/lib/thumb/v6-m/nofp/crt0.o (__libc_fini_array)
/usr/lib/gcc/arm-none-eabi/14.2.1/../../../arm-none-eabi/lib/thumb/v6-m/nofp/libg.a(libc_a-findfp.o)
                              /usr/lib/gcc/arm-none-eabi/14.2.1/../../../arm-none-eabi/lib/thumb/v6-m/nofp/libg.a(libc_a-impure.o) (__sf)
/usr/lib/gcc/arm-none-eabi/14.2.1/../../../arm-none-eabi/lib/thumb/v6-m/nofp/libg.a(libc_a-calloc.o)
                              CMakeFiles/interprete.dir/home/jfvera/pico/pico-sdk/src/rp2_common/pico_malloc/malloc.c.o (calloc)
/usr/lib/gcc/arm-none-eabi/14.2.1/../../../arm-none-eabi/lib/thumb/v6-m/nofp/libg.a(libc_a-fclose.o)
                              /usr/lib/gcc/arm-none-eabi/14.2.1/../../../arm-none-eabi/lib/thumb/v6-m/nofp/libg.a(libc_a-findfp.o) (_fclose_r)
/usr/lib/gcc/arm-none-eabi/14.2.1/../../../arm-none-eabi/lib/thumb/v6-m/nofp/libg.a(libc_a-callocr.o)
                              /usr/lib/gcc/arm-none-eabi/14.2.1/../../../arm-none-eabi/lib/thumb/v6-m/nofp/libg.a(libc_a-calloc.o) (_calloc_r)
/usr/lib/gcc/arm-none-eabi/14.2.1/../../../arm-none-eabi/lib/thumb/v6-m/nofp/libg.a(libc_a-realloc.o)
                              CMakeFiles/interprete.dir/home/jfvera/pico/pico-sdk/src/rp2_common/pico_malloc/malloc.c.o (realloc)
/usr/lib/gcc/arm-none-eabi/14.2.1/../../../arm-none-eabi/lib/thumb/v6-m/nofp/libg.a(libc_a-mallocr.o)
                              /usr/lib/gcc/arm-none-eabi/14.2.1/../../../arm-none-eabi/lib/thumb/v6-m/nofp/libg.a(libc_a-findfp.o) (_malloc_r)
/usr/lib/gcc/arm-none-eabi/14.2.1/../../../arm-none-eabi/lib/thumb/v6-m/nofp/libg.a(libc_a-freer.o)
                              /usr/lib/gcc/arm-none-eabi/14.2.1/../../../arm-none-eabi/lib/thumb/v6-m/nofp/libg.a(libc_a-fclose.o) (_free_r)
/usr/lib/gcc/arm-none-eabi/14.2.1/../../../arm-none-eabi/lib/thumb/v6-m/nofp/libg.a(libc_a-strtok_r.o)
                              /usr/lib/gcc/arm-none-eabi/14.2.1/../../../arm-none-eabi/lib/thumb/v6-m/nofp/libg.a(libc_a-strtok.o) (__strtok_r)
/usr/lib/gcc/arm-none-eabi/14.2.1/../../../arm-none-eabi/lib/thumb/v6-m/nofp/libg.a(libc_a-memcmp.o)
                              CMakeFiles/interprete.dir/home/jfvera/pico/pico-sdk/src/rp2_common/pico_atomic/atomic.c.o (memcmp)
/usr/lib/gcc/arm-none-eabi/14.2.1/../../../arm-none-eabi/lib/thumb/v6-m/nofp/libg.a(libc_a-errno.o)
                              /usr/lib/gcc/arm-none-eabi/14.2.1/../../../arm-none-eabi/lib/thumb/v6-m/nofp/libg.a(libc_a-callocr.o) (__errno)
/usr/lib/gcc/arm-none-eabi/14.2.1/../../../arm-none-eabi/lib/thumb/v6-m/nofp/libg.a(libc_a-malloc.o)
                              CMakeFiles/interprete.dir/home/jfvera/pico/pico-sdk/src/rp2_common/pico_malloc/malloc.c.o (malloc)
/usr/lib/gcc/arm-none-eabi/14.2.1/../../../arm-none-eabi/lib/thumb/v6-m/nofp/libg.a(libc_a-reallocr.o)
                              /usr/lib/gcc/arm-none-eabi/14.2.1/../../../arm-none-eabi/lib/thumb/v6-m/nofp/libg.a(libc_a-realloc.o) (_realloc_r)
/usr/lib/gcc/arm-none-eabi/14.2.1/../../../arm-none-eabi/lib/thumb/v6-m/nofp/libg.a(libc_a-mktime.o)
                              CMakeFiles/interprete.dir/home/jfvera/pico/pico-sdk/src/common/pico_util/datetime.c.o (mktime)
/usr/lib/gcc/arm-none-eabi/14.2.1/../../../arm-none-eabi/lib/thumb/v6-m/nofp/libg.a(libc_a-mlock.o)
                              /usr/lib/gcc/arm-none-eabi/14.2.1/../../../arm-none-eabi/lib/thumb/v6-m/nofp/libg.a(libc_a-mallocr.o) (__malloc_lock)
/usr/lib/gcc/arm-none-eabi/14.2.1/../../../arm-none-eabi/lib/thumb/v6-m/nofp/libg.a(libc_a-tzlock.o)
                              /usr/lib/gcc/arm-none-eabi/14.2.1/../../../arm-none-eabi/lib/thumb/v6-m/nofp/libg.a(libc_a-mktime.o) (__tz_lock)
/usr/lib/gcc/arm-none-eabi/14.2.1/../../../arm-none-eabi/lib/thumb/v6-m/nofp/libg.a(libc_a-sbrkr.o)
[...]
Memory Configuration

Name             Origin             Length             Attributes
FLASH            0x10000000         0x00200000         xr
RAM              0x20000000         0x00040000         xrw
SCRATCH_X        0x20040000         0x00001000         xrw
SCRATCH_Y        0x20041000         0x00001000         xrw
*default*        0x00000000         0xffffffff

Linker script and memory map

LOAD /usr/lib/gcc/arm-none-eabi/14.2.1/thumb/v6-m/nofp/crti.o
LOAD /usr/lib/gcc/arm-none-eabi/14.2.1/thumb/v6-m/nofp/crtbegin.o
LOAD /usr/lib/gcc/arm-none-eabi/14.2.1/../../../arm-none-eabi/lib/thumb/v6-m/nofp/crt0.o

.flash_begin    0x10000000        0x0
                0x10000000                        __flash_binary_start = .

.boot2          0x10000000      0x100
                0x10000000                        __boot2_start__ = .
 *(.boot2)
 .boot2         0x10000000      0x100 pico-sdk/src/rp2040/boot_stage2/CMakeFiles/bs2_default_library.dir/bs2_default_padded_checksummed.S.o
                0x10000100                        __boot2_end__ = .
                0x00000001                        ASSERT (((__boot2_end__ - __boot2_start__) == 0x100), ERROR: Pico second stage bootloader must be 256 bytes in size)

.text           0x10000100     0x4ee0
                0x10000100                        __logical_binary_start = .
 *(.vectors)
 .vectors       0x10000100       0xd4 CMakeFiles/interprete.dir/home/jfvera/pico/pico-sdk/src/rp2_common/pico_crt0/crt0.S.o
                0x10000100                __vectors
                0x10000100                __VECTOR_TABLE
                0x100001c0                isr_irq30
                0x100001c0                __unhandled_user_irq
                0x100001c0                isr_irq13
                0x100001c0                isr_irq27
                0x100001c0                isr_irq31
                0x100001c0                isr_irq5
                0x100001c0                isr_irq11
                0x100001c0                isr_irq23
                0x100001c0                isr_irq18
                0x100001c0                isr_irq28
                0x100001c0                isr_irq19
                0x100001c0                isr_irq0
                0x100001c0                isr_irq6
                0x100001c0                isr_irq22
                0x100001c0                isr_irq17
                0x100001c0                isr_irq14
                0x100001c0                __vectors_end
                0x100001c0                __default_isrs_start
                0x100001c0                isr_irq2
                0x100001c0                isr_irq10
                0x100001c0                isr_irq8
                0x100001c0                isr_irq24
                0x100001c0                isr_irq1
                0x100001c0                isr_irq7
                0x100001c0                isr_irq21
                0x100001c0                isr_irq20
                0x100001c0                isr_irq15
                0x100001c0                isr_irq25
                0x100001c0                isr_irq4
                0x100001c0                isr_irq16
                0x100001c0                isr_irq29
                0x100001c0                isr_irq26
                0x100001c0                isr_irq3
                0x100001c0                isr_irq12
                0x100001c0                isr_irq9
                0x100001c6                unhandled_user_irq_num_in_r0
                0x100001c8                isr_invalid
                0x100001ca                isr_nmi
                0x100001cc                isr_hardfault
                0x100001ce                isr_svcall
                0x100001d0                isr_pendsv
                0x100001d2                isr_systick
                0x100001d4                __default_isrs_end
 *(.binary_info_header)
 .binary_info_header
                0x100001d4       0x14 CMakeFiles/interprete.dir/home/jfvera/pico/pico-sdk/src/rp2_common/pico_crt0/crt0.S.o
                0x100001e8                        __binary_info_header_end = .
 *(.embedded_block)
                0x100001e8                        __embedded_block_end = .
 *(.reset)
 .reset         0x100001e8       0x9c CMakeFiles/interprete.dir/home/jfvera/pico/pico-sdk/src/rp2_common/pico_crt0/crt0.S.o
                0x100001e8                _entry_point
 *(.init)
 .init          0x10000284        0x4 /usr/lib/gcc/arm-none-eabi/14.2.1/thumb/v6-m/nofp/crti.o
                0x10000284                _init
 *(EXCLUDE_FILE(*libm.a: *libc.a:*lib_a-mem*.o *libgcc.a:) .text*)
 .text          0x10000288       0x98 /usr/lib/gcc/arm-none-eabi/14.2.1/thumb/v6-m/nofp/crtbegin.o
 .text.identificar_comando
                0x10000320       0x6c CMakeFiles/interprete.dir/src/main.c.o
                0x10000320                identificar_comando
 .text.ejecutar_interprete
                0x1000038c      0x1b0 CMakeFiles/interprete.dir/src/main.c.o
                0x1000038c                ejecutar_interprete
 .text.startup.main
                0x1000053c       0x24 CMakeFiles/interprete.dir/src/main.c.o
                0x1000053c                main
 .text.gpio_set_function
                0x10000560       0x34 CMakeFiles/interprete.dir/home/jfvera/pico/pico-sdk/src/rp2_common/hardware_gpio/gpio.c.o
                0x10000560                gpio_set_function
 .text.gpio_init
                0x10000594       0x40 CMakeFiles/interprete.dir/home/jfvera/pico/pico-sdk/src/rp2_common/hardware_gpio/gpio.c.o
                0x10000594                gpio_init
 .text.rp2040_chip_version
                0x100005d4        0xc CMakeFiles/interprete.dir/home/jfvera/pico/pico-sdk/src/rp2040/pico_platform/platform.c.o
                0x100005d4                rp2040_chip_version
 .text.panic    0x100005e0       0x30 CMakeFiles/interprete.dir/home/jfvera/pico/pico-sdk/src/rp2_common/pico_platform_panic/panic.c.o
                0x100005e0                panic
 .text.hw_claim_or_assert
                0x10000610       0x44 CMakeFiles/interprete.dir/home/jfvera/pico/pico-sdk/src/common/hardware_claim/claim.c.o
                0x10000610                hw_claim_or_assert
 .text.hw_claim_unused_from_range
                0x10000654       0x88 CMakeFiles/interprete.dir/home/jfvera/pico/pico-sdk/src/common/hardware_claim/claim.c.o
                0x10000654                hw_claim_unused_from_range
 .text.next_striped_spin_lock_num
                0x100006dc       0x18 CMakeFiles/interprete.dir/home/jfvera/pico/pico-sdk/src/rp2_common/hardware_sync/sync.c.o
                0x100006dc                next_striped_spin_lock_num
 .text.spin_lock_claim_unused
                0x100006f4       0x24 CMakeFiles/interprete.dir/home/jfvera/pico/pico-sdk/src/rp2_common/hardware_sync/sync.c.o
                0x100006f4                spin_lock_claim_unused
 .text.spin_locks_reset
                0x10000718       0x1c CMakeFiles/interprete.dir/home/jfvera/pico/pico-sdk/src/rp2_common/hardware_sync_spin_lock/sync_spin_lock.c.o
                0x10000718                spin_locks_reset
 .text.runtime_init_per_core_irq_priorities
                0x10000734       0x24 CMakeFiles/interprete.dir/home/jfvera/pico/pico-sdk/src/rp2_common/hardware_irq/irq.c.o
                0x10000734                runtime_init_per_core_irq_priorities
 .text.irq_set_enabled
                0x10000758       0x24 CMakeFiles/interprete.dir/home/jfvera/pico/pico-sdk/src/rp2_common/hardware_irq/irq.c.o
                0x10000758                irq_set_enabled
 .text.irq_is_enabled
                0x1000077c       0x18 CMakeFiles/interprete.dir/home/jfvera/pico/pico-sdk/src/rp2_common/hardware_irq/irq.c.o
                0x1000077c                irq_is_enabled
 .text.irq_set_pending
                0x10000794       0x10 CMakeFiles/interprete.dir/home/jfvera/pico/pico-sdk/src/rp2_common/hardware_irq/irq.c.o
                0x10000794                irq_set_pending
 .text.irq_has_shared_handler
                0x100007a4       0x24 CMakeFiles/interprete.dir/home/jfvera/pico/pico-sdk/src/rp2_common/hardware_irq/irq.c.o
                0x100007a4                irq_has_shared_handler
 .text.irq_set_exclusive_handler
                0x100007c8       0x54 CMakeFiles/interprete.dir/home/jfvera/pico/pico-sdk/src/rp2_common/hardware_irq/irq.c.o
                0x100007c8                irq_set_exclusive_handler
 .text.irq_add_shared_handler
                0x1000081c      0x1f4 CMakeFiles/interprete.dir/home/jfvera/pico/pico-sdk/src/rp2_common/hardware_irq/irq.c.o
                0x1000081c                irq_add_shared_handler
 .text.irq_remove_handler
                0x10000a10      0x1d4 CMakeFiles/interprete.dir/home/jfvera/pico/pico-sdk/src/rp2_common/hardware_irq/irq.c.o
                0x10000a10                irq_remove_handler
 .text.irq_add_tail_to_free_list
                0x10000be4       0xb4 CMakeFiles/interprete.dir/home/jfvera/pico/pico-sdk/src/rp2_common/hardware_irq/irq.c.o
                0x10000be4                irq_add_tail_to_free_list
 .text.user_irq_claim_unused
                0x10000c98       0x2c CMakeFiles/interprete.dir/home/jfvera/pico/pico-sdk/src/rp2_common/hardware_irq/irq.c.o
                0x10000c98                user_irq_claim_unused
 .text.lock_init
                0x10000cc4       0x10 CMakeFiles/interprete.dir/home/jfvera/pico/pico-sdk/src/common/pico_sync/lock_core.c.o
                0x10000cc4                lock_init
 .text.runtime_init_mutex
                0x10000cd4       0x50 CMakeFiles/interprete.dir/home/jfvera/pico/pico-sdk/src/common/pico_sync/mutex.c.o
                0x10000cd4                runtime_init_mutex
 .text.mutex_init
                0x10000d24       0x1c CMakeFiles/interprete.dir/home/jfvera/pico/pico-sdk/src/common/pico_sync/mutex.c.o
                0x10000d24                mutex_init
 .text.critical_section_init
                0x10000d40       0x1c CMakeFiles/interprete.dir/home/jfvera/pico/pico-sdk/src/common/pico_sync/critical_section.c.o
                0x10000d40                critical_section_init
 .text.critical_section_init_with_lock_num
                0x10000d5c       0x14 CMakeFiles/interprete.dir/home/jfvera/pico/pico-sdk/src/common/pico_sync/critical_section.c.o
                0x10000d5c                critical_section_init_with_lock_num
 .text.sleep_until_callback
                0x10000d70       0x30 CMakeFiles/interprete.dir/home/jfvera/pico/pico-sdk/src/common/pico_time/time.c.o
 .text.alarm_pool_irq_handler
                0x10000da0      0x300 CMakeFiles/interprete.dir/home/jfvera/pico/pico-sdk/src/common/pico_time/time.c.o
 .text.runtime_init_default_alarm_pool
                0x100010a0       0xdc CMakeFiles/interprete.dir/home/jfvera/pico/pico-sdk/src/common/pico_time/time.c.o
                0x100010a0                runtime_init_default_alarm_pool
 .text.alarm_pool_get_default
                0x1000117c        0x8 CMakeFiles/interprete.dir/home/jfvera/pico/pico-sdk/src/common/pico_time/time.c.o
                0x1000117c                alarm_pool_get_default
 .text.alarm_pool_add_alarm_at
                0x10001184       0xd0 CMakeFiles/interprete.dir/home/jfvera/pico/pico-sdk/src/common/pico_time/time.c.o
                0x10001184                alarm_pool_add_alarm_at
 .text.alarm_pool_add_alarm_at_force_in_context
                0x10001254       0xb0 CMakeFiles/interprete.dir/home/jfvera/pico/pico-sdk/src/common/pico_time/time.c.o
                0x10001254                alarm_pool_add_alarm_at_force_in_context
 .text.alarm_pool_cancel_alarm
                0x10001304       0x74 CMakeFiles/interprete.dir/home/jfvera/pico/pico-sdk/src/common/pico_time/time.c.o
                0x10001304                alarm_pool_cancel_alarm
 .text.alarm_pool_core_num
                0x10001378        0x4 CMakeFiles/interprete.dir/home/jfvera/pico/pico-sdk/src/common/pico_time/time.c.o
                0x10001378                alarm_pool_core_num
 .text.sleep_ms
                0x1000137c       0xfc CMakeFiles/interprete.dir/home/jfvera/pico/pico-sdk/src/common/pico_time/time.c.o
                0x1000137c                sleep_ms
 .text.best_effort_wfe_or_timeout
                0x10001478      0x10c CMakeFiles/interprete.dir/home/jfvera/pico/pico-sdk/src/common/pico_time/time.c.o
                0x10001478                best_effort_wfe_or_timeout
 .text.timer_hardware_alarm_claim
                0x10001584       0x14 CMakeFiles/interprete.dir/home/jfvera/pico/pico-sdk/src/rp2_common/hardware_timer/timer.c.o
                0x10001584                timer_hardware_alarm_claim
 .text.timer_time_us_64
                0x10001598       0x10 CMakeFiles/interprete.dir/home/jfvera/pico/pico-sdk/src/rp2_common/hardware_timer/timer.c.o
                0x10001598                timer_time_us_64
 .text.time_us_64
                0x100015a8       0x14 CMakeFiles/interprete.dir/home/jfvera/pico/pico-sdk/src/rp2_common/hardware_timer/timer.c.o
                0x100015a8                time_us_64
 .text.busy_wait_us
                0x100015bc       0x68 CMakeFiles/interprete.dir/home/jfvera/pico/pico-sdk/src/rp2_common/hardware_timer/timer.c.o
                0x100015bc                busy_wait_us
 .text.busy_wait_until
                0x10001624       0x20 CMakeFiles/interprete.dir/home/jfvera/pico/pico-sdk/src/rp2_common/hardware_timer/timer.c.o
                0x10001624                busy_wait_until
 .text.uart_init
                0x10001644      0x120 CMakeFiles/interprete.dir/home/jfvera/pico/pico-sdk/src/rp2_common/hardware_uart/uart.c.o
                0x10001644                uart_init
 .text.clock_configure_int_divider
                0x10001764       0xf4 CMakeFiles/interprete.dir/home/jfvera/pico/pico-sdk/src/rp2_common/hardware_clocks/clocks.c.o
                0x10001764                clock_configure_int_divider
 .text.clock_configure_undivided
                0x10001858       0xe8 CMakeFiles/interprete.dir/home/jfvera/pico/pico-sdk/src/rp2_common/hardware_clocks/clocks.c.o
                0x10001858                clock_configure_undivided
 .text.clock_get_hz
                0x10001940        0xc CMakeFiles/interprete.dir/home/jfvera/pico/pico-sdk/src/rp2_common/hardware_clocks/clocks.c.o
                0x10001940                clock_get_hz
 .text.pll_init
                0x1000194c       0xa4 CMakeFiles/interprete.dir/home/jfvera/pico/pico-sdk/src/rp2_common/hardware_pll/pll.c.o
                0x1000194c                pll_init
 .text.watchdog_reboot
                0x100019f0       0x9c CMakeFiles/interprete.dir/home/jfvera/pico/pico-sdk/src/rp2_common/hardware_watchdog/watchdog.c.o
                0x100019f0                watchdog_reboot
 .text.tick_start
                0x10001a8c       0x10 CMakeFiles/interprete.dir/home/jfvera/pico/pico-sdk/src/rp2_common/hardware_ticks/ticks.c.o
                0x10001a8c                tick_start
 .text.rom_func_lookup
                0x10001a9c       0x10 CMakeFiles/interprete.dir/home/jfvera/pico/pico-sdk/src/rp2_common/pico_bootrom/bootrom.c.o
                0x10001a9c                rom_func_lookup
 .text.rom_data_lookup
                0x10001aac       0x10 CMakeFiles/interprete.dir/home/jfvera/pico/pico-sdk/src/rp2_common/pico_bootrom/bootrom.c.o
                0x10001aac                rom_data_lookup
 .text.rom_funcs_lookup
                0x10001abc       0x44 CMakeFiles/interprete.dir/home/jfvera/pico/pico-sdk/src/rp2_common/pico_bootrom/bootrom.c.o
                0x10001abc                rom_funcs_lookup
 .text.rom_reset_usb_boot_extra
                0x10001b00       0x24 CMakeFiles/interprete.dir/home/jfvera/pico/pico-sdk/src/rp2_common/pico_bootrom/bootrom.c.o
                0x10001b00                rom_reset_usb_boot_extra
 .text.xosc_init
                0x10001b24       0x28 CMakeFiles/interprete.dir/home/jfvera/pico/pico-sdk/src/rp2_common/hardware_xosc/xosc.c.o
                0x10001b24                xosc_init
 .text.first_per_core_initializer
                0x10001b4c        0x4 CMakeFiles/interprete.dir/home/jfvera/pico/pico-sdk/src/rp2_common/pico_runtime/runtime.c.o
 .text.hard_assertion_failure
                0x10001b50        0xc CMakeFiles/interprete.dir/home/jfvera/pico/pico-sdk/src/rp2_common/pico_runtime/runtime.c.o
                0x10001b50                hard_assertion_failure
 .text.runtime_run_initializers
                0x10001b5c       0x28 CMakeFiles/interprete.dir/home/jfvera/pico/pico-sdk/src/rp2_common/pico_runtime/runtime.c.o
                0x10001b5c                runtime_run_initializers
 .text.runtime_init_early_resets
                0x10001b84       0x2c CMakeFiles/interprete.dir/home/jfvera/pico/pico-sdk/src/rp2_common/pico_runtime_init/runtime_init.c.o
                0x10001b84                runtime_init_early_resets
 .text.runtime_init_usb_power_down
                0x10001bb0       0x1c CMakeFiles/interprete.dir/home/jfvera/pico/pico-sdk/src/rp2_common/pico_runtime_init/runtime_init.c.o
                0x10001bb0                runtime_init_usb_power_down
 .text.runtime_init_post_clock_resets
                0x10001bcc       0x20 CMakeFiles/interprete.dir/home/jfvera/pico/pico-sdk/src/rp2_common/pico_runtime_init/runtime_init.c.o
                0x10001bcc                runtime_init_post_clock_resets
 .text.runtime_init_rp2040_gpio_ie_disable
                0x10001bec       0x14 CMakeFiles/interprete.dir/home/jfvera/pico/pico-sdk/src/rp2_common/pico_runtime_init/runtime_init.c.o
                0x10001bec                runtime_init_rp2040_gpio_ie_disable
 .text.runtime_init_spin_locks_reset
                0x10001c00        0x8 CMakeFiles/interprete.dir/home/jfvera/pico/pico-sdk/src/rp2_common/pico_runtime_init/runtime_init.c.o
                0x10001c00                runtime_init_spin_locks_reset
 .text.runtime_init_install_ram_vector_table
                0x10001c08       0xb4 CMakeFiles/interprete.dir/home/jfvera/pico/pico-sdk/src/rp2_common/pico_runtime_init/runtime_init.c.o
                0x10001c08                runtime_init_install_ram_vector_table
 .text.runtime_init_clocks
                0x10001cbc       0xd8 CMakeFiles/interprete.dir/home/jfvera/pico/pico-sdk/src/rp2_common/pico_runtime_init/runtime_init_clocks.c.o
                0x10001cbc                runtime_init_clocks
 .text          0x10001d94       0x10 CMakeFiles/interprete.dir/home/jfvera/pico/pico-sdk/src/rp2_common/pico_bit_ops/bit_ops_aeabi.S.o
 .text.__wrap___aeabi_uidiv
                0x10001da4       0x4c CMakeFiles/interprete.dir/home/jfvera/pico/pico-sdk/src/rp2_common/pico_divider/divider_hardware.S.o
                0x10001da4                __wrap___aeabi_uidiv
                0x10001da4                __wrap___aeabi_uidivmod
                0x10001da4                div_u32u32
                0x10001da4                divmod_u32u32
                0x10001dac                divmod_u32u32_unsafe
                0x10001dd4                divmod_u32u32_savestate
 .text.__aeabi_double_init
                0x10001df0       0xa4 CMakeFiles/interprete.dir/home/jfvera/pico/pico-sdk/src/rp2_common/pico_double/double_init_rom_rp2040.c.o
                0x10001df0                __aeabi_double_init
 .text.double_table_shim_on_use_helper
                0x10001e94       0x2c CMakeFiles/interprete.dir/home/jfvera/pico/pico-sdk/src/rp2_common/pico_double/double_v1_rom_shim_rp2040.S.o
                0x10001e94                double_table_shim_on_use_helper
 .text.__aeabi_lmul
                0x10001ec0       0x32 CMakeFiles/interprete.dir/home/jfvera/pico/pico-sdk/src/rp2_common/pico_int64_ops/pico_int64_ops_aeabi.S.o
                0x10001ec0                __wrap___aeabi_lmul
 *fill*         0x10001ef2        0x2 
 .text.__aeabi_float_init
                0x10001ef4       0x64 CMakeFiles/interprete.dir/home/jfvera/pico/pico-sdk/src/rp2_common/pico_float/float_init_rom_rp2040.c.o
                0x10001ef4                __aeabi_float_init
 .text.float_table_shim_on_use_helper
                0x10001f58       0x2c CMakeFiles/interprete.dir/home/jfvera/pico/pico-sdk/src/rp2_common/pico_float/float_v1_rom_shim_rp2040.S.o
                0x10001f58                float_table_shim_on_use_helper
 .text          0x10001f84       0x10 CMakeFiles/interprete.dir/home/jfvera/pico/pico-sdk/src/rp2_common/pico_mem_ops/mem_ops_aeabi.S.o
                0x10001f84                __aeabi_mem_init
 .text.memset   0x10001f94        0xc CMakeFiles/interprete.dir/home/jfvera/pico/pico-sdk/src/rp2_common/pico_mem_ops/mem_ops_aeabi.S.o
                0x10001f94                __wrap_memset
 .text.memcpy   0x10001fa0        0xc CMakeFiles/interprete.dir/home/jfvera/pico/pico-sdk/src/rp2_common/pico_mem_ops/mem_ops_aeabi.S.o
                0x10001fa0                __wrap___aeabi_memcpy
                0x10001fa0                __wrap_memcpy
 .text._out_char
                0x10001fac       0x10 CMakeFiles/interprete.dir/home/jfvera/pico/pico-sdk/src/rp2_common/pico_printf/printf.c.o
 .text.weak_raw_vprintf
                0x10001fbc       0x30 CMakeFiles/interprete.dir/home/jfvera/pico/pico-sdk/src/rp2_common/pico_printf/printf.c.o
                0x10001fbc                weak_raw_vprintf
 .text._exit    0x10001fec        0x4 CMakeFiles/interprete.dir/home/jfvera/pico/pico-sdk/src/rp2_common/pico_clib_interface/newlib_interface.c.o
                0x10001fec                _exit
 .text.exit     0x10001ff0        0x8 CMakeFiles/interprete.dir/home/jfvera/pico/pico-sdk/src/rp2_common/pico_clib_interface/newlib_interface.c.o
                0x10001ff0                exit
 .text.runtime_init
                0x10001ff8       0x2c CMakeFiles/interprete.dir/home/jfvera/pico/pico-sdk/src/rp2_common/pico_clib_interface/newlib_interface.c.o
                0x10001ff8                runtime_init
 .text.stdio_out_chars_no_crlf
                0x10002024       0x10 CMakeFiles/interprete.dir/home/jfvera/pico/pico-sdk/src/rp2_common/pico_stdio/stdio.c.o
 .text.stdio_out_chars_crlf
                0x10002034       0xb0 CMakeFiles/interprete.dir/home/jfvera/pico/pico-sdk/src/rp2_common/pico_stdio/stdio.c.o
 .text.stdio_put_string
                0x100020e4       0xfc CMakeFiles/interprete.dir/home/jfvera/pico/pico-sdk/src/rp2_common/pico_stdio/stdio.c.o
                0x100020e4                stdio_put_string
 .text.stdio_set_driver_enabled
                0x100021e0       0x30 CMakeFiles/interprete.dir/home/jfvera/pico/pico-sdk/src/rp2_common/pico_stdio/stdio.c.o
                0x100021e0                stdio_set_driver_enabled
 .text.stdio_init_all
                0x10002210       0x10 CMakeFiles/interprete.dir/home/jfvera/pico/pico-sdk/src/rp2_common/pico_stdio/stdio.c.o
                0x10002210                stdio_init_all
 .text.__wrap_putchar
                0x10002220       0x94 CMakeFiles/interprete.dir/home/jfvera/pico/pico-sdk/src/rp2_common/pico_stdio/stdio.c.o
                0x10002220                stdio_putchar
                0x10002220                __wrap_putchar
 .text.__wrap_puts
                0x100022b4       0x3c CMakeFiles/interprete.dir/home/jfvera/pico/pico-sdk/src/rp2_common/pico_stdio/stdio.c.o
                0x100022b4                __wrap_puts
                0x100022b4                stdio_puts
 .text.stdio_uart_out_chars
                0x100022f0       0x4c CMakeFiles/interprete.dir/home/jfvera/pico/pico-sdk/src/rp2_common/pico_stdio_uart/stdio_uart.c.o
 .text.stdio_uart_in_chars
                0x1000233c       0x90 CMakeFiles/interprete.dir/home/jfvera/pico/pico-sdk/src/rp2_common/pico_stdio_uart/stdio_uart.c.o
                0x1000233c                stdio_uart_in_chars
 .text.on_uart_rx
                0x100023cc       0x28 CMakeFiles/interprete.dir/home/jfvera/pico/pico-sdk/src/rp2_common/pico_stdio_uart/stdio_uart.c.o
 .text.stdio_uart_out_flush
                0x100023f4       0x14 CMakeFiles/interprete.dir/home/jfvera/pico/pico-sdk/src/rp2_common/pico_stdio_uart/stdio_uart.c.o
 .text.stdio_uart_set_chars_available_callback
                0x10002408       0x84 CMakeFiles/interprete.dir/home/jfvera/pico/pico-sdk/src/rp2_common/pico_stdio_uart/stdio_uart.c.o
 .text.stdio_uart_init
                0x1000248c       0x50 CMakeFiles/interprete.dir/home/jfvera/pico/pico-sdk/src/rp2_common/pico_stdio_uart/stdio_uart.c.o
                0x1000248c                stdio_uart_init
 .text.resetd_init
                0x100024dc        0x4 CMakeFiles/interprete.dir/home/jfvera/pico/pico-sdk/src/rp2_common/pico_stdio_usb/reset_interface.c.o
 .text.resetd_reset
                0x100024e0        0xc CMakeFiles/interprete.dir/home/jfvera/pico/pico-sdk/src/rp2_common/pico_stdio_usb/reset_interface.c.o
 .text.resetd_open
                0x100024ec       0x28 CMakeFiles/interprete.dir/home/jfvera/pico/pico-sdk/src/rp2_common/pico_stdio_usb/reset_interface.c.o
 .text.resetd_xfer_cb
                0x10002514        0x4 CMakeFiles/interprete.dir/home/jfvera/pico/pico-sdk/src/rp2_common/pico_stdio_usb/reset_interface.c.o
 .text.resetd_control_xfer_cb
                0x10002518       0x54 CMakeFiles/interprete.dir/home/jfvera/pico/pico-sdk/src/rp2_common/pico_stdio_usb/reset_interface.c.o
 .text.tud_descriptor_bos_cb
                0x1000256c        0x8 CMakeFiles/interprete.dir/home/jfvera/pico/pico-sdk/src/rp2_common/pico_stdio_usb/reset_interface.c.o
                0x1000256c                tud_descriptor_bos_cb
 .text.tud_vendor_control_xfer_cb
                0x10002574       0x34 CMakeFiles/interprete.dir/home/jfvera/pico/pico-sdk/src/rp2_common/pico_stdio_usb/reset_interface.c.o
                0x10002574                tud_vendor_control_xfer_cb
 .text.usbd_app_driver_get_cb
                0x100025a8        0xc CMakeFiles/interprete.dir/home/jfvera/pico/pico-sdk/src/rp2_common/pico_stdio_usb/reset_interface.c.o
                0x100025a8                usbd_app_driver_get_cb
 .text.tud_cdc_line_coding_cb
                0x100025b4       0x2c CMakeFiles/interprete.dir/home/jfvera/pico/pico-sdk/src/rp2_common/pico_stdio_usb/reset_interface.c.o
                0x100025b4                tud_cdc_line_coding_cb
 .text.stdio_usb_set_chars_available_callback
                0x100025e0       0x14 CMakeFiles/interprete.dir/home/jfvera/pico/pico-sdk/src/rp2_common/pico_stdio_usb/stdio_usb.c.o
                0x100025e0                stdio_usb_set_chars_available_callback
 .text.usb_irq  0x100025f4       0x10 CMakeFiles/interprete.dir/home/jfvera/pico/pico-sdk/src/rp2_common/pico_stdio_usb/stdio_usb.c.o
 .text.timer_task
                0x10002604       0x64 CMakeFiles/interprete.dir/home/jfvera/pico/pico-sdk/src/rp2_common/pico_stdio_usb/stdio_usb.c.o
 .text.stdio_usb_in_chars
                0x10002668       0x8c CMakeFiles/interprete.dir/home/jfvera/pico/pico-sdk/src/rp2_common/pico_stdio_usb/stdio_usb.c.o
                0x10002668                stdio_usb_in_chars
 .text.stdio_usb_out_flush
                0x100026f4       0x4c CMakeFiles/interprete.dir/home/jfvera/pico/pico-sdk/src/rp2_common/pico_stdio_usb/stdio_usb.c.o
 .text.stdio_usb_out_chars
                0x10002740      0x100 CMakeFiles/interprete.dir/home/jfvera/pico/pico-sdk/src/rp2_common/pico_stdio_usb/stdio_usb.c.o
 .text.low_priority_worker_irq
                0x10002840       0xc8 CMakeFiles/interprete.dir/home/jfvera/pico/pico-sdk/src/rp2_common/pico_stdio_usb/stdio_usb.c.o
 .text.stdio_usb_init
                0x10002908       0xe8 CMakeFiles/interprete.dir/home/jfvera/pico/pico-sdk/src/rp2_common/pico_stdio_usb/stdio_usb.c.o
                0x10002908                stdio_usb_init
 .text.tud_descriptor_device_cb
                0x100029f0        0x8 CMakeFiles/interprete.dir/home/jfvera/pico/pico-sdk/src/rp2_common/pico_stdio_usb/stdio_usb_descriptors.c.o
                0x100029f0                tud_descriptor_device_cb
 .text.tud_descriptor_configuration_cb
                0x100029f8        0x8 CMakeFiles/interprete.dir/home/jfvera/pico/pico-sdk/src/rp2_common/pico_stdio_usb/stdio_usb_descriptors.c.o
                0x100029f8                tud_descriptor_configuration_cb
 .text.tud_descriptor_string_cb
                0x10002a00       0x78 CMakeFiles/interprete.dir/home/jfvera/pico/pico-sdk/src/rp2_common/pico_stdio_usb/stdio_usb_descriptors.c.o
                0x10002a00                tud_descriptor_string_cb
 .text.startup._retrieve_unique_id_on_boot
                0x10002a78       0x10 CMakeFiles/interprete.dir/home/jfvera/pico/pico-sdk/src/rp2_common/pico_unique_id/unique_id.c.o
 .text.pico_get_unique_board_id_string
                0x10002a88      0x1a8 CMakeFiles/interprete.dir/home/jfvera/pico/pico-sdk/src/rp2_common/pico_unique_id/unique_id.c.o
                0x10002a88                pico_get_unique_board_id_string
 .text.flash_get_unique_id
                0x10002c30       0x3c CMakeFiles/interprete.dir/home/jfvera/pico/pico-sdk/src/rp2_common/hardware_flash/flash.c.o
                0x10002c30                flash_get_unique_id
 .text.dcd_init
                0x10002c6c       0x90 CMakeFiles/interprete.dir/home/jfvera/pico/pico-sdk/lib/tinyusb/src/portable/raspberrypi/rp2040/dcd_rp2040.c.o
                0x10002c6c                dcd_init
 .text.dcd_int_enable
                0x10002cfc        0xc CMakeFiles/interprete.dir/home/jfvera/pico/pico-sdk/lib/tinyusb/src/portable/raspberrypi/rp2040/dcd_rp2040.c.o
                0x10002cfc                dcd_int_enable
 .text.dcd_set_address
                0x10002d08       0x14 CMakeFiles/interprete.dir/home/jfvera/pico/pico-sdk/lib/tinyusb/src/portable/raspberrypi/rp2040/dcd_rp2040.c.o
                0x10002d08                dcd_set_address
 .text.dcd_sof_enable
                0x10002d1c       0x1c CMakeFiles/interprete.dir/home/jfvera/pico/pico-sdk/lib/tinyusb/src/portable/raspberrypi/rp2040/dcd_rp2040.c.o
                0x10002d1c                dcd_sof_enable
 .text.dcd_edpt0_status_complete
                0x10002d38       0x1c CMakeFiles/interprete.dir/home/jfvera/pico/pico-sdk/lib/tinyusb/src/portable/raspberrypi/rp2040/dcd_rp2040.c.o
                0x10002d38                dcd_edpt0_status_complete
 .text.dcd_edpt_open
                0x10002d54      0x114 CMakeFiles/interprete.dir/home/jfvera/pico/pico-sdk/lib/tinyusb/src/portable/raspberrypi/rp2040/dcd_rp2040.c.o
                0x10002d54                dcd_edpt_open
 .text.dcd_edpt_close_all
                0x10002e68        0x8 CMakeFiles/interprete.dir/home/jfvera/pico/pico-sdk/lib/tinyusb/src/portable/raspberrypi/rp2040/dcd_rp2040.c.o
                0x10002e68                dcd_edpt_close_all
 .text.dcd_edpt_xfer
                0x10002e70       0x24 CMakeFiles/interprete.dir/home/jfvera/pico/pico-sdk/lib/tinyusb/src/portable/raspberrypi/rp2040/dcd_rp2040.c.o
                0x10002e70                dcd_edpt_xfer
 .text.dcd_edpt_stall
                0x10002e94       0x3c CMakeFiles/interprete.dir/home/jfvera/pico/pico-sdk/lib/tinyusb/src/portable/raspberrypi/rp2040/dcd_rp2040.c.o
                0x10002e94                dcd_edpt_stall
 .text.dcd_edpt_clear_stall
                0x10002ed0       0x30 CMakeFiles/interprete.dir/home/jfvera/pico/pico-sdk/lib/tinyusb/src/portable/raspberrypi/rp2040/dcd_rp2040.c.o
                0x10002ed0                dcd_edpt_clear_stall
 .text.rp2040_usb_init
                0x10002f00       0x40 CMakeFiles/interprete.dir/home/jfvera/pico/pico-sdk/lib/tinyusb/src/portable/raspberrypi/rp2040/rp2040_usb.c.o
                0x10002f00                rp2040_usb_init
 .text.hw_endpoint_xfer_start
                0x10002f40       0x40 CMakeFiles/interprete.dir/home/jfvera/pico/pico-sdk/lib/tinyusb/src/portable/raspberrypi/rp2040/rp2040_usb.c.o
                0x10002f40                hw_endpoint_xfer_start
 .text.tud_event_hook_cb
                0x10002f80        0x4 CMakeFiles/interprete.dir/home/jfvera/pico/pico-sdk/lib/tinyusb/src/device/usbd.c.o
                0x10002f80                tud_event_hook_cb
 .text.tud_sof_cb
                0x10002f84        0x4 CMakeFiles/interprete.dir/home/jfvera/pico/pico-sdk/lib/tinyusb/src/device/usbd.c.o
                0x10002f84                tud_sof_cb
 .text.tud_descriptor_device_qualifier_cb
                0x10002f88        0x4 CMakeFiles/interprete.dir/home/jfvera/pico/pico-sdk/lib/tinyusb/src/device/usbd.c.o
                0x10002f88                tud_descriptor_device_qualifier_cb
 .text.tud_descriptor_other_speed_configuration_cb
                0x10002f8c        0x4 CMakeFiles/interprete.dir/home/jfvera/pico/pico-sdk/lib/tinyusb/src/device/usbd.c.o
                0x10002f8c                tud_descriptor_other_speed_configuration_cb
 .text.tud_mount_cb
                0x10002f90        0x4 CMakeFiles/interprete.dir/home/jfvera/pico/pico-sdk/lib/tinyusb/src/device/usbd.c.o
                0x10002f90                tud_mount_cb
 .text.tud_umount_cb
                0x10002f94        0x4 CMakeFiles/interprete.dir/home/jfvera/pico/pico-sdk/lib/tinyusb/src/device/usbd.c.o
                0x10002f94                tud_umount_cb
 .text.tud_suspend_cb
                0x10002f98        0x4 CMakeFiles/interprete.dir/home/jfvera/pico/pico-sdk/lib/tinyusb/src/device/usbd.c.o
                0x10002f98                tud_suspend_cb
 .text.tud_resume_cb
                0x10002f9c        0x4 CMakeFiles/interprete.dir/home/jfvera/pico/pico-sdk/lib/tinyusb/src/device/usbd.c.o
                0x10002f9c                tud_resume_cb
 .text.tud_mounted
                0x10002fa0       0x10 CMakeFiles/interprete.dir/home/jfvera/pico/pico-sdk/lib/tinyusb/src/device/usbd.c.o
                0x10002fa0                tud_mounted
 .text.tud_suspended
                0x10002fb0       0x10 CMakeFiles/interprete.dir/home/jfvera/pico/pico-sdk/lib/tinyusb/src/device/usbd.c.o
                0x10002fb0                tud_suspended
 .text.tud_rhport_init
                0x10002fc0       0xf4 CMakeFiles/interprete.dir/home/jfvera/pico/pico-sdk/lib/tinyusb/src/device/usbd.c.o
                0x10002fc0                tud_rhport_init
 .text.tud_task_ext
                0x100030b4      0x800 CMakeFiles/interprete.dir/home/jfvera/pico/pico-sdk/lib/tinyusb/src/device/usbd.c.o
                0x100030b4                tud_task_ext
 .text.usbd_open_edpt_pair
                0x100038b4       0x9c CMakeFiles/interprete.dir/home/jfvera/pico/pico-sdk/lib/tinyusb/src/device/usbd.c.o
                0x100038b4                usbd_open_edpt_pair
 .text.usbd_edpt_open
                0x10003950       0x34 CMakeFiles/interprete.dir/home/jfvera/pico/pico-sdk/lib/tinyusb/src/device/usbd.c.o
                0x10003950                usbd_edpt_open
 .text.usbd_edpt_claim
                0x10003984       0x28 CMakeFiles/interprete.dir/home/jfvera/pico/pico-sdk/lib/tinyusb/src/device/usbd.c.o
                0x10003984                usbd_edpt_claim
 .text.usbd_edpt_release
                0x100039ac       0x28 CMakeFiles/interprete.dir/home/jfvera/pico/pico-sdk/lib/tinyusb/src/device/usbd.c.o
                0x100039ac                usbd_edpt_release
 .text.usbd_edpt_xfer
                0x100039d4       0x4c CMakeFiles/interprete.dir/home/jfvera/pico/pico-sdk/lib/tinyusb/src/device/usbd.c.o
                0x100039d4                usbd_edpt_xfer
 .text.tud_control_status
                0x10003a20       0x2c CMakeFiles/interprete.dir/home/jfvera/pico/pico-sdk/lib/tinyusb/src/device/usbd_control.c.o
                0x10003a20                tud_control_status
 .text.tud_control_xfer
                0x10003a4c       0xa8 CMakeFiles/interprete.dir/home/jfvera/pico/pico-sdk/lib/tinyusb/src/device/usbd_control.c.o
                0x10003a4c                tud_control_xfer
 .text.usbd_control_reset
                0x10003af4       0x14 CMakeFiles/interprete.dir/home/jfvera/pico/pico-sdk/lib/tinyusb/src/device/usbd_control.c.o
                0x10003af4                usbd_control_reset
 .text.usbd_control_set_complete_callback
                0x10003b08        0xc CMakeFiles/interprete.dir/home/jfvera/pico/pico-sdk/lib/tinyusb/src/device/usbd_control.c.o
                0x10003b08                usbd_control_set_complete_callback
 .text.usbd_control_set_request
                0x10003b14       0x1c CMakeFiles/interprete.dir/home/jfvera/pico/pico-sdk/lib/tinyusb/src/device/usbd_control.c.o
                0x10003b14                usbd_control_set_request
 .text.usbd_control_xfer_cb
                0x10003b30       0xec CMakeFiles/interprete.dir/home/jfvera/pico/pico-sdk/lib/tinyusb/src/device/usbd_control.c.o
                0x10003b30                usbd_control_xfer_cb
 .text._prep_out_transaction.isra.0
                0x10003c1c       0x6c CMakeFiles/interprete.dir/home/jfvera/pico/pico-sdk/lib/tinyusb/src/class/cdc/cdc_device.c.o
 .text.tud_cdc_n_connected
                0x10003c88       0x2c CMakeFiles/interprete.dir/home/jfvera/pico/pico-sdk/lib/tinyusb/src/class/cdc/cdc_device.c.o
                0x10003c88                tud_cdc_n_connected
 .text.tud_cdc_n_available
                0x10003cb4       0x14 CMakeFiles/interprete.dir/home/jfvera/pico/pico-sdk/lib/tinyusb/src/class/cdc/cdc_device.c.o
                0x10003cb4                tud_cdc_n_available
 .text.tud_cdc_n_read
                0x10003cc8       0x88 CMakeFiles/interprete.dir/home/jfvera/pico/pico-sdk/lib/tinyusb/src/class/cdc/cdc_device.c.o
                0x10003cc8                tud_cdc_n_read
 .text.tud_cdc_n_write_flush
                0x10003d50       0x74 CMakeFiles/interprete.dir/home/jfvera/pico/pico-sdk/lib/tinyusb/src/class/cdc/cdc_device.c.o
                0x10003d50                tud_cdc_n_write_flush
 .text.tud_cdc_n_write
                0x10003dc4       0x40 CMakeFiles/interprete.dir/home/jfvera/pico/pico-sdk/lib/tinyusb/src/class/cdc/cdc_device.c.o
                0x10003dc4                tud_cdc_n_write
 .text.tud_cdc_n_write_available
                0x10003e04       0x14 CMakeFiles/interprete.dir/home/jfvera/pico/pico-sdk/lib/tinyusb/src/class/cdc/cdc_device.c.o
                0x10003e04                tud_cdc_n_write_available
 .text.cdcd_init
                0x10003e18       0x70 CMakeFiles/interprete.dir/home/jfvera/pico/pico-sdk/lib/tinyusb/src/class/cdc/cdc_device.c.o
                0x10003e18                cdcd_init
 .text.cdcd_deinit
                0x10003e88       0x30 CMakeFiles/interprete.dir/home/jfvera/pico/pico-sdk/lib/tinyusb/src/class/cdc/cdc_device.c.o
                0x10003e88                cdcd_deinit
 .text.cdcd_reset
                0x10003eb8       0x4c CMakeFiles/interprete.dir/home/jfvera/pico/pico-sdk/lib/tinyusb/src/class/cdc/cdc_device.c.o
                0x10003eb8                cdcd_reset
 .text.cdcd_open
                0x10003f04       0xa4 CMakeFiles/interprete.dir/home/jfvera/pico/pico-sdk/lib/tinyusb/src/class/cdc/cdc_device.c.o
                0x10003f04                cdcd_open
 .text.cdcd_control_xfer_cb
                0x10003fa8       0xe8 CMakeFiles/interprete.dir/home/jfvera/pico/pico-sdk/lib/tinyusb/src/class/cdc/cdc_device.c.o
                0x10003fa8                cdcd_control_xfer_cb
 .text.cdcd_xfer_cb
                0x10004090      0x100 CMakeFiles/interprete.dir/home/jfvera/pico/pico-sdk/lib/tinyusb/src/class/cdc/cdc_device.c.o
                0x10004090                cdcd_xfer_cb
 .text.vendord_init
                0x10004190       0x5c CMakeFiles/interprete.dir/home/jfvera/pico/pico-sdk/lib/tinyusb/src/class/vendor/vendor_device.c.o
                0x10004190                vendord_init
 .text.vendord_deinit
                0x100041ec       0x1c CMakeFiles/interprete.dir/home/jfvera/pico/pico-sdk/lib/tinyusb/src/class/vendor/vendor_device.c.o
                0x100041ec                vendord_deinit
 .text.vendord_reset
                0x10004208       0x28 CMakeFiles/interprete.dir/home/jfvera/pico/pico-sdk/lib/tinyusb/src/class/vendor/vendor_device.c.o
                0x10004208                vendord_reset
 .text.vendord_open
                0x10004230      0x120 CMakeFiles/interprete.dir/home/jfvera/pico/pico-sdk/lib/tinyusb/src/class/vendor/vendor_device.c.o
                0x10004230                vendord_open
 .text.vendord_xfer_cb
                0x10004350       0x9c CMakeFiles/interprete.dir/home/jfvera/pico/pico-sdk/lib/tinyusb/src/class/vendor/vendor_device.c.o
                0x10004350                vendord_xfer_cb
 .text.tusb_rhport_init
                0x100043ec       0x4c CMakeFiles/interprete.dir/home/jfvera/pico/pico-sdk/lib/tinyusb/src/tusb.c.o
                0x100043ec                tusb_rhport_init
 .text.tu_edpt_claim
                0x10004438       0x50 CMakeFiles/interprete.dir/home/jfvera/pico/pico-sdk/lib/tinyusb/src/tusb.c.o
                0x10004438                tu_edpt_claim
 .text.tu_edpt_release
                0x10004488       0x38 CMakeFiles/interprete.dir/home/jfvera/pico/pico-sdk/lib/tinyusb/src/tusb.c.o
                0x10004488                tu_edpt_release
 .text.tu_edpt_validate
                0x100044c0       0x7c CMakeFiles/interprete.dir/home/jfvera/pico/pico-sdk/lib/tinyusb/src/tusb.c.o
                0x100044c0                tu_edpt_validate
 .text.tu_edpt_bind_driver
                0x1000453c       0x34 CMakeFiles/interprete.dir/home/jfvera/pico/pico-sdk/lib/tinyusb/src/tusb.c.o
                0x1000453c                tu_edpt_bind_driver
 .text.tu_edpt_stream_init
                0x10004570       0x6c CMakeFiles/interprete.dir/home/jfvera/pico/pico-sdk/lib/tinyusb/src/tusb.c.o
                0x10004570                tu_edpt_stream_init
 .text.tu_edpt_stream_deinit
                0x100045dc        0x4 CMakeFiles/interprete.dir/home/jfvera/pico/pico-sdk/lib/tinyusb/src/tusb.c.o
                0x100045dc                tu_edpt_stream_deinit
 .text.tu_edpt_stream_write_zlp_if_needed
                0x100045e0       0x68 CMakeFiles/interprete.dir/home/jfvera/pico/pico-sdk/lib/tinyusb/src/tusb.c.o
                0x100045e0                tu_edpt_stream_write_zlp_if_needed
 .text.tu_edpt_stream_write_xfer
                0x10004648       0x68 CMakeFiles/interprete.dir/home/jfvera/pico/pico-sdk/lib/tinyusb/src/tusb.c.o
                0x10004648                tu_edpt_stream_write_xfer
 .text.tu_edpt_stream_read_xfer
                0x100046b0       0xd8 CMakeFiles/interprete.dir/home/jfvera/pico/pico-sdk/lib/tinyusb/src/tusb.c.o
                0x100046b0                tu_edpt_stream_read_xfer
 .text.tu_fifo_config
                0x10004788       0x6c CMakeFiles/interprete.dir/home/jfvera/pico/pico-sdk/lib/tinyusb/src/common/tusb_fifo.c.o
                0x10004788                tu_fifo_config
 .text.tu_fifo_count
                0x100047f4       0x2c CMakeFiles/interprete.dir/home/jfvera/pico/pico-sdk/lib/tinyusb/src/common/tusb_fifo.c.o
                0x100047f4                tu_fifo_count
 .text.tu_fifo_empty
                0x10004820       0x10 CMakeFiles/interprete.dir/home/jfvera/pico/pico-sdk/lib/tinyusb/src/common/tusb_fifo.c.o
                0x10004820                tu_fifo_empty
 .text.tu_fifo_remaining
                0x10004830       0x2c CMakeFiles/interprete.dir/home/jfvera/pico/pico-sdk/lib/tinyusb/src/common/tusb_fifo.c.o
                0x10004830                tu_fifo_remaining
 .text.tu_fifo_read
                0x1000485c       0x9c CMakeFiles/interprete.dir/home/jfvera/pico/pico-sdk/lib/tinyusb/src/common/tusb_fifo.c.o
                0x1000485c                tu_fifo_read
 .text.tu_fifo_read_n
                0x100048f8       0xe8 CMakeFiles/interprete.dir/home/jfvera/pico/pico-sdk/lib/tinyusb/src/common/tusb_fifo.c.o
                0x100048f8                tu_fifo_read_n
 .text.tu_fifo_write
                0x100049e0       0xa4 CMakeFiles/interprete.dir/home/jfvera/pico/pico-sdk/lib/tinyusb/src/common/tusb_fifo.c.o
                0x100049e0                tu_fifo_write
 .text.tu_fifo_write_n
                0x10004a84      0x178 CMakeFiles/interprete.dir/home/jfvera/pico/pico-sdk/lib/tinyusb/src/common/tusb_fifo.c.o
                0x10004a84                tu_fifo_write_n
 .text.tu_fifo_clear
                0x10004bfc       0x40 CMakeFiles/interprete.dir/home/jfvera/pico/pico-sdk/lib/tinyusb/src/common/tusb_fifo.c.o
                0x10004bfc                tu_fifo_clear
 .text.tu_fifo_set_overwritable
                0x10004c3c       0x48 CMakeFiles/interprete.dir/home/jfvera/pico/pico-sdk/lib/tinyusb/src/common/tusb_fifo.c.o
                0x10004c3c                tu_fifo_set_overwritable
 .text          0x10004c84       0x5c /usr/lib/gcc/arm-none-eabi/14.2.1/../../../arm-none-eabi/lib/thumb/v6-m/nofp/libg.a(libc_a-strlen-stub.o)
                0x10004c84                strlen
 .text          0x10004ce0       0x14 /usr/lib/gcc/arm-none-eabi/14.2.1/../../../arm-none-eabi/lib/thumb/v6-m/nofp/libg.a(libc_a-strtok.o)
                0x10004ce0                strtok
 .text          0x10004cf4       0x28 /usr/lib/gcc/arm-none-eabi/14.2.1/../../../arm-none-eabi/lib/thumb/v6-m/nofp/libg.a(libc_a-fini.o)
                0x10004cf4                __libc_fini_array
 .text          0x10004d1c       0x70 /usr/lib/gcc/arm-none-eabi/14.2.1/../../../arm-none-eabi/lib/thumb/v6-m/nofp/libg.a(libc_a-strtok_r.o)
                0x10004d1c                __strtok_r
                0x10004d80                strtok_r
 .text          0x10004d8c       0x10 /usr/lib/gcc/arm-none-eabi/14.2.1/../../../arm-none-eabi/lib/thumb/v6-m/nofp/libg.a(libc_a-atexit.o)
                0x10004d8c                atexit
 .text          0x10004d9c       0x88 /usr/lib/gcc/arm-none-eabi/14.2.1/../../../arm-none-eabi/lib/thumb/v6-m/nofp/libg.a(libc_a-strcmp.o)
                0x10004d9c                strcmp
 .text          0x10004e24       0x78 /usr/lib/gcc/arm-none-eabi/14.2.1/../../../arm-none-eabi/lib/thumb/v6-m/nofp/libg.a(libc_a-__atexit.o)
                0x10004e24                __register_exitproc
 .text.startup  0x10004e9c       0x18 /usr/lib/gcc/arm-none-eabi/14.2.1/../../../arm-none-eabi/lib/thumb/v6-m/nofp/libg.a(libc_a-__call_atexit.o)
 *(.fini)
 .fini          0x10004eb4        0x4 /usr/lib/gcc/arm-none-eabi/14.2.1/thumb/v6-m/nofp/crti.o
                0x10004eb4                _fini
 .fini.__stub   0x10004eb8       0xe0 linker stubs
 *crtbegin.o(.ctors)
 *crtbegin?.o(.ctors)
 *(EXCLUDE_FILE(*crtend.o *crtend?.o) .ctors)
 *(SORT_BY_NAME(.ctors.*))
 *(.ctors)
 *crtbegin.o(.dtors)
 *crtbegin?.o(.dtors)
 *(EXCLUDE_FILE(*crtend.o *crtend?.o) .dtors)
 *(SORT_BY_NAME(.dtors.*))
 *(.dtors)
                0x10004f98                        . = ALIGN (0x4)
                0x10004f98                        PROVIDE (__preinit_array_start = .)
 *(SORT_BY_NAME(.preinit_array.*))
 .preinit_array.00100
                0x10004f98        0x4 CMakeFiles/interprete.dir/home/jfvera/pico/pico-sdk/src/rp2_common/pico_runtime_init/runtime_init.c.o
                0x10004f98                __pre_init_runtime_init_early_resets
 .preinit_array.00101
                0x10004f9c        0x4 CMakeFiles/interprete.dir/home/jfvera/pico/pico-sdk/src/rp2_common/pico_runtime_init/runtime_init.c.o
                0x10004f9c                __pre_init_runtime_init_usb_power_down
 .preinit_array.00275
                0x10004fa0        0x4 CMakeFiles/interprete.dir/home/jfvera/pico/pico-sdk/src/rp2_common/pico_bit_ops/bit_ops_aeabi.S.o
 .preinit_array.00300
                0x10004fa4        0x4 CMakeFiles/interprete.dir/home/jfvera/pico/pico-sdk/src/rp2_common/pico_mem_ops/mem_ops_aeabi.S.o
 .preinit_array.00350
                0x10004fa8        0x4 CMakeFiles/interprete.dir/home/jfvera/pico/pico-sdk/src/rp2_common/pico_double/double_aeabi_rp2040.S.o
 .preinit_array.00350
                0x10004fac        0x4 CMakeFiles/interprete.dir/home/jfvera/pico/pico-sdk/src/rp2_common/pico_float/float_aeabi_rp2040.S.o
 .preinit_array.00500
                0x10004fb0        0x4 CMakeFiles/interprete.dir/home/jfvera/pico/pico-sdk/src/rp2_common/pico_runtime_init/runtime_init.c.o
                0x10004fb0                __pre_init_runtime_init_clocks
 .preinit_array.00600
                0x10004fb4        0x4 CMakeFiles/interprete.dir/home/jfvera/pico/pico-sdk/src/rp2_common/pico_runtime_init/runtime_init.c.o
                0x10004fb4                __pre_init_runtime_init_post_clock_resets
 .preinit_array.00700
                0x10004fb8        0x4 CMakeFiles/interprete.dir/home/jfvera/pico/pico-sdk/src/rp2_common/pico_runtime_init/runtime_init.c.o
                0x10004fb8                __pre_init_runtime_init_rp2040_gpio_ie_disable
 .preinit_array.01000
                0x10004fbc        0x4 CMakeFiles/interprete.dir/home/jfvera/pico/pico-sdk/src/rp2_common/pico_runtime_init/runtime_init.c.o
                0x10004fbc                __pre_init_runtime_init_spin_locks_reset
 .preinit_array.01100
                0x10004fc0        0x4 CMakeFiles/interprete.dir/home/jfvera/pico/pico-sdk/src/common/pico_sync/mutex.c.o
                0x10004fc0                __pre_init_runtime_init_mutex
 .preinit_array.10080
                0x10004fc4        0x4 CMakeFiles/interprete.dir/home/jfvera/pico/pico-sdk/src/rp2_common/pico_runtime_init/runtime_init.c.o
                0x10004fc4                __pre_init_runtime_init_install_ram_vector_table
 .preinit_array.11000
                0x10004fc8        0x4 CMakeFiles/interprete.dir/home/jfvera/pico/pico-sdk/src/common/pico_time/time.c.o
                0x10004fc8                __pre_init_runtime_init_default_alarm_pool
 .preinit_array.YYYYY
                0x10004fcc        0x4 CMakeFiles/interprete.dir/home/jfvera/pico/pico-sdk/src/rp2_common/pico_runtime/runtime.c.o
                0x10004fcc                __pre_init_first_per_core_initializer
 .preinit_array.ZZZZZ.01200
                0x10004fd0        0x4 CMakeFiles/interprete.dir/home/jfvera/pico/pico-sdk/src/rp2_common/hardware_irq/irq.c.o
                0x10004fd0                __pre_init_runtime_init_per_core_irq_priorities
 *(.preinit_array)
                0x10004fd4                        PROVIDE (__preinit_array_end = .)
                0x10004fd4                        . = ALIGN (0x4)
                0x10004fd4                        PROVIDE (__init_array_start = .)
 *(SORT_BY_NAME(.init_array.*))
 .init_array.00000
                0x10004fd4        0x4 /usr/lib/gcc/arm-none-eabi/14.2.1/../../../arm-none-eabi/lib/thumb/v6-m/nofp/libg.a(libc_a-__call_atexit.o)
 .init_array.01000
                0x10004fd8        0x4 CMakeFiles/interprete.dir/home/jfvera/pico/pico-sdk/src/rp2_common/pico_unique_id/unique_id.c.o
 *(.init_array)
 .init_array    0x10004fdc        0x4 /usr/lib/gcc/arm-none-eabi/14.2.1/thumb/v6-m/nofp/crtbegin.o
                0x10004fe0                        PROVIDE (__init_array_end = .)
                0x10004fe0                        . = ALIGN (0x4)
                0x10004fe0                        PROVIDE (__fini_array_start = .)
 *(SORT_BY_NAME(.fini_array.*))
 *(.fini_array)
                0x10004fe0                        PROVIDE (__fini_array_end = .)
 *(.eh_frame*)
 .eh_frame      0x10004fe0        0x0 /usr/lib/gcc/arm-none-eabi/14.2.1/thumb/v6-m/nofp/crtbegin.o
                0x10004fe0                        . = ALIGN (0x4)

.glue_7         0x10004fe0        0x0
 .glue_7        0x10004fe0        0x0 linker stubs

.glue_7t        0x10004fe0        0x0
 .glue_7t       0x10004fe0        0x0 linker stubs

.vfp11_veneer   0x10004fe0        0x0
 .vfp11_veneer  0x10004fe0        0x0 linker stubs

.v4_bx          0x10004fe0        0x0
 .v4_bx         0x10004fe0        0x0 linker stubs

.iplt           0x10004fe0        0x0
 .iplt          0x10004fe0        0x0 /usr/lib/gcc/arm-none-eabi/14.2.1/thumb/v6-m/nofp/crtbegin.o

.rodata         0x10004fe0      0x52c
 *(EXCLUDE_FILE(*libm.a: *libc.a:*lib_a-mem*.o *libgcc.a:) .rodata*)
 .rodata.identificar_comando.str1.4
                0x10004fe0      0x258 CMakeFiles/interprete.dir/src/main.c.o
                                 0x28 (size before relaxing)
 .rodata.gets_biosstring.str1.4
                0x10005238        0x7 CMakeFiles/interprete.dir/src/main.c.o
 .rodata.ejecutar_interprete.str1.4
                0x10005238       0xa4 CMakeFiles/interprete.dir/src/main.c.o
 .rodata.panic.str1.4
                0x10005238       0x12 CMakeFiles/interprete.dir/home/jfvera/pico/pico-sdk/src/rp2_common/pico_platform_panic/panic.c.o
 .rodata.spin_lock_claim_unused.str1.4
                0x10005238       0x1b CMakeFiles/interprete.dir/home/jfvera/pico/pico-sdk/src/rp2_common/hardware_sync/sync.c.o
 .rodata.user_irq_claim_unused.str1.4
                0x10005238       0x1b CMakeFiles/interprete.dir/home/jfvera/pico/pico-sdk/src/rp2_common/hardware_irq/irq.c.o
 .rodata.timer_hardware_alarm_claim.str1.4
                0x10005238       0x22 CMakeFiles/interprete.dir/home/jfvera/pico/pico-sdk/src/rp2_common/hardware_timer/timer.c.o
 .rodata.hard_assertion_failure.str1.4
                0x10005238        0xc CMakeFiles/interprete.dir/home/jfvera/pico/pico-sdk/src/rp2_common/pico_runtime/runtime.c.o
 .rodata.str1.4
                0x10005238       0x40 CMakeFiles/interprete.dir/home/jfvera/pico/pico-sdk/src/rp2_common/pico_standard_binary_info/standard_binary_info.c.o
 .rodata.__bi_84
                0x10005238        0xc CMakeFiles/interprete.dir/home/jfvera/pico/pico-sdk/src/rp2_common/pico_standard_binary_info/standard_binary_info.c.o
 .rodata.__bi_78
                0x10005244        0xc CMakeFiles/interprete.dir/home/jfvera/pico/pico-sdk/src/rp2_common/pico_standard_binary_info/standard_binary_info.c.o
 .rodata.__bi_54
                0x10005250        0xc CMakeFiles/interprete.dir/home/jfvera/pico/pico-sdk/src/rp2_common/pico_standard_binary_info/standard_binary_info.c.o
 .rodata.__bi_48
                0x1000525c        0xc CMakeFiles/interprete.dir/home/jfvera/pico/pico-sdk/src/rp2_common/pico_standard_binary_info/standard_binary_info.c.o
 .rodata.__bi_42
                0x10005268        0xc CMakeFiles/interprete.dir/home/jfvera/pico/pico-sdk/src/rp2_common/pico_standard_binary_info/standard_binary_info.c.o
 .rodata.__bi_34
                0x10005274        0xc CMakeFiles/interprete.dir/home/jfvera/pico/pico-sdk/src/rp2_common/pico_standard_binary_info/standard_binary_info.c.o
 .rodata.__bi_26
                0x10005280        0xc CMakeFiles/interprete.dir/home/jfvera/pico/pico-sdk/src/rp2_common/pico_standard_binary_info/standard_binary_info.c.o
 .rodata.crlf_str.0
                0x1000528c        0x2 CMakeFiles/interprete.dir/home/jfvera/pico/pico-sdk/src/rp2_common/pico_stdio/stdio.c.o
 .rodata.str1.4
                0x1000528e       0x2c CMakeFiles/interprete.dir/home/jfvera/pico/pico-sdk/src/rp2_common/pico_stdio_uart/stdio_uart.c.o
 *fill*         0x1000528e        0x2 
 .rodata.__bi_45.4
                0x10005290        0xc CMakeFiles/interprete.dir/home/jfvera/pico/pico-sdk/src/rp2_common/pico_stdio_uart/stdio_uart.c.o
 .rodata.__bi_49.5
                0x1000529c        0x8 CMakeFiles/interprete.dir/home/jfvera/pico/pico-sdk/src/rp2_common/pico_stdio_uart/stdio_uart.c.o
 .rodata.__bi_50.6
                0x100052a4        0x8 CMakeFiles/interprete.dir/home/jfvera/pico/pico-sdk/src/rp2_common/pico_stdio_uart/stdio_uart.c.o
 .rodata._resetd_driver
                0x100052ac       0x20 CMakeFiles/interprete.dir/home/jfvera/pico/pico-sdk/src/rp2_common/pico_stdio_usb/reset_interface.c.o
 .rodata.desc_ms_os_20
                0x100052cc       0xa6 CMakeFiles/interprete.dir/home/jfvera/pico/pico-sdk/src/rp2_common/pico_stdio_usb/reset_interface.c.o
 *fill*         0x10005372        0x2 
 .rodata.desc_bos
                0x10005374       0x21 CMakeFiles/interprete.dir/home/jfvera/pico/pico-sdk/src/rp2_common/pico_stdio_usb/reset_interface.c.o
                0x10005374                desc_bos
 .rodata.str1.4
                0x10005395       0x13 CMakeFiles/interprete.dir/home/jfvera/pico/pico-sdk/src/rp2_common/pico_stdio_usb/stdio_usb.c.o
 *fill*         0x10005395        0x3 
 .rodata.__bi_202.0
                0x10005398        0xc CMakeFiles/interprete.dir/home/jfvera/pico/pico-sdk/src/rp2_common/pico_stdio_usb/stdio_usb.c.o
 .rodata.str1.4
                0x100053a4       0x2a CMakeFiles/interprete.dir/home/jfvera/pico/pico-sdk/src/rp2_common/pico_stdio_usb/stdio_usb_descriptors.c.o
 .rodata.usbd_desc_str
                0x100053a4       0x18 CMakeFiles/interprete.dir/home/jfvera/pico/pico-sdk/src/rp2_common/pico_stdio_usb/stdio_usb_descriptors.c.o
 .rodata.usbd_desc_cfg
                0x100053bc       0x54 CMakeFiles/interprete.dir/home/jfvera/pico/pico-sdk/src/rp2_common/pico_stdio_usb/stdio_usb_descriptors.c.o
 .rodata.usbd_desc_device
                0x10005410       0x12 CMakeFiles/interprete.dir/home/jfvera/pico/pico-sdk/src/rp2_common/pico_stdio_usb/stdio_usb_descriptors.c.o
 .rodata.str1.4
                0x10005422       0x14 CMakeFiles/interprete.dir/home/jfvera/pico/pico-sdk/lib/tinyusb/src/portable/raspberrypi/rp2040/dcd_rp2040.c.o
 .rodata.str1.4
                0x10005422       0x48 CMakeFiles/interprete.dir/home/jfvera/pico/pico-sdk/lib/tinyusb/src/portable/raspberrypi/rp2040/rp2040_usb.c.o
 *fill*         0x10005422        0x2 
 .rodata.tud_task_ext
                0x10005424       0x8c CMakeFiles/interprete.dir/home/jfvera/pico/pico-sdk/lib/tinyusb/src/device/usbd.c.o
 .rodata        0x100054b0       0x1c CMakeFiles/interprete.dir/home/jfvera/pico/pico-sdk/lib/tinyusb/src/device/usbd.c.o
 .rodata._usbd_driver
                0x100054cc       0x40 CMakeFiles/interprete.dir/home/jfvera/pico/pico-sdk/lib/tinyusb/src/device/usbd.c.o
                0x1000550c                        . = ALIGN (0x4)
 *(SORT_BY_ALIGNMENT(SORT_BY_NAME(.flashdata*)))
                0x1000550c                        . = ALIGN (0x4)

.ARM.extab
 *(.ARM.extab* .gnu.linkonce.armextab.*)
                0x1000550c                        __exidx_start = .

.ARM.exidx
 *(.ARM.exidx* .gnu.linkonce.armexidx.*)
                0x1000550c                        __exidx_end = .
                0x1000550c                        . = ALIGN (0x4)
                0x1000550c                        __binary_info_start = .

.binary_info    0x1000550c       0x2c
 *(.binary_info.keep.*)
 .binary_info.keep.__bi_ptr84
                0x1000550c        0x4 CMakeFiles/interprete.dir/home/jfvera/pico/pico-sdk/src/rp2_common/pico_standard_binary_info/standard_binary_info.c.o
 .binary_info.keep.__bi_ptr78
                0x10005510        0x4 CMakeFiles/interprete.dir/home/jfvera/pico/pico-sdk/src/rp2_common/pico_standard_binary_info/standard_binary_info.c.o
 .binary_info.keep.__bi_ptr54
                0x10005514        0x4 CMakeFiles/interprete.dir/home/jfvera/pico/pico-sdk/src/rp2_common/pico_standard_binary_info/standard_binary_info.c.o
 .binary_info.keep.__bi_ptr48
                0x10005518        0x4 CMakeFiles/interprete.dir/home/jfvera/pico/pico-sdk/src/rp2_common/pico_standard_binary_info/standard_binary_info.c.o
 .binary_info.keep.__bi_ptr42
                0x1000551c        0x4 CMakeFiles/interprete.dir/home/jfvera/pico/pico-sdk/src/rp2_common/pico_standard_binary_info/standard_binary_info.c.o
 .binary_info.keep.__bi_ptr34
                0x10005520        0x4 CMakeFiles/interprete.dir/home/jfvera/pico/pico-sdk/src/rp2_common/pico_standard_binary_info/standard_binary_info.c.o
 .binary_info.keep.__bi_ptr26
                0x10005524        0x4 CMakeFiles/interprete.dir/home/jfvera/pico/pico-sdk/src/rp2_common/pico_standard_binary_info/standard_binary_info.c.o
 *(.binary_info.*)
 .binary_info.__bi_ptr50
                0x10005528        0x4 CMakeFiles/interprete.dir/home/jfvera/pico/pico-sdk/src/rp2_common/pico_stdio_uart/stdio_uart.c.o
 .binary_info.__bi_ptr49
                0x1000552c        0x4 CMakeFiles/interprete.dir/home/jfvera/pico/pico-sdk/src/rp2_common/pico_stdio_uart/stdio_uart.c.o
 .binary_info.__bi_ptr45
                0x10005530        0x4 CMakeFiles/interprete.dir/home/jfvera/pico/pico-sdk/src/rp2_common/pico_stdio_uart/stdio_uart.c.o
 .binary_info.__bi_ptr202
                0x10005534        0x4 CMakeFiles/interprete.dir/home/jfvera/pico/pico-sdk/src/rp2_common/pico_stdio_usb/stdio_usb.c.o
                0x10005538                        __binary_info_end = .
                0x10005538                        . = ALIGN (0x4)

.ram_vector_table
                0x20000000       0xc0
 *(.ram_vector_table)
 .ram_vector_table
                0x20000000       0xc0 CMakeFiles/interprete.dir/home/jfvera/pico/pico-sdk/src/rp2_common/pico_runtime_init/runtime_init.c.o
                0x20000000                ram_vector_table

.uninitialized_data
                0x200000c0        0x0
                0x200000c0                        . = ALIGN (0x4)
 *(.uninitialized_data*)

.data           0x200000c0     0x11a0 load address 0x10005538
                0x200000c0                        __data_start__ = .
 *(vtable)
 *(.time_critical*)
 .time_critical."bios_putchar"
                0x200000c0       0x50 CMakeFiles/interprete.dir/src/bios.S.o
                0x200000c0                bios_putchar
                0x200000ce                bios_getchar
                0x200000dc                bios_cls
 .time_critical.mutex_try_enter
                0x20000110       0x40 CMakeFiles/interprete.dir/home/jfvera/pico/pico-sdk/src/common/pico_sync/mutex.c.o
                0x20000110                mutex_try_enter
 .time_critical.mutex_try_enter_block_until
                0x20000150       0x98 CMakeFiles/interprete.dir/home/jfvera/pico/pico-sdk/src/common/pico_sync/mutex.c.o
                0x20000150                mutex_try_enter_block_until
 .time_critical.mutex_enter_timeout_ms
                0x200001e8       0x8c CMakeFiles/interprete.dir/home/jfvera/pico/pico-sdk/src/common/pico_sync/mutex.c.o
                0x200001e8                mutex_enter_timeout_ms
 .time_critical.mutex_exit
                0x20000274       0x28 CMakeFiles/interprete.dir/home/jfvera/pico/pico-sdk/src/common/pico_sync/mutex.c.o
                0x20000274                mutex_exit
 .time_critical.flash_init_boot2_copyout
                0x2000029c       0x30 CMakeFiles/interprete.dir/home/jfvera/pico/pico-sdk/src/rp2_common/hardware_flash/flash.c.o
 .time_critical.flash_enable_xip_via_boot2
                0x200002cc        0xc CMakeFiles/interprete.dir/home/jfvera/pico/pico-sdk/src/rp2_common/hardware_flash/flash.c.o
 .time_critical.flash_save_hardware_state
                0x200002d8       0x20 CMakeFiles/interprete.dir/home/jfvera/pico/pico-sdk/src/rp2_common/hardware_flash/flash.c.o
 .time_critical.flash_restore_hardware_state
                0x200002f8       0x20 CMakeFiles/interprete.dir/home/jfvera/pico/pico-sdk/src/rp2_common/hardware_flash/flash.c.o
 .time_critical.flash_cs_force
                0x20000318       0x38 CMakeFiles/interprete.dir/home/jfvera/pico/pico-sdk/src/rp2_common/hardware_flash/flash.c.o
 .time_critical.flash_do_cmd
                0x20000350      0x13c CMakeFiles/interprete.dir/home/jfvera/pico/pico-sdk/src/rp2_common/hardware_flash/flash.c.o
                0x20000350                flash_do_cmd
 .time_critical.reset_non_control_endpoints
                0x2000048c       0x68 CMakeFiles/interprete.dir/home/jfvera/pico/pico-sdk/lib/tinyusb/src/portable/raspberrypi/rp2040/dcd_rp2040.c.o
 .time_critical.hw_handle_buff_status
                0x200004f4       0xa0 CMakeFiles/interprete.dir/home/jfvera/pico/pico-sdk/lib/tinyusb/src/portable/raspberrypi/rp2040/dcd_rp2040.c.o
 .time_critical.dcd_rp2040_irq
                0x20000594      0x548 CMakeFiles/interprete.dir/home/jfvera/pico/pico-sdk/lib/tinyusb/src/portable/raspberrypi/rp2040/dcd_rp2040.c.o
 .time_critical.prepare_ep_buffer
                0x20000adc       0xc8 CMakeFiles/interprete.dir/home/jfvera/pico/pico-sdk/lib/tinyusb/src/portable/raspberrypi/rp2040/rp2040_usb.c.o
 .time_critical.sync_ep_buffer
                0x20000ba4       0x9c CMakeFiles/interprete.dir/home/jfvera/pico/pico-sdk/lib/tinyusb/src/portable/raspberrypi/rp2040/rp2040_usb.c.o
 .time_critical._hw_endpoint_xfer_sync
                0x20000c40       0x28 CMakeFiles/interprete.dir/home/jfvera/pico/pico-sdk/lib/tinyusb/src/portable/raspberrypi/rp2040/rp2040_usb.c.o
 .time_critical.e15_is_bulkin_ep
                0x20000c68       0x28 CMakeFiles/interprete.dir/home/jfvera/pico/pico-sdk/lib/tinyusb/src/portable/raspberrypi/rp2040/rp2040_usb.c.o
 .time_critical.e15_is_critical_frame_period
                0x20000c90       0x34 CMakeFiles/interprete.dir/home/jfvera/pico/pico-sdk/lib/tinyusb/src/portable/raspberrypi/rp2040/rp2040_usb.c.o
 .time_critical.hw_endpoint_reset_transfer
                0x20000cc4        0xc CMakeFiles/interprete.dir/home/jfvera/pico/pico-sdk/lib/tinyusb/src/portable/raspberrypi/rp2040/rp2040_usb.c.o
                0x20000cc4                hw_endpoint_reset_transfer
 .time_critical._hw_endpoint_buffer_control_update32
                0x20000cd0       0x50 CMakeFiles/interprete.dir/home/jfvera/pico/pico-sdk/lib/tinyusb/src/portable/raspberrypi/rp2040/rp2040_usb.c.o
                0x20000cd0                _hw_endpoint_buffer_control_update32
 .time_critical.hw_endpoint_start_next_buffer
                0x20000d20       0x68 CMakeFiles/interprete.dir/home/jfvera/pico/pico-sdk/lib/tinyusb/src/portable/raspberrypi/rp2040/rp2040_usb.c.o
                0x20000d20                hw_endpoint_start_next_buffer
 .time_critical.hw_endpoint_xfer_continue
                0x20000d88       0x40 CMakeFiles/interprete.dir/home/jfvera/pico/pico-sdk/lib/tinyusb/src/portable/raspberrypi/rp2040/rp2040_usb.c.o
                0x20000d88                hw_endpoint_xfer_continue
 .time_critical.tinyusb
                0x20000dc8      0x1e4 CMakeFiles/interprete.dir/home/jfvera/pico/pico-sdk/lib/tinyusb/src/device/usbd.c.o
                0x20000dc8                dcd_event_handler
 *(.text*)
 .text          0x20000fac        0x4 /usr/lib/gcc/arm-none-eabi/14.2.1/thumb/v6-m/nofp/libgcc.a(_dvmd_tls.o)
                0x20000fac                __aeabi_ldiv0
                0x20000fac                __aeabi_idiv0
 .text.__stub   0x20000fb0       0x80 linker stubs
                0x20001030                        . = ALIGN (0x4)
 *(.rodata*)
                0x20001030                        . = ALIGN (0x4)
 *(.data*)
 .data.striped_spin_lock_num
                0x20001030        0x1 CMakeFiles/interprete.dir/home/jfvera/pico/pico-sdk/src/rp2_common/hardware_sync/sync.c.o
 *fill*         0x20001031        0x3 
 .data          0x20001034       0x48 CMakeFiles/interprete.dir/home/jfvera/pico/pico-sdk/src/rp2_common/hardware_irq/irq_handler_chain.S.o
                0x20001034                irq_handler_chain_slots
                0x20001064                irq_handler_chain_first_slot
                0x2000106e                irq_handler_chain_remove_tail
 .data.default_alarm_pool
                0x2000107c       0x18 CMakeFiles/interprete.dir/home/jfvera/pico/pico-sdk/src/common/pico_time/time.c.o
 *fill*         0x20001094        0xc 
 .data.aeabi_bits_funcs
                0x200010a0       0x10 CMakeFiles/interprete.dir/home/jfvera/pico/pico-sdk/src/rp2_common/pico_bit_ops/bit_ops_aeabi.S.o
                0x200010a0                aeabi_bits_funcs
                0x200010b0                aeabi_bits_funcs_end
 .data.aeabi_mem_funcs
                0x200010b0       0x10 CMakeFiles/interprete.dir/home/jfvera/pico/pico-sdk/src/rp2_common/pico_mem_ops/mem_ops_aeabi.S.o
                0x200010b0                aeabi_mem_funcs
                0x200010c0                aeabi_mem_funcs_end
 .data.stdio_uart
                0x200010c0       0x18 CMakeFiles/interprete.dir/home/jfvera/pico/pico-sdk/src/rp2_common/pico_stdio_uart/stdio_uart.c.o
                0x200010c0                stdio_uart
 .data.stdio_usb
                0x200010d8       0x18 CMakeFiles/interprete.dir/home/jfvera/pico/pico-sdk/src/rp2_common/pico_stdio_usb/stdio_usb.c.o
                0x200010d8                stdio_usb
 .data._usbd_qdef
                0x200010f0       0x1c CMakeFiles/interprete.dir/home/jfvera/pico/pico-sdk/lib/tinyusb/src/device/usbd.c.o
                0x200010f0                _usbd_qdef
 .data._usbd_rhport
                0x2000110c        0x1 CMakeFiles/interprete.dir/home/jfvera/pico/pico-sdk/lib/tinyusb/src/device/usbd.c.o
 *fill*         0x2000110d        0x3 
 .data          0x20001110      0x148 /usr/lib/gcc/arm-none-eabi/14.2.1/../../../arm-none-eabi/lib/thumb/v6-m/nofp/libg.a(libc_a-impure.o)
                0x20001110                _impure_ptr
                0x20001118                _impure_data
                0x20001258                        . = ALIGN (0x4)
 *(.after_data.*)
                0x20001258                        . = ALIGN (0x4)
                0x20001258                        PROVIDE (__mutex_array_start = .)
 *(SORT_BY_NAME(.mutex_array.*))
 *(.mutex_array)
 .mutex_array   0x20001258        0x8 CMakeFiles/interprete.dir/home/jfvera/pico/pico-sdk/src/rp2_common/pico_stdio/stdio.c.o
                0x20001260                        PROVIDE (__mutex_array_end = .)
                0x20001260                        . = ALIGN (0x4)
 *(.jcr)
                0x20001260                        . = ALIGN (0x4)

.tm_clone_table
                0x20001260        0x0 load address 0x100066d8
 .tm_clone_table
                0x20001260        0x0 /usr/lib/gcc/arm-none-eabi/14.2.1/thumb/v6-m/nofp/crtbegin.o
 .tm_clone_table
                0x20001260        0x0 /usr/lib/gcc/arm-none-eabi/14.2.1/thumb/v6-m/nofp/crtend.o

.igot.plt       0x20001260        0x0 load address 0x100066d8
 .igot.plt      0x20001260        0x0 /usr/lib/gcc/arm-none-eabi/14.2.1/thumb/v6-m/nofp/crtbegin.o

.tdata          0x20001260        0x0 load address 0x100066d8
                0x20001260                        . = ALIGN (0x4)
 *(.tdata .tdata.* .gnu.linkonce.td.*)
                0x20001260                        __tdata_end = .
                0x20001260                        PROVIDE (__data_end__ = .)
                0x10005538                        __etext = LOADADDR (.data)

.tbss           0x20001260        0x0 load address 0x100066d8
                0x20001260                        . = ALIGN (0x4)
                0x20001260                        __bss_start__ = .
                0x20001260                        __tls_base = .
 *(.tbss .tbss.* .gnu.linkonce.tb.*)
 *(.tcommon)
                0x20001260                        __tls_end = .

.bss            0x20001260     0x11e0 load address 0x100066d8
                0x20001260                        . = ALIGN (0x4)
                0x20001260                        __tbss_end = .
 *(SORT_BY_ALIGNMENT(SORT_BY_NAME(.bss*)))
 .bss.default_alarm_pool_entries
                0x20001260      0x180 CMakeFiles/interprete.dir/home/jfvera/pico/pico-sdk/src/common/pico_time/time.c.o
 .bss.last_avail_time.1
                0x200013e0        0x8 CMakeFiles/interprete.dir/home/jfvera/pico/pico-sdk/src/rp2_common/pico_stdio_usb/stdio_usb.c.o
 .bss.sd_table  0x200013e8      0x100 CMakeFiles/interprete.dir/home/jfvera/pico/pico-sdk/src/rp2_common/pico_double/double_init_rom_rp2040.c.o
                0x200013e8                sd_table
 .bss.sf_table  0x200014e8      0x100 CMakeFiles/interprete.dir/home/jfvera/pico/pico-sdk/src/rp2_common/pico_float/float_init_rom_rp2040.c.o
                0x200014e8                sf_table
 .bss           0x200015e8       0x1c /usr/lib/gcc/arm-none-eabi/14.2.1/thumb/v6-m/nofp/crtbegin.o
 .bss           0x20001604      0x13c /usr/lib/gcc/arm-none-eabi/14.2.1/../../../arm-none-eabi/lib/thumb/v6-m/nofp/libg.a(libc_a-findfp.o)
                0x20001604                __stdio_exit_handler
                0x20001608                __sf
 .bss           0x20001740      0x190 /usr/lib/gcc/arm-none-eabi/14.2.1/../../../arm-none-eabi/lib/thumb/v6-m/nofp/libg.a(libc_a-__atexit.o)
                0x20001740                __atexit0
 .bss           0x200018d0        0x4 /usr/lib/gcc/arm-none-eabi/14.2.1/../../../arm-none-eabi/lib/thumb/v6-m/nofp/libg.a(libc_a-__call_atexit.o)
                0x200018d0                __atexit
 .bss._app_driver
                0x200018d4        0x4 CMakeFiles/interprete.dir/home/jfvera/pico/pico-sdk/lib/tinyusb/src/device/usbd.c.o
 .bss._cdcd_epbuf
                0x200018d8       0x80 CMakeFiles/interprete.dir/home/jfvera/pico/pico-sdk/lib/tinyusb/src/class/cdc/cdc_device.c.o
 .bss._cdcd_fifo_cfg
                0x20001958        0x1 CMakeFiles/interprete.dir/home/jfvera/pico/pico-sdk/lib/tinyusb/src/class/cdc/cdc_device.c.o
 *fill*         0x20001959        0x3 
 .bss._cdcd_itf
                0x2000195c       0xc8 CMakeFiles/interprete.dir/home/jfvera/pico/pico-sdk/lib/tinyusb/src/class/cdc/cdc_device.c.o
 .bss._ctrl_epbuf
                0x20001a24       0x40 CMakeFiles/interprete.dir/home/jfvera/pico/pico-sdk/lib/tinyusb/src/device/usbd_control.c.o
 .bss._ctrl_xfer
                0x20001a64       0x14 CMakeFiles/interprete.dir/home/jfvera/pico/pico-sdk/lib/tinyusb/src/device/usbd_control.c.o
 .bss._tusb_rhport_role
                0x20001a78        0x2 CMakeFiles/interprete.dir/home/jfvera/pico/pico-sdk/lib/tinyusb/src/tusb.c.o
                0x20001a78                _tusb_rhport_role
 *fill*         0x20001a7a        0x2 
 .bss._ubsd_mutexdef
                0x20001a7c        0x8 CMakeFiles/interprete.dir/home/jfvera/pico/pico-sdk/lib/tinyusb/src/device/usbd.c.o
 .bss._usbd_dev
                0x20001a84       0x54 CMakeFiles/interprete.dir/home/jfvera/pico/pico-sdk/lib/tinyusb/src/device/usbd.c.o
 .bss._usbd_mutex
                0x20001ad8        0x4 CMakeFiles/interprete.dir/home/jfvera/pico/pico-sdk/lib/tinyusb/src/device/usbd.c.o
 .bss._usbd_q   0x20001adc        0x4 CMakeFiles/interprete.dir/home/jfvera/pico/pico-sdk/lib/tinyusb/src/device/usbd.c.o
 .bss._usbd_qdef_buf
                0x20001ae0       0xc0 CMakeFiles/interprete.dir/home/jfvera/pico/pico-sdk/lib/tinyusb/src/device/usbd.c.o
                0x20001ae0                _usbd_qdef_buf
 .bss._vendord_epbuf
                0x20001ba0       0x80 CMakeFiles/interprete.dir/home/jfvera/pico/pico-sdk/lib/tinyusb/src/class/vendor/vendor_device.c.o
 .bss._vendord_itf
                0x20001c20      0x24c CMakeFiles/interprete.dir/home/jfvera/pico/pico-sdk/lib/tinyusb/src/class/vendor/vendor_device.c.o
 .bss.boot2_copyout
                0x20001e6c      0x100 CMakeFiles/interprete.dir/home/jfvera/pico/pico-sdk/src/rp2_common/hardware_flash/flash.c.o
 .bss.chars_available_callback
                0x20001f6c        0x4 CMakeFiles/interprete.dir/home/jfvera/pico/pico-sdk/src/rp2_common/pico_stdio_uart/stdio_uart.c.o
 .bss.chars_available_callback
                0x20001f70        0x4 CMakeFiles/interprete.dir/home/jfvera/pico/pico-sdk/src/rp2_common/pico_stdio_usb/stdio_usb.c.o
 .bss.chars_available_param
                0x20001f74        0x4 CMakeFiles/interprete.dir/home/jfvera/pico/pico-sdk/src/rp2_common/pico_stdio_uart/stdio_uart.c.o
 .bss.chars_available_param
                0x20001f78        0x4 CMakeFiles/interprete.dir/home/jfvera/pico/pico-sdk/src/rp2_common/pico_stdio_usb/stdio_usb.c.o
 .bss.claimed   0x20001f7c        0x4 CMakeFiles/interprete.dir/home/jfvera/pico/pico-sdk/src/rp2_common/hardware_sync/sync.c.o
 .bss.claimed   0x20001f80        0x1 CMakeFiles/interprete.dir/home/jfvera/pico/pico-sdk/src/rp2_common/hardware_timer/timer.c.o
 *fill*         0x20001f81        0x3 
 .bss.configured_freq
                0x20001f84       0x28 CMakeFiles/interprete.dir/home/jfvera/pico/pico-sdk/src/rp2_common/hardware_clocks/clocks.c.o
 .bss.desc_str.0
                0x20001fac       0x28 CMakeFiles/interprete.dir/home/jfvera/pico/pico-sdk/src/rp2_common/pico_stdio_usb/stdio_usb_descriptors.c.o
 .bss.drivers   0x20001fd4        0x4 CMakeFiles/interprete.dir/home/jfvera/pico/pico-sdk/src/rp2_common/pico_stdio/stdio.c.o
 .bss.e15_last_sof
                0x20001fd8        0x4 CMakeFiles/interprete.dir/home/jfvera/pico/pico-sdk/lib/tinyusb/src/portable/raspberrypi/rp2040/rp2040_usb.c.o
                0x20001fd8                e15_last_sof
 .bss.filter    0x20001fdc        0x4 CMakeFiles/interprete.dir/home/jfvera/pico/pico-sdk/src/rp2_common/pico_stdio/stdio.c.o
 .bss.hw_endpoints
                0x20001fe0      0x400 CMakeFiles/interprete.dir/home/jfvera/pico/pico-sdk/lib/tinyusb/src/portable/raspberrypi/rp2040/dcd_rp2040.c.o
 .bss.lazy_vsnprintf
                0x200023e0        0x4 CMakeFiles/interprete.dir/home/jfvera/pico/pico-sdk/src/rp2_common/pico_printf/printf.c.o
 .bss.load_value
                0x200023e4        0x4 CMakeFiles/interprete.dir/home/jfvera/pico/pico-sdk/src/rp2_common/hardware_watchdog/watchdog.c.o
 .bss.next_buffer_ptr
                0x200023e8        0x4 CMakeFiles/interprete.dir/home/jfvera/pico/pico-sdk/lib/tinyusb/src/portable/raspberrypi/rp2040/dcd_rp2040.c.o
 .bss.one_shot_timer_crit_sec
                0x200023ec        0x8 CMakeFiles/interprete.dir/home/jfvera/pico/pico-sdk/src/rp2_common/pico_stdio_usb/stdio_usb.c.o
 .bss.pools     0x200023f4       0x10 CMakeFiles/interprete.dir/home/jfvera/pico/pico-sdk/src/common/pico_time/time.c.o
 .bss.retrieved_id
                0x20002404        0x8 CMakeFiles/interprete.dir/home/jfvera/pico/pico-sdk/src/rp2_common/pico_unique_id/unique_id.c.o
 .bss.sf_clz_func
                0x2000240c        0x4 CMakeFiles/interprete.dir/home/jfvera/pico/pico-sdk/src/rp2_common/pico_double/double_init_rom_rp2040.c.o
                0x2000240c                sf_clz_func
 .bss.sleep_notifier
                0x20002410        0x4 CMakeFiles/interprete.dir/home/jfvera/pico/pico-sdk/src/common/pico_time/time.c.o
 .bss.stdio_usb_mutex
                0x20002414        0x8 CMakeFiles/interprete.dir/home/jfvera/pico/pico-sdk/src/rp2_common/pico_stdio_usb/stdio_usb.c.o
 .bss.uart_char_to_line_feed
                0x2000241c        0x4 CMakeFiles/interprete.dir/home/jfvera/pico/pico-sdk/src/rp2_common/hardware_uart/uart.c.o
                0x2000241c                uart_char_to_line_feed
 .bss.uart_instance
                0x20002420        0x4 CMakeFiles/interprete.dir/home/jfvera/pico/pico-sdk/src/rp2_common/pico_stdio_uart/stdio_uart.c.o
 .bss.usbd_serial_str
                0x20002424       0x11 CMakeFiles/interprete.dir/home/jfvera/pico/pico-sdk/src/rp2_common/pico_stdio_usb/stdio_usb_descriptors.c.o
 .bss._app_driver_count
                0x20002435        0x1 CMakeFiles/interprete.dir/home/jfvera/pico/pico-sdk/lib/tinyusb/src/device/usbd.c.o
 .bss._sof_enable
                0x20002436        0x1 CMakeFiles/interprete.dir/home/jfvera/pico/pico-sdk/lib/tinyusb/src/portable/raspberrypi/rp2040/dcd_rp2040.c.o
 .bss._usbd_queued_setup
                0x20002437        0x1 CMakeFiles/interprete.dir/home/jfvera/pico/pico-sdk/lib/tinyusb/src/device/usbd.c.o
 .bss.boot2_copyout_valid
                0x20002438        0x1 CMakeFiles/interprete.dir/home/jfvera/pico/pico-sdk/src/rp2_common/hardware_flash/flash.c.o
 .bss.irq_handler_chain_free_slot_head
                0x20002439        0x1 CMakeFiles/interprete.dir/home/jfvera/pico/pico-sdk/src/rp2_common/hardware_irq/irq.c.o
 .bss.itf_num   0x2000243a        0x1 CMakeFiles/interprete.dir/home/jfvera/pico/pico-sdk/src/rp2_common/pico_stdio_usb/reset_interface.c.o
 .bss.low_priority_irq_num
                0x2000243b        0x1 CMakeFiles/interprete.dir/home/jfvera/pico/pico-sdk/src/rp2_common/pico_stdio_usb/stdio_usb.c.o
 .bss.one_shot_timer_pending
                0x2000243c        0x1 CMakeFiles/interprete.dir/home/jfvera/pico/pico-sdk/src/rp2_common/pico_stdio_usb/stdio_usb.c.o
 .bss.user_irq_claimed
                0x2000243d        0x1 CMakeFiles/interprete.dir/home/jfvera/pico/pico-sdk/src/rp2_common/hardware_irq/irq.c.o
 *(COMMON)
                0x20002440                        . = ALIGN (0x4)
 *fill*         0x2000243e        0x2 
                0x20002440                        __bss_end__ = .

.heap           0x20002440      0x800 load address 0x100066d8
                0x20002440                        __end__ = .
                0x20002440                        end = __end__
 *(.heap*)
 .heap          0x20002440      0x800 CMakeFiles/interprete.dir/home/jfvera/pico/pico-sdk/src/rp2_common/pico_crt0/crt0.S.o
                0x20040000                        __HeapLimit = (ORIGIN (RAM) + LENGTH (RAM))

.scratch_x      0x20040000        0x0 load address 0x100066d8
                0x20040000                        __scratch_x_start__ = .
 *(.scratch_x.*)
                0x20040000                        . = ALIGN (0x4)
                0x20040000                        __scratch_x_end__ = .
                0x100066d8                        __scratch_x_source__ = LOADADDR (.scratch_x)

.scratch_y      0x20041000        0x0 load address 0x100066d8
                0x20041000                        __scratch_y_start__ = .
 *(.scratch_y.*)
                0x20041000                        . = ALIGN (0x4)
                0x20041000                        __scratch_y_end__ = .
                0x100066d8                        __scratch_y_source__ = LOADADDR (.scratch_y)

.stack1_dummy
 *(.stack1*)

.stack_dummy    0x20041000      0x800
 *(.stack*)
 .stack         0x20041000      0x800 CMakeFiles/interprete.dir/home/jfvera/pico/pico-sdk/src/rp2_common/pico_crt0/crt0.S.o

.rel.dyn        0x20041800        0x0
 .rel.iplt      0x20041800        0x0 /usr/lib/gcc/arm-none-eabi/14.2.1/thumb/v6-m/nofp/crtbegin.o

.flash_end      0x100066d8        0x0
 *(.embedded_end_block*)
                0x100066d8                        PROVIDE (__flash_binary_end = .)
                0x20040000                        __StackLimit = (ORIGIN (RAM) + LENGTH (RAM))
                0x20041000                        __StackOneTop = (ORIGIN (SCRATCH_X) + LENGTH (SCRATCH_X))
                0x20042000                        __StackTop = (ORIGIN (SCRATCH_Y) + LENGTH (SCRATCH_Y))
                0x20041000                        __StackOneBottom = (__StackOneTop - SIZEOF (.stack1_dummy))
                0x20041800                        __StackBottom = (__StackTop - SIZEOF (.stack_dummy))
                0x20042000                        PROVIDE (__stack = __StackTop)
                [!provide]                        PROVIDE (__heap_start = __end__)
                [!provide]                        PROVIDE (__heap_end = __HeapLimit)
                [!provide]                        PROVIDE (__tls_align = MAX (ALIGNOF (.tdata), ALIGNOF (.tbss)))
                [!provide]                        PROVIDE (__tls_size_align = (((__tls_size + __tls_align) - 0x1) & ~ ((__tls_align - 0x1))))
                [!provide]                        PROVIDE (__arm32_tls_tcb_offset = MAX (0x8, __tls_align))
                [!provide]                        PROVIDE (_end = __end__)
                [!provide]                        PROVIDE (__llvm_libc_heap_limit = __HeapLimit)
                0x00000001                        ASSERT ((__StackLimit >= __HeapLimit), region RAM overflowed)
                0x00000001                        ASSERT (((__binary_info_header_end - __logical_binary_start) <= 0x100), Binary info must be in first 256 bytes of the binary)
LOAD CMakeFiles/interprete.dir/src/main.c.o
LOAD CMakeFiles/interprete.dir/src/bios.S.o
LOAD CMakeFiles/interprete.dir/home/jfvera/pico/pico-sdk/src/rp2_common/pico_stdlib/stdlib.c.o
LOAD CMakeFiles/interprete.dir/home/jfvera/pico/pico-sdk/src/rp2_common/hardware_gpio/gpio.c.o
LOAD CMakeFiles/interprete.dir/home/jfvera/pico/pico-sdk/src/rp2040/pico_platform/platform.c.o
LOAD CMakeFiles/interprete.dir/home/jfvera/pico/pico-sdk/src/rp2_common/pico_platform_common/common.c.o
LOAD CMakeFiles/interprete.dir/home/jfvera/pico/pico-sdk/src/rp2_common/pico_platform_panic/panic.c.o
LOAD CMakeFiles/interprete.dir/home/jfvera/pico/pico-sdk/src/common/hardware_claim/claim.c.o
LOAD CMakeFiles/interprete.dir/home/jfvera/pico/pico-sdk/src/rp2_common/hardware_sync/sync.c.o
LOAD CMakeFiles/interprete.dir/home/jfvera/pico/pico-sdk/src/rp2_common/hardware_sync_spin_lock/sync_spin_lock.c.o
LOAD CMakeFiles/interprete.dir/home/jfvera/pico/pico-sdk/src/rp2_common/hardware_irq/irq.c.o
LOAD CMakeFiles/interprete.dir/home/jfvera/pico/pico-sdk/src/rp2_common/hardware_irq/irq_handler_chain.S.o
LOAD CMakeFiles/interprete.dir/home/jfvera/pico/pico-sdk/src/common/pico_sync/sem.c.o
LOAD CMakeFiles/interprete.dir/home/jfvera/pico/pico-sdk/src/common/pico_sync/lock_core.c.o
LOAD CMakeFiles/interprete.dir/home/jfvera/pico/pico-sdk/src/common/pico_sync/mutex.c.o
LOAD CMakeFiles/interprete.dir/home/jfvera/pico/pico-sdk/src/common/pico_sync/critical_section.c.o
LOAD CMakeFiles/interprete.dir/home/jfvera/pico/pico-sdk/src/common/pico_time/time.c.o
LOAD CMakeFiles/interprete.dir/home/jfvera/pico/pico-sdk/src/common/pico_time/timeout_helper.c.o
LOAD CMakeFiles/interprete.dir/home/jfvera/pico/pico-sdk/src/rp2_common/hardware_timer/timer.c.o
LOAD CMakeFiles/interprete.dir/home/jfvera/pico/pico-sdk/src/common/pico_util/datetime.c.o
LOAD CMakeFiles/interprete.dir/home/jfvera/pico/pico-sdk/src/common/pico_util/pheap.c.o
LOAD CMakeFiles/interprete.dir/home/jfvera/pico/pico-sdk/src/common/pico_util/queue.c.o
LOAD CMakeFiles/interprete.dir/home/jfvera/pico/pico-sdk/src/rp2_common/hardware_uart/uart.c.o
LOAD CMakeFiles/interprete.dir/home/jfvera/pico/pico-sdk/src/rp2_common/hardware_clocks/clocks.c.o
LOAD CMakeFiles/interprete.dir/home/jfvera/pico/pico-sdk/src/rp2_common/hardware_pll/pll.c.o
LOAD CMakeFiles/interprete.dir/home/jfvera/pico/pico-sdk/src/rp2_common/hardware_vreg/vreg.c.o
LOAD CMakeFiles/interprete.dir/home/jfvera/pico/pico-sdk/src/rp2_common/hardware_watchdog/watchdog.c.o
LOAD CMakeFiles/interprete.dir/home/jfvera/pico/pico-sdk/src/rp2_common/hardware_ticks/ticks.c.o
LOAD CMakeFiles/interprete.dir/home/jfvera/pico/pico-sdk/src/rp2_common/pico_bootrom/bootrom.c.o
LOAD CMakeFiles/interprete.dir/home/jfvera/pico/pico-sdk/src/rp2_common/pico_bootrom/bootrom_lock.c.o
LOAD CMakeFiles/interprete.dir/home/jfvera/pico/pico-sdk/src/rp2_common/hardware_boot_lock/boot_lock.c.o
LOAD CMakeFiles/interprete.dir/home/jfvera/pico/pico-sdk/src/rp2_common/pico_flash/flash.c.o
LOAD CMakeFiles/interprete.dir/home/jfvera/pico/pico-sdk/src/rp2_common/hardware_xosc/xosc.c.o
LOAD CMakeFiles/interprete.dir/home/jfvera/pico/pico-sdk/src/rp2_common/hardware_divider/divider.S.o
LOAD CMakeFiles/interprete.dir/home/jfvera/pico/pico-sdk/src/rp2_common/pico_runtime/runtime.c.o
LOAD CMakeFiles/interprete.dir/home/jfvera/pico/pico-sdk/src/rp2_common/pico_runtime_init/runtime_init.c.o
LOAD CMakeFiles/interprete.dir/home/jfvera/pico/pico-sdk/src/rp2_common/pico_runtime_init/runtime_init_clocks.c.o
LOAD CMakeFiles/interprete.dir/home/jfvera/pico/pico-sdk/src/rp2_common/pico_runtime_init/runtime_init_stack_guard.c.o
LOAD CMakeFiles/interprete.dir/home/jfvera/pico/pico-sdk/src/rp2_common/pico_bit_ops/bit_ops_aeabi.S.o
LOAD CMakeFiles/interprete.dir/home/jfvera/pico/pico-sdk/src/rp2_common/pico_divider/divider_hardware.S.o
LOAD CMakeFiles/interprete.dir/home/jfvera/pico/pico-sdk/src/rp2_common/pico_double/double_aeabi_rp2040.S.o
LOAD CMakeFiles/interprete.dir/home/jfvera/pico/pico-sdk/src/rp2_common/pico_double/double_init_rom_rp2040.c.o
LOAD CMakeFiles/interprete.dir/home/jfvera/pico/pico-sdk/src/rp2_common/pico_double/double_math.c.o
LOAD CMakeFiles/interprete.dir/home/jfvera/pico/pico-sdk/src/rp2_common/pico_double/double_v1_rom_shim_rp2040.S.o
LOAD CMakeFiles/interprete.dir/home/jfvera/pico/pico-sdk/src/rp2_common/pico_int64_ops/pico_int64_ops_aeabi.S.o
LOAD CMakeFiles/interprete.dir/home/jfvera/pico/pico-sdk/src/rp2_common/pico_float/float_aeabi_rp2040.S.o
LOAD CMakeFiles/interprete.dir/home/jfvera/pico/pico-sdk/src/rp2_common/pico_float/float_init_rom_rp2040.c.o
LOAD CMakeFiles/interprete.dir/home/jfvera/pico/pico-sdk/src/rp2_common/pico_float/float_math.c.o
LOAD CMakeFiles/interprete.dir/home/jfvera/pico/pico-sdk/src/rp2_common/pico_float/float_v1_rom_shim_rp2040.S.o
LOAD CMakeFiles/interprete.dir/home/jfvera/pico/pico-sdk/src/rp2_common/pico_malloc/malloc.c.o
LOAD CMakeFiles/interprete.dir/home/jfvera/pico/pico-sdk/src/rp2_common/pico_mem_ops/mem_ops_aeabi.S.o
LOAD CMakeFiles/interprete.dir/home/jfvera/pico/pico-sdk/src/rp2_common/pico_atomic/atomic.c.o
LOAD CMakeFiles/interprete.dir/home/jfvera/pico/pico-sdk/src/rp2_common/pico_cxx_options/new_delete.cpp.o
LOAD CMakeFiles/interprete.dir/home/jfvera/pico/pico-sdk/src/rp2_common/pico_standard_binary_info/standard_binary_info.c.o
LOAD CMakeFiles/interprete.dir/home/jfvera/pico/pico-sdk/src/rp2_common/pico_printf/printf.c.o
LOAD CMakeFiles/interprete.dir/home/jfvera/pico/pico-sdk/src/rp2_common/pico_crt0/crt0.S.o
LOAD CMakeFiles/interprete.dir/home/jfvera/pico/pico-sdk/src/rp2_common/pico_clib_interface/newlib_interface.c.o
LOAD CMakeFiles/interprete.dir/home/jfvera/pico/pico-sdk/src/rp2_common/pico_stdio/stdio.c.o
LOAD CMakeFiles/interprete.dir/home/jfvera/pico/pico-sdk/src/rp2_common/pico_stdio_uart/stdio_uart.c.o
LOAD CMakeFiles/interprete.dir/home/jfvera/pico/pico-sdk/src/rp2_common/pico_stdio_usb/reset_interface.c.o
LOAD CMakeFiles/interprete.dir/home/jfvera/pico/pico-sdk/src/rp2_common/pico_stdio_usb/stdio_usb.c.o
LOAD CMakeFiles/interprete.dir/home/jfvera/pico/pico-sdk/src/rp2_common/pico_stdio_usb/stdio_usb_descriptors.c.o
LOAD CMakeFiles/interprete.dir/home/jfvera/pico/pico-sdk/src/rp2_common/pico_unique_id/unique_id.c.o
LOAD CMakeFiles/interprete.dir/home/jfvera/pico/pico-sdk/src/rp2_common/hardware_flash/flash.c.o
LOAD CMakeFiles/interprete.dir/home/jfvera/pico/pico-sdk/src/rp2_common/hardware_xip_cache/xip_cache.c.o
LOAD CMakeFiles/interprete.dir/home/jfvera/pico/pico-sdk/lib/tinyusb/src/portable/raspberrypi/rp2040/dcd_rp2040.c.o
LOAD CMakeFiles/interprete.dir/home/jfvera/pico/pico-sdk/lib/tinyusb/src/portable/raspberrypi/rp2040/rp2040_usb.c.o
LOAD CMakeFiles/interprete.dir/home/jfvera/pico/pico-sdk/lib/tinyusb/src/device/usbd.c.o
LOAD CMakeFiles/interprete.dir/home/jfvera/pico/pico-sdk/lib/tinyusb/src/device/usbd_control.c.o
LOAD CMakeFiles/interprete.dir/home/jfvera/pico/pico-sdk/lib/tinyusb/src/class/audio/audio_device.c.o
LOAD CMakeFiles/interprete.dir/home/jfvera/pico/pico-sdk/lib/tinyusb/src/class/cdc/cdc_device.c.o
LOAD CMakeFiles/interprete.dir/home/jfvera/pico/pico-sdk/lib/tinyusb/src/class/dfu/dfu_device.c.o
LOAD CMakeFiles/interprete.dir/home/jfvera/pico/pico-sdk/lib/tinyusb/src/class/dfu/dfu_rt_device.c.o
LOAD CMakeFiles/interprete.dir/home/jfvera/pico/pico-sdk/lib/tinyusb/src/class/hid/hid_device.c.o
LOAD CMakeFiles/interprete.dir/home/jfvera/pico/pico-sdk/lib/tinyusb/src/class/midi/midi_device.c.o
LOAD CMakeFiles/interprete.dir/home/jfvera/pico/pico-sdk/lib/tinyusb/src/class/msc/msc_device.c.o
LOAD CMakeFiles/interprete.dir/home/jfvera/pico/pico-sdk/lib/tinyusb/src/class/net/ecm_rndis_device.c.o
LOAD CMakeFiles/interprete.dir/home/jfvera/pico/pico-sdk/lib/tinyusb/src/class/net/ncm_device.c.o
LOAD CMakeFiles/interprete.dir/home/jfvera/pico/pico-sdk/lib/tinyusb/src/class/usbtmc/usbtmc_device.c.o
LOAD CMakeFiles/interprete.dir/home/jfvera/pico/pico-sdk/lib/tinyusb/src/class/vendor/vendor_device.c.o
LOAD CMakeFiles/interprete.dir/home/jfvera/pico/pico-sdk/lib/tinyusb/src/class/video/video_device.c.o
LOAD CMakeFiles/interprete.dir/home/jfvera/pico/pico-sdk/lib/tinyusb/src/tusb.c.o
LOAD CMakeFiles/interprete.dir/home/jfvera/pico/pico-sdk/lib/tinyusb/src/common/tusb_fifo.c.o
LOAD CMakeFiles/interprete.dir/home/jfvera/pico/pico-sdk/src/rp2_common/pico_fix/rp2040_usb_device_enumeration/rp2040_usb_device_enumeration.c.o
LOAD pico-sdk/src/rp2040/boot_stage2/CMakeFiles/bs2_default_library.dir/bs2_default_padded_checksummed.S.o
LOAD /usr/lib/gcc/arm-none-eabi/14.2.1/../../../arm-none-eabi/lib/thumb/v6-m/nofp/libstdc++.a
LOAD /usr/lib/gcc/arm-none-eabi/14.2.1/../../../arm-none-eabi/lib/thumb/v6-m/nofp/libm.a
START GROUP
LOAD /usr/lib/gcc/arm-none-eabi/14.2.1/thumb/v6-m/nofp/libgcc.a
LOAD /usr/lib/gcc/arm-none-eabi/14.2.1/../../../arm-none-eabi/lib/thumb/v6-m/nofp/libg.a
LOAD /usr/lib/gcc/arm-none-eabi/14.2.1/../../../arm-none-eabi/lib/thumb/v6-m/nofp/libc.a
END GROUP
START GROUP
LOAD /usr/lib/gcc/arm-none-eabi/14.2.1/thumb/v6-m/nofp/libgcc.a
LOAD /usr/lib/gcc/arm-none-eabi/14.2.1/../../../arm-none-eabi/lib/thumb/v6-m/nofp/libc.a
LOAD /usr/lib/gcc/arm-none-eabi/14.2.1/../../../arm-none-eabi/lib/thumb/v6-m/nofp/libnosys.a
END GROUP
LOAD /usr/lib/gcc/arm-none-eabi/14.2.1/thumb/v6-m/nofp/crtend.o
LOAD /usr/lib/gcc/arm-none-eabi/14.2.1/thumb/v6-m/nofp/crtn.o
OUTPUT(interprete.elf elf32-littlearm)
LOAD linker stubs

.ARM.attributes
                0x00000000       0x28
 .ARM.attributes
                0x00000000       0x1e /usr/lib/gcc/arm-none-eabi/14.2.1/thumb/v6-m/nofp/crti.o
 .ARM.attributes
                0x0000001e       0x2c /usr/lib/gcc/arm-none-eabi/14.2.1/thumb/v6-m/nofp/crtbegin.o
 .ARM.attributes
                0x0000004a       0x2c CMakeFiles/interprete.dir/src/main.c.o
 .ARM.attributes
                0x00000076       0x22 CMakeFiles/interprete.dir/src/bios.S.o
 .ARM.attributes
                0x00000098       0x2c CMakeFiles/interprete.dir/home/jfvera/pico/pico-sdk/src/rp2_common/hardware_gpio/gpio.c.o
 .ARM.attributes
                0x000000c4       0x2c CMakeFiles/interprete.dir/home/jfvera/pico/pico-sdk/src/rp2040/pico_platform/platform.c.o
 .ARM.attributes
                0x000000f0       0x2c CMakeFiles/interprete.dir/home/jfvera/pico/pico-sdk/src/rp2_common/pico_platform_panic/panic.c.o
 .ARM.attributes
                0x0000011c       0x2c CMakeFiles/interprete.dir/home/jfvera/pico/pico-sdk/src/common/hardware_claim/claim.c.o
 .ARM.attributes
                0x00000148       0x2c CMakeFiles/interprete.dir/home/jfvera/pico/pico-sdk/src/rp2_common/hardware_sync/sync.c.o
 .ARM.attributes
                0x00000174       0x2c CMakeFiles/interprete.dir/home/jfvera/pico/pico-sdk/src/rp2_common/hardware_sync_spin_lock/sync_spin_lock.c.o
 .ARM.attributes
                0x000001a0       0x2c CMakeFiles/interprete.dir/home/jfvera/pico/pico-sdk/src/rp2_common/hardware_irq/irq.c.o
 .ARM.attributes
                0x000001cc       0x22 CMakeFiles/interprete.dir/home/jfvera/pico/pico-sdk/src/rp2_common/hardware_irq/irq_handler_chain.S.o
 .ARM.attributes
                0x000001ee       0x2c CMakeFiles/interprete.dir/home/jfvera/pico/pico-sdk/src/common/pico_sync/lock_core.c.o
 .ARM.attributes
                0x0000021a       0x2c CMakeFiles/interprete.dir/home/jfvera/pico/pico-sdk/src/common/pico_sync/mutex.c.o
 .ARM.attributes